../Core/Src/main.c:105:5:main	8	static
../Core/Src/main.c:195:6:SystemClock_Config	160	static
../Core/Src/main.c:243:13:MX_TIM3_Init	40	static
../Core/Src/main.c:288:13:MX_USART2_UART_Init	8	static
../Core/Src/main.c:323:13:MX_GPIO_Init	48	static
../Core/Src/main.c:391:6:StartDefaultTask	24	static
../Core/Src/main.c:434:6:Taster_Treiber_Task	16	static
../Core/Src/main.c:449:6:StartDisplayTask	16	static
../Core/Src/main.c:461:6:stopwatchCallback	16	static
../Core/Src/main.c:476:6:HAL_TIM_PeriodElapsedCallback	16	static
../Core/Src/main.c:493:6:Error_Handler	4	static,ignoring_inline_asm
