../Core/Src/main.c:105:5:main	8	static
../Core/Src/main.c:195:6:SystemClock_Config	160	static
../Core/Src/main.c:243:13:MX_TIM3_Init	40	static
../Core/Src/main.c:288:13:MX_USART2_UART_Init	8	static
../Core/Src/main.c:323:13:MX_GPIO_Init	48	static
../Core/Src/main.c:398:6:StartDefaultTask	16	static
../Core/Src/main.c:460:6:beep	16	static
../Core/Src/main.c:466:6:countDownTimer	8	static
../Core/Src/main.c:482:6:countUpStopuhr	4	static
../Core/Src/main.c:493:6:stopuhrRunning	8	static
../Core/Src/main.c:521:6:switchMode	8	static
../Core/Src/main.c:546:6:Taster_Treiber_Task	16	static
../Core/Src/main.c:561:6:StartDisplayTask	16	static
../Core/Src/main.c:573:6:stopwatchCallback	16	static
../Core/Src/main.c:588:6:HAL_TIM_PeriodElapsedCallback	16	static
../Core/Src/main.c:605:6:Error_Handler	4	static,ignoring_inline_asm
