Archive member included to satisfy reference by file (symbol)

/Applications/STM32CubeIDE.app/Contents/Eclipse/plugins/com.st.stm32cube.ide.mcu.externaltools.gnu-tools-for-stm32.10.3-2021.10.macos64_1.0.200.202301161003/tools/bin/../lib/gcc/arm-none-eabi/10.3.1/../../../../arm-none-eabi/lib/thumb/v7e-m+fp/hard/libc_nano.a(lib_a-errno.o)
                              ./Core/Src/syscalls.o (__errno)
/Applications/STM32CubeIDE.app/Contents/Eclipse/plugins/com.st.stm32cube.ide.mcu.externaltools.gnu-tools-for-stm32.10.3-2021.10.macos64_1.0.200.202301161003/tools/bin/../lib/gcc/arm-none-eabi/10.3.1/../../../../arm-none-eabi/lib/thumb/v7e-m+fp/hard/libc_nano.a(lib_a-exit.o)
                              /Applications/STM32CubeIDE.app/Contents/Eclipse/plugins/com.st.stm32cube.ide.mcu.externaltools.gnu-tools-for-stm32.10.3-2021.10.macos64_1.0.200.202301161003/tools/bin/../lib/gcc/arm-none-eabi/10.3.1/../../../../arm-none-eabi/lib/thumb/v7e-m+fp/hard/crt0.o (exit)
/Applications/STM32CubeIDE.app/Contents/Eclipse/plugins/com.st.stm32cube.ide.mcu.externaltools.gnu-tools-for-stm32.10.3-2021.10.macos64_1.0.200.202301161003/tools/bin/../lib/gcc/arm-none-eabi/10.3.1/../../../../arm-none-eabi/lib/thumb/v7e-m+fp/hard/libc_nano.a(lib_a-findfp.o)
                              ./Middlewares/Third_Party/FreeRTOS/Source/tasks.o (__sf_fake_stderr)
/Applications/STM32CubeIDE.app/Contents/Eclipse/plugins/com.st.stm32cube.ide.mcu.externaltools.gnu-tools-for-stm32.10.3-2021.10.macos64_1.0.200.202301161003/tools/bin/../lib/gcc/arm-none-eabi/10.3.1/../../../../arm-none-eabi/lib/thumb/v7e-m+fp/hard/libc_nano.a(lib_a-fwalk.o)
                              /Applications/STM32CubeIDE.app/Contents/Eclipse/plugins/com.st.stm32cube.ide.mcu.externaltools.gnu-tools-for-stm32.10.3-2021.10.macos64_1.0.200.202301161003/tools/bin/../lib/gcc/arm-none-eabi/10.3.1/../../../../arm-none-eabi/lib/thumb/v7e-m+fp/hard/libc_nano.a(lib_a-findfp.o) (_fwalk)
/Applications/STM32CubeIDE.app/Contents/Eclipse/plugins/com.st.stm32cube.ide.mcu.externaltools.gnu-tools-for-stm32.10.3-2021.10.macos64_1.0.200.202301161003/tools/bin/../lib/gcc/arm-none-eabi/10.3.1/../../../../arm-none-eabi/lib/thumb/v7e-m+fp/hard/libc_nano.a(lib_a-impure.o)
                              /Applications/STM32CubeIDE.app/Contents/Eclipse/plugins/com.st.stm32cube.ide.mcu.externaltools.gnu-tools-for-stm32.10.3-2021.10.macos64_1.0.200.202301161003/tools/bin/../lib/gcc/arm-none-eabi/10.3.1/../../../../arm-none-eabi/lib/thumb/v7e-m+fp/hard/libc_nano.a(lib_a-exit.o) (_global_impure_ptr)
/Applications/STM32CubeIDE.app/Contents/Eclipse/plugins/com.st.stm32cube.ide.mcu.externaltools.gnu-tools-for-stm32.10.3-2021.10.macos64_1.0.200.202301161003/tools/bin/../lib/gcc/arm-none-eabi/10.3.1/../../../../arm-none-eabi/lib/thumb/v7e-m+fp/hard/libc_nano.a(lib_a-init.o)
                              /Applications/STM32CubeIDE.app/Contents/Eclipse/plugins/com.st.stm32cube.ide.mcu.externaltools.gnu-tools-for-stm32.10.3-2021.10.macos64_1.0.200.202301161003/tools/bin/../lib/gcc/arm-none-eabi/10.3.1/../../../../arm-none-eabi/lib/thumb/v7e-m+fp/hard/crt0.o (__libc_init_array)
/Applications/STM32CubeIDE.app/Contents/Eclipse/plugins/com.st.stm32cube.ide.mcu.externaltools.gnu-tools-for-stm32.10.3-2021.10.macos64_1.0.200.202301161003/tools/bin/../lib/gcc/arm-none-eabi/10.3.1/../../../../arm-none-eabi/lib/thumb/v7e-m+fp/hard/libc_nano.a(lib_a-lock.o)
                              /Applications/STM32CubeIDE.app/Contents/Eclipse/plugins/com.st.stm32cube.ide.mcu.externaltools.gnu-tools-for-stm32.10.3-2021.10.macos64_1.0.200.202301161003/tools/bin/../lib/gcc/arm-none-eabi/10.3.1/../../../../arm-none-eabi/lib/thumb/v7e-m+fp/hard/libc_nano.a(lib_a-findfp.o) (__retarget_lock_init_recursive)
/Applications/STM32CubeIDE.app/Contents/Eclipse/plugins/com.st.stm32cube.ide.mcu.externaltools.gnu-tools-for-stm32.10.3-2021.10.macos64_1.0.200.202301161003/tools/bin/../lib/gcc/arm-none-eabi/10.3.1/../../../../arm-none-eabi/lib/thumb/v7e-m+fp/hard/libc_nano.a(lib_a-memcpy-stub.o)
                              ./Middlewares/Third_Party/FreeRTOS/Source/CMSIS_RTOS_V2/cmsis_os2.o (memcpy)
/Applications/STM32CubeIDE.app/Contents/Eclipse/plugins/com.st.stm32cube.ide.mcu.externaltools.gnu-tools-for-stm32.10.3-2021.10.macos64_1.0.200.202301161003/tools/bin/../lib/gcc/arm-none-eabi/10.3.1/../../../../arm-none-eabi/lib/thumb/v7e-m+fp/hard/libc_nano.a(lib_a-memset.o)
                              /Applications/STM32CubeIDE.app/Contents/Eclipse/plugins/com.st.stm32cube.ide.mcu.externaltools.gnu-tools-for-stm32.10.3-2021.10.macos64_1.0.200.202301161003/tools/bin/../lib/gcc/arm-none-eabi/10.3.1/../../../../arm-none-eabi/lib/thumb/v7e-m+fp/hard/crt0.o (memset)
/Applications/STM32CubeIDE.app/Contents/Eclipse/plugins/com.st.stm32cube.ide.mcu.externaltools.gnu-tools-for-stm32.10.3-2021.10.macos64_1.0.200.202301161003/tools/bin/../lib/gcc/arm-none-eabi/10.3.1/../../../../arm-none-eabi/lib/thumb/v7e-m+fp/hard/libc_nano.a(lib_a-nano-mallocr.o)
[...]
Memory Configuration

Name             Origin             Length             Attributes
CCMRAM           0x0000000010000000 0x0000000000004000 xrw
RAM              0x0000000020000000 0x0000000000010000 xrw
FLASH            0x0000000008000000 0x0000000000080000 xr
*default*        0x0000000000000000 0xffffffffffffffff

Linker script and memory map

LOAD /Applications/STM32CubeIDE.app/Contents/Eclipse/plugins/com.st.stm32cube.ide.mcu.externaltools.gnu-tools-for-stm32.10.3-2021.10.macos64_1.0.200.202301161003/tools/bin/../lib/gcc/arm-none-eabi/10.3.1/thumb/v7e-m+fp/hard/crti.o
LOAD /Applications/STM32CubeIDE.app/Contents/Eclipse/plugins/com.st.stm32cube.ide.mcu.externaltools.gnu-tools-for-stm32.10.3-2021.10.macos64_1.0.200.202301161003/tools/bin/../lib/gcc/arm-none-eabi/10.3.1/thumb/v7e-m+fp/hard/crtbegin.o
LOAD /Applications/STM32CubeIDE.app/Contents/Eclipse/plugins/com.st.stm32cube.ide.mcu.externaltools.gnu-tools-for-stm32.10.3-2021.10.macos64_1.0.200.202301161003/tools/bin/../lib/gcc/arm-none-eabi/10.3.1/../../../../arm-none-eabi/lib/thumb/v7e-m+fp/hard/crt0.o
LOAD ./Core/Src/LED_Treiber.o
LOAD ./Core/Src/Seg_Driver.o
LOAD ./Core/Src/Taster_Treiber.o
LOAD ./Core/Src/freertos.o
LOAD ./Core/Src/main.o
LOAD ./Core/Src/stm32f3xx_hal_msp.o
LOAD ./Core/Src/stm32f3xx_hal_timebase_tim.o
LOAD ./Core/Src/stm32f3xx_it.o
LOAD ./Core/Src/syscalls.o
LOAD ./Core/Src/sysmem.o
LOAD ./Core/Src/system_stm32f3xx.o
LOAD ./Core/Startup/startup_stm32f303retx.o
LOAD ./Drivers/STM32F3xx_HAL_Driver/Src/stm32f3xx_hal.o
LOAD ./Drivers/STM32F3xx_HAL_Driver/Src/stm32f3xx_hal_cortex.o
LOAD ./Drivers/STM32F3xx_HAL_Driver/Src/stm32f3xx_hal_dma.o
LOAD ./Drivers/STM32F3xx_HAL_Driver/Src/stm32f3xx_hal_exti.o
LOAD ./Drivers/STM32F3xx_HAL_Driver/Src/stm32f3xx_hal_flash.o
LOAD ./Drivers/STM32F3xx_HAL_Driver/Src/stm32f3xx_hal_flash_ex.o
LOAD ./Drivers/STM32F3xx_HAL_Driver/Src/stm32f3xx_hal_gpio.o
LOAD ./Drivers/STM32F3xx_HAL_Driver/Src/stm32f3xx_hal_i2c.o
LOAD ./Drivers/STM32F3xx_HAL_Driver/Src/stm32f3xx_hal_i2c_ex.o
LOAD ./Drivers/STM32F3xx_HAL_Driver/Src/stm32f3xx_hal_pwr.o
LOAD ./Drivers/STM32F3xx_HAL_Driver/Src/stm32f3xx_hal_pwr_ex.o
LOAD ./Drivers/STM32F3xx_HAL_Driver/Src/stm32f3xx_hal_rcc.o
LOAD ./Drivers/STM32F3xx_HAL_Driver/Src/stm32f3xx_hal_rcc_ex.o
LOAD ./Drivers/STM32F3xx_HAL_Driver/Src/stm32f3xx_hal_tim.o
LOAD ./Drivers/STM32F3xx_HAL_Driver/Src/stm32f3xx_hal_tim_ex.o
LOAD ./Drivers/STM32F3xx_HAL_Driver/Src/stm32f3xx_hal_uart.o
LOAD ./Drivers/STM32F3xx_HAL_Driver/Src/stm32f3xx_hal_uart_ex.o
LOAD ./Middlewares/Third_Party/FreeRTOS/Source/CMSIS_RTOS_V2/cmsis_os2.o
LOAD ./Middlewares/Third_Party/FreeRTOS/Source/croutine.o
LOAD ./Middlewares/Third_Party/FreeRTOS/Source/event_groups.o
LOAD ./Middlewares/Third_Party/FreeRTOS/Source/list.o
LOAD ./Middlewares/Third_Party/FreeRTOS/Source/queue.o
LOAD ./Middlewares/Third_Party/FreeRTOS/Source/stream_buffer.o
LOAD ./Middlewares/Third_Party/FreeRTOS/Source/tasks.o
LOAD ./Middlewares/Third_Party/FreeRTOS/Source/timers.o
LOAD ./Middlewares/Third_Party/FreeRTOS/Source/portable/GCC/ARM_CM4F/port.o
LOAD ./Middlewares/Third_Party/FreeRTOS/Source/portable/MemMang/heap_4.o
START GROUP
LOAD /Applications/STM32CubeIDE.app/Contents/Eclipse/plugins/com.st.stm32cube.ide.mcu.externaltools.gnu-tools-for-stm32.10.3-2021.10.macos64_1.0.200.202301161003/tools/bin/../lib/gcc/arm-none-eabi/10.3.1/../../../../arm-none-eabi/lib/thumb/v7e-m+fp/hard/libc_nano.a
LOAD /Applications/STM32CubeIDE.app/Contents/Eclipse/plugins/com.st.stm32cube.ide.mcu.externaltools.gnu-tools-for-stm32.10.3-2021.10.macos64_1.0.200.202301161003/tools/bin/../lib/gcc/arm-none-eabi/10.3.1/../../../../arm-none-eabi/lib/thumb/v7e-m+fp/hard/libm.a
END GROUP
START GROUP
LOAD /Applications/STM32CubeIDE.app/Contents/Eclipse/plugins/com.st.stm32cube.ide.mcu.externaltools.gnu-tools-for-stm32.10.3-2021.10.macos64_1.0.200.202301161003/tools/bin/../lib/gcc/arm-none-eabi/10.3.1/thumb/v7e-m+fp/hard/libgcc.a
LOAD /Applications/STM32CubeIDE.app/Contents/Eclipse/plugins/com.st.stm32cube.ide.mcu.externaltools.gnu-tools-for-stm32.10.3-2021.10.macos64_1.0.200.202301161003/tools/bin/../lib/gcc/arm-none-eabi/10.3.1/../../../../arm-none-eabi/lib/thumb/v7e-m+fp/hard/libc_nano.a
END GROUP
START GROUP
LOAD /Applications/STM32CubeIDE.app/Contents/Eclipse/plugins/com.st.stm32cube.ide.mcu.externaltools.gnu-tools-for-stm32.10.3-2021.10.macos64_1.0.200.202301161003/tools/bin/../lib/gcc/arm-none-eabi/10.3.1/thumb/v7e-m+fp/hard/libgcc.a
LOAD /Applications/STM32CubeIDE.app/Contents/Eclipse/plugins/com.st.stm32cube.ide.mcu.externaltools.gnu-tools-for-stm32.10.3-2021.10.macos64_1.0.200.202301161003/tools/bin/../lib/gcc/arm-none-eabi/10.3.1/../../../../arm-none-eabi/lib/thumb/v7e-m+fp/hard/libc_nano.a
LOAD /Applications/STM32CubeIDE.app/Contents/Eclipse/plugins/com.st.stm32cube.ide.mcu.externaltools.gnu-tools-for-stm32.10.3-2021.10.macos64_1.0.200.202301161003/tools/bin/../lib/gcc/arm-none-eabi/10.3.1/../../../../arm-none-eabi/lib/thumb/v7e-m+fp/hard/libnosys.a
END GROUP
START GROUP
LOAD /Applications/STM32CubeIDE.app/Contents/Eclipse/plugins/com.st.stm32cube.ide.mcu.externaltools.gnu-tools-for-stm32.10.3-2021.10.macos64_1.0.200.202301161003/tools/bin/../lib/gcc/arm-none-eabi/10.3.1/thumb/v7e-m+fp/hard/libgcc.a
LOAD /Applications/STM32CubeIDE.app/Contents/Eclipse/plugins/com.st.stm32cube.ide.mcu.externaltools.gnu-tools-for-stm32.10.3-2021.10.macos64_1.0.200.202301161003/tools/bin/../lib/gcc/arm-none-eabi/10.3.1/../../../../arm-none-eabi/lib/thumb/v7e-m+fp/hard/libc_nano.a
LOAD /Applications/STM32CubeIDE.app/Contents/Eclipse/plugins/com.st.stm32cube.ide.mcu.externaltools.gnu-tools-for-stm32.10.3-2021.10.macos64_1.0.200.202301161003/tools/bin/../lib/gcc/arm-none-eabi/10.3.1/../../../../arm-none-eabi/lib/thumb/v7e-m+fp/hard/libnosys.a
END GROUP
LOAD /Applications/STM32CubeIDE.app/Contents/Eclipse/plugins/com.st.stm32cube.ide.mcu.externaltools.gnu-tools-for-stm32.10.3-2021.10.macos64_1.0.200.202301161003/tools/bin/../lib/gcc/arm-none-eabi/10.3.1/thumb/v7e-m+fp/hard/crtend.o
LOAD /Applications/STM32CubeIDE.app/Contents/Eclipse/plugins/com.st.stm32cube.ide.mcu.externaltools.gnu-tools-for-stm32.10.3-2021.10.macos64_1.0.200.202301161003/tools/bin/../lib/gcc/arm-none-eabi/10.3.1/thumb/v7e-m+fp/hard/crtn.o
                0x0000000020010000                _estack = (ORIGIN (RAM) + LENGTH (RAM))
                0x0000000000000200                _Min_Heap_Size = 0x200
                0x0000000000000400                _Min_Stack_Size = 0x400

.isr_vector     0x0000000008000000      0x194
                0x0000000008000000                . = ALIGN (0x4)
 *(.isr_vector)
 .isr_vector    0x0000000008000000      0x194 ./Core/Startup/startup_stm32f303retx.o
                0x0000000008000000                g_pfnVectors
                0x0000000008000194                . = ALIGN (0x4)

.text           0x00000000080001a0     0x6d20
                0x00000000080001a0                . = ALIGN (0x4)
 *(.text)
 .text          0x00000000080001a0       0x40 /Applications/STM32CubeIDE.app/Contents/Eclipse/plugins/com.st.stm32cube.ide.mcu.externaltools.gnu-tools-for-stm32.10.3-2021.10.macos64_1.0.200.202301161003/tools/bin/../lib/gcc/arm-none-eabi/10.3.1/thumb/v7e-m+fp/hard/crtbegin.o
 *(.text*)
 .text.LED_Set  0x00000000080001e0       0x8c ./Core/Src/LED_Treiber.o
                0x00000000080001e0                LED_Set
 .text.WritePort
                0x000000000800026c       0x80 ./Core/Src/Seg_Driver.o
                0x000000000800026c                WritePort
 .text.WriteValue
                0x00000000080002ec      0x1f0 ./Core/Src/Seg_Driver.o
                0x00000000080002ec                WriteValue
 .text.SEG_Driver_Write
                0x00000000080004dc       0x38 ./Core/Src/Seg_Driver.o
                0x00000000080004dc                SEG_Driver_Write
 .text.SEG_Driver_Task_5ms
                0x0000000008000514       0x30 ./Core/Src/Seg_Driver.o
                0x0000000008000514                SEG_Driver_Task_5ms
 .text.Taster_Treiber_Init_Task
                0x0000000008000544       0x6c ./Core/Src/Taster_Treiber.o
                0x0000000008000544                Taster_Treiber_Init_Task
 .text.Taster_Get
                0x00000000080005b0       0x50 ./Core/Src/Taster_Treiber.o
                0x00000000080005b0                Taster_Get
 .text.main     0x0000000008000600       0x78 ./Core/Src/main.o
                0x0000000008000600                main
 .text.SystemClock_Config
                0x0000000008000678       0xc4 ./Core/Src/main.o
                0x0000000008000678                SystemClock_Config
 .text.MX_TIM3_Init
                0x000000000800073c       0x9c ./Core/Src/main.o
 .text.MX_USART2_UART_Init
                0x00000000080007d8       0x60 ./Core/Src/main.o
 .text.MX_GPIO_Init
                0x0000000008000838      0x12c ./Core/Src/main.o
 .text.StartDefaultTask
                0x0000000008000964      0x18c ./Core/Src/main.o
                0x0000000008000964                StartDefaultTask
 .text.beep     0x0000000008000af0       0x2c ./Core/Src/main.o
                0x0000000008000af0                beep
 .text.countDownTimer
                0x0000000008000b1c       0x7c ./Core/Src/main.o
                0x0000000008000b1c                countDownTimer
 .text.countUpStopuhr
                0x0000000008000b98       0x5c ./Core/Src/main.o
                0x0000000008000b98                countUpStopuhr
 .text.stopuhrRunning
                0x0000000008000bf4       0xc8 ./Core/Src/main.o
                0x0000000008000bf4                stopuhrRunning
 .text.switchMode
                0x0000000008000cbc       0x78 ./Core/Src/main.o
                0x0000000008000cbc                switchMode
 .text.Taster_Treiber_Task
                0x0000000008000d34       0x16 ./Core/Src/main.o
                0x0000000008000d34                Taster_Treiber_Task
 .text.StartDisplayTask
                0x0000000008000d4a       0x14 ./Core/Src/main.o
                0x0000000008000d4a                StartDisplayTask
 *fill*         0x0000000008000d5e        0x2 
 .text.HAL_TIM_PeriodElapsedCallback
                0x0000000008000d60       0x24 ./Core/Src/main.o
                0x0000000008000d60                HAL_TIM_PeriodElapsedCallback
 .text.Error_Handler
                0x0000000008000d84        0xa ./Core/Src/main.o
                0x0000000008000d84                Error_Handler
 *fill*         0x0000000008000d8e        0x2 
 .text.HAL_MspInit
                0x0000000008000d90       0x50 ./Core/Src/stm32f3xx_hal_msp.o
                0x0000000008000d90                HAL_MspInit
 .text.HAL_TIM_Base_MspInit
                0x0000000008000de0       0x4c ./Core/Src/stm32f3xx_hal_msp.o
                0x0000000008000de0                HAL_TIM_Base_MspInit
 .text.HAL_UART_MspInit
                0x0000000008000e2c       0x84 ./Core/Src/stm32f3xx_hal_msp.o
                0x0000000008000e2c                HAL_UART_MspInit
 .text.HAL_InitTick
                0x0000000008000eb0       0xe0 ./Core/Src/stm32f3xx_hal_timebase_tim.o
                0x0000000008000eb0                HAL_InitTick
 .text.NMI_Handler
                0x0000000008000f90        0x6 ./Core/Src/stm32f3xx_it.o
                0x0000000008000f90                NMI_Handler
 .text.HardFault_Handler
                0x0000000008000f96        0x6 ./Core/Src/stm32f3xx_it.o
                0x0000000008000f96                HardFault_Handler
 .text.MemManage_Handler
                0x0000000008000f9c        0x6 ./Core/Src/stm32f3xx_it.o
                0x0000000008000f9c                MemManage_Handler
 .text.BusFault_Handler
                0x0000000008000fa2        0x6 ./Core/Src/stm32f3xx_it.o
                0x0000000008000fa2                BusFault_Handler
 .text.UsageFault_Handler
                0x0000000008000fa8        0x6 ./Core/Src/stm32f3xx_it.o
                0x0000000008000fa8                UsageFault_Handler
 .text.DebugMon_Handler
                0x0000000008000fae        0xe ./Core/Src/stm32f3xx_it.o
                0x0000000008000fae                DebugMon_Handler
 .text.TIM1_UP_TIM16_IRQHandler
                0x0000000008000fbc       0x14 ./Core/Src/stm32f3xx_it.o
                0x0000000008000fbc                TIM1_UP_TIM16_IRQHandler
 .text.TIM3_IRQHandler
                0x0000000008000fd0       0x14 ./Core/Src/stm32f3xx_it.o
                0x0000000008000fd0                TIM3_IRQHandler
 .text.SystemInit
                0x0000000008000fe4       0x24 ./Core/Src/system_stm32f3xx.o
                0x0000000008000fe4                SystemInit
 .text.Reset_Handler
                0x0000000008001008       0x50 ./Core/Startup/startup_stm32f303retx.o
                0x0000000008001008                Reset_Handler
 .text.Default_Handler
                0x0000000008001058        0x2 ./Core/Startup/startup_stm32f303retx.o
                0x0000000008001058                TIM1_BRK_TIM15_IRQHandler
                0x0000000008001058                TIM8_TRG_COM_IRQHandler
                0x0000000008001058                TIM8_CC_IRQHandler
                0x0000000008001058                SPI4_IRQHandler
                0x0000000008001058                TIM1_CC_IRQHandler
                0x0000000008001058                USB_HP_IRQHandler
                0x0000000008001058                PVD_IRQHandler
                0x0000000008001058                TAMP_STAMP_IRQHandler
                0x0000000008001058                EXTI3_IRQHandler
                0x0000000008001058                I2C3_ER_IRQHandler
                0x0000000008001058                USB_HP_CAN_TX_IRQHandler
                0x0000000008001058                EXTI0_IRQHandler
                0x0000000008001058                I2C2_EV_IRQHandler
                0x0000000008001058                FPU_IRQHandler
                0x0000000008001058                ADC1_2_IRQHandler
                0x0000000008001058                SPI1_IRQHandler
                0x0000000008001058                CAN_SCE_IRQHandler
                0x0000000008001058                TIM6_DAC_IRQHandler
                0x0000000008001058                TIM8_UP_IRQHandler
                0x0000000008001058                DMA2_Channel2_IRQHandler
                0x0000000008001058                DMA1_Channel4_IRQHandler
                0x0000000008001058                TIM20_TRG_COM_IRQHandler
                0x0000000008001058                USART3_IRQHandler
                0x0000000008001058                DMA1_Channel7_IRQHandler
                0x0000000008001058                UART5_IRQHandler
                0x0000000008001058                ADC3_IRQHandler
                0x0000000008001058                TIM4_IRQHandler
                0x0000000008001058                CAN_RX1_IRQHandler
                0x0000000008001058                DMA2_Channel1_IRQHandler
                0x0000000008001058                I2C1_EV_IRQHandler
                0x0000000008001058                DMA1_Channel6_IRQHandler
                0x0000000008001058                UART4_IRQHandler
                0x0000000008001058                DMA2_Channel4_IRQHandler
                0x0000000008001058                RCC_IRQHandler
                0x0000000008001058                TIM20_UP_IRQHandler
                0x0000000008001058                DMA1_Channel1_IRQHandler
                0x0000000008001058                Default_Handler
                0x0000000008001058                USBWakeUp_RMP_IRQHandler
                0x0000000008001058                EXTI15_10_IRQHandler
                0x0000000008001058                TIM7_IRQHandler
                0x0000000008001058                I2C3_EV_IRQHandler
                0x0000000008001058                EXTI9_5_IRQHandler
                0x0000000008001058                RTC_WKUP_IRQHandler
                0x0000000008001058                SPI2_IRQHandler
                0x0000000008001058                USB_LP_CAN_RX0_IRQHandler
                0x0000000008001058                DMA2_Channel5_IRQHandler
                0x0000000008001058                DMA1_Channel5_IRQHandler
                0x0000000008001058                USB_LP_IRQHandler
                0x0000000008001058                EXTI4_IRQHandler
                0x0000000008001058                TIM1_TRG_COM_TIM17_IRQHandler
                0x0000000008001058                DMA1_Channel3_IRQHandler
                0x0000000008001058                ADC4_IRQHandler
                0x0000000008001058                WWDG_IRQHandler
                0x0000000008001058                TIM2_IRQHandler
                0x0000000008001058                COMP7_IRQHandler
                0x0000000008001058                COMP1_2_3_IRQHandler
                0x0000000008001058                EXTI1_IRQHandler
                0x0000000008001058                USART2_IRQHandler
                0x0000000008001058                COMP4_5_6_IRQHandler
                0x0000000008001058                TIM20_BRK_IRQHandler
                0x0000000008001058                I2C2_ER_IRQHandler
                0x0000000008001058                DMA1_Channel2_IRQHandler
                0x0000000008001058                TIM8_BRK_IRQHandler
                0x0000000008001058                FLASH_IRQHandler
                0x0000000008001058                TIM20_CC_IRQHandler
                0x0000000008001058                USART1_IRQHandler
                0x0000000008001058                SPI3_IRQHandler
                0x0000000008001058                I2C1_ER_IRQHandler
                0x0000000008001058                FMC_IRQHandler
                0x0000000008001058                USBWakeUp_IRQHandler
                0x0000000008001058                DMA2_Channel3_IRQHandler
                0x0000000008001058                EXTI2_TSC_IRQHandler
                0x0000000008001058                RTC_Alarm_IRQHandler
 *fill*         0x000000000800105a        0x2 
 .text.HAL_Init
                0x000000000800105c       0x2c ./Drivers/STM32F3xx_HAL_Driver/Src/stm32f3xx_hal.o
                0x000000000800105c                HAL_Init
 .text.HAL_IncTick
                0x0000000008001088       0x28 ./Drivers/STM32F3xx_HAL_Driver/Src/stm32f3xx_hal.o
                0x0000000008001088                HAL_IncTick
 .text.HAL_GetTick
                0x00000000080010b0       0x18 ./Drivers/STM32F3xx_HAL_Driver/Src/stm32f3xx_hal.o
                0x00000000080010b0                HAL_GetTick
 .text.__NVIC_SetPriorityGrouping
                0x00000000080010c8       0x48 ./Drivers/STM32F3xx_HAL_Driver/Src/stm32f3xx_hal_cortex.o
 .text.__NVIC_GetPriorityGrouping
                0x0000000008001110       0x1c ./Drivers/STM32F3xx_HAL_Driver/Src/stm32f3xx_hal_cortex.o
 .text.__NVIC_EnableIRQ
                0x000000000800112c       0x3c ./Drivers/STM32F3xx_HAL_Driver/Src/stm32f3xx_hal_cortex.o
 .text.__NVIC_SetPriority
                0x0000000008001168       0x54 ./Drivers/STM32F3xx_HAL_Driver/Src/stm32f3xx_hal_cortex.o
 .text.NVIC_EncodePriority
                0x00000000080011bc       0x66 ./Drivers/STM32F3xx_HAL_Driver/Src/stm32f3xx_hal_cortex.o
 .text.HAL_NVIC_SetPriorityGrouping
                0x0000000008001222       0x16 ./Drivers/STM32F3xx_HAL_Driver/Src/stm32f3xx_hal_cortex.o
                0x0000000008001222                HAL_NVIC_SetPriorityGrouping
 .text.HAL_NVIC_SetPriority
                0x0000000008001238       0x38 ./Drivers/STM32F3xx_HAL_Driver/Src/stm32f3xx_hal_cortex.o
                0x0000000008001238                HAL_NVIC_SetPriority
 .text.HAL_NVIC_EnableIRQ
                0x0000000008001270       0x1c ./Drivers/STM32F3xx_HAL_Driver/Src/stm32f3xx_hal_cortex.o
                0x0000000008001270                HAL_NVIC_EnableIRQ
 .text.HAL_GPIO_Init
                0x000000000800128c      0x314 ./Drivers/STM32F3xx_HAL_Driver/Src/stm32f3xx_hal_gpio.o
                0x000000000800128c                HAL_GPIO_Init
 .text.HAL_GPIO_ReadPin
                0x00000000080015a0       0x30 ./Drivers/STM32F3xx_HAL_Driver/Src/stm32f3xx_hal_gpio.o
                0x00000000080015a0                HAL_GPIO_ReadPin
 .text.HAL_GPIO_WritePin
                0x00000000080015d0       0x30 ./Drivers/STM32F3xx_HAL_Driver/Src/stm32f3xx_hal_gpio.o
                0x00000000080015d0                HAL_GPIO_WritePin
 .text.HAL_GPIO_TogglePin
                0x0000000008001600       0x34 ./Drivers/STM32F3xx_HAL_Driver/Src/stm32f3xx_hal_gpio.o
                0x0000000008001600                HAL_GPIO_TogglePin
 .text.HAL_RCC_OscConfig
                0x0000000008001634     0x10a8 ./Drivers/STM32F3xx_HAL_Driver/Src/stm32f3xx_hal_rcc.o
                0x0000000008001634                HAL_RCC_OscConfig
 .text.HAL_RCC_ClockConfig
                0x00000000080026dc      0x2f8 ./Drivers/STM32F3xx_HAL_Driver/Src/stm32f3xx_hal_rcc.o
                0x00000000080026dc                HAL_RCC_ClockConfig
 .text.HAL_RCC_GetSysClockFreq
                0x00000000080029d4       0xd4 ./Drivers/STM32F3xx_HAL_Driver/Src/stm32f3xx_hal_rcc.o
                0x00000000080029d4                HAL_RCC_GetSysClockFreq
 .text.HAL_RCC_GetHCLKFreq
                0x0000000008002aa8       0x18 ./Drivers/STM32F3xx_HAL_Driver/Src/stm32f3xx_hal_rcc.o
                0x0000000008002aa8                HAL_RCC_GetHCLKFreq
 .text.HAL_RCC_GetPCLK1Freq
                0x0000000008002ac0       0x44 ./Drivers/STM32F3xx_HAL_Driver/Src/stm32f3xx_hal_rcc.o
                0x0000000008002ac0                HAL_RCC_GetPCLK1Freq
 .text.HAL_RCC_GetPCLK2Freq
                0x0000000008002b04       0x44 ./Drivers/STM32F3xx_HAL_Driver/Src/stm32f3xx_hal_rcc.o
                0x0000000008002b04                HAL_RCC_GetPCLK2Freq
 .text.HAL_RCC_GetClockConfig
                0x0000000008002b48       0x64 ./Drivers/STM32F3xx_HAL_Driver/Src/stm32f3xx_hal_rcc.o
                0x0000000008002b48                HAL_RCC_GetClockConfig
 .text.HAL_RCCEx_PeriphCLKConfig
                0x0000000008002bac      0x43c ./Drivers/STM32F3xx_HAL_Driver/Src/stm32f3xx_hal_rcc_ex.o
                0x0000000008002bac                HAL_RCCEx_PeriphCLKConfig
 .text.HAL_TIM_Base_Init
                0x0000000008002fe8       0xae ./Drivers/STM32F3xx_HAL_Driver/Src/stm32f3xx_hal_tim.o
                0x0000000008002fe8                HAL_TIM_Base_Init
 *fill*         0x0000000008003096        0x2 
 .text.HAL_TIM_Base_Start_IT
                0x0000000008003098       0xe0 ./Drivers/STM32F3xx_HAL_Driver/Src/stm32f3xx_hal_tim.o
                0x0000000008003098                HAL_TIM_Base_Start_IT
 .text.HAL_TIM_IRQHandler
                0x0000000008003178      0x23e ./Drivers/STM32F3xx_HAL_Driver/Src/stm32f3xx_hal_tim.o
                0x0000000008003178                HAL_TIM_IRQHandler
 .text.HAL_TIM_ConfigClockSource
                0x00000000080033b6      0x192 ./Drivers/STM32F3xx_HAL_Driver/Src/stm32f3xx_hal_tim.o
                0x00000000080033b6                HAL_TIM_ConfigClockSource
 .text.HAL_TIM_OC_DelayElapsedCallback
                0x0000000008003548       0x14 ./Drivers/STM32F3xx_HAL_Driver/Src/stm32f3xx_hal_tim.o
                0x0000000008003548                HAL_TIM_OC_DelayElapsedCallback
 .text.HAL_TIM_IC_CaptureCallback
                0x000000000800355c       0x14 ./Drivers/STM32F3xx_HAL_Driver/Src/stm32f3xx_hal_tim.o
                0x000000000800355c                HAL_TIM_IC_CaptureCallback
 .text.HAL_TIM_PWM_PulseFinishedCallback
                0x0000000008003570       0x14 ./Drivers/STM32F3xx_HAL_Driver/Src/stm32f3xx_hal_tim.o
                0x0000000008003570                HAL_TIM_PWM_PulseFinishedCallback
 .text.HAL_TIM_TriggerCallback
                0x0000000008003584       0x14 ./Drivers/STM32F3xx_HAL_Driver/Src/stm32f3xx_hal_tim.o
                0x0000000008003584                HAL_TIM_TriggerCallback
 .text.TIM_Base_SetConfig
                0x0000000008003598      0x13c ./Drivers/STM32F3xx_HAL_Driver/Src/stm32f3xx_hal_tim.o
                0x0000000008003598                TIM_Base_SetConfig
 .text.TIM_TI1_ConfigInputStage
                0x00000000080036d4       0x5e ./Drivers/STM32F3xx_HAL_Driver/Src/stm32f3xx_hal_tim.o
 .text.TIM_TI2_ConfigInputStage
                0x0000000008003732       0x60 ./Drivers/STM32F3xx_HAL_Driver/Src/stm32f3xx_hal_tim.o
 .text.TIM_ITRx_SetConfig
                0x0000000008003792       0x36 ./Drivers/STM32F3xx_HAL_Driver/Src/stm32f3xx_hal_tim.o
 .text.TIM_ETR_SetConfig
                0x00000000080037c8       0x40 ./Drivers/STM32F3xx_HAL_Driver/Src/stm32f3xx_hal_tim.o
                0x00000000080037c8                TIM_ETR_SetConfig
 .text.HAL_TIMEx_MasterConfigSynchronization
                0x0000000008003808      0x118 ./Drivers/STM32F3xx_HAL_Driver/Src/stm32f3xx_hal_tim_ex.o
                0x0000000008003808                HAL_TIMEx_MasterConfigSynchronization
 .text.HAL_TIMEx_CommutCallback
                0x0000000008003920       0x14 ./Drivers/STM32F3xx_HAL_Driver/Src/stm32f3xx_hal_tim_ex.o
                0x0000000008003920                HAL_TIMEx_CommutCallback
 .text.HAL_TIMEx_BreakCallback
                0x0000000008003934       0x14 ./Drivers/STM32F3xx_HAL_Driver/Src/stm32f3xx_hal_tim_ex.o
                0x0000000008003934                HAL_TIMEx_BreakCallback
 .text.HAL_TIMEx_Break2Callback
                0x0000000008003948       0x14 ./Drivers/STM32F3xx_HAL_Driver/Src/stm32f3xx_hal_tim_ex.o
                0x0000000008003948                HAL_TIMEx_Break2Callback
 .text.HAL_UART_Init
                0x000000000800395c       0x9c ./Drivers/STM32F3xx_HAL_Driver/Src/stm32f3xx_hal_uart.o
                0x000000000800395c                HAL_UART_Init
 .text.UART_SetConfig
                0x00000000080039f8      0x3a8 ./Drivers/STM32F3xx_HAL_Driver/Src/stm32f3xx_hal_uart.o
                0x00000000080039f8                UART_SetConfig
 .text.UART_AdvFeatureConfig
                0x0000000008003da0      0x144 ./Drivers/STM32F3xx_HAL_Driver/Src/stm32f3xx_hal_uart.o
                0x0000000008003da0                UART_AdvFeatureConfig
 .text.UART_CheckIdleState
                0x0000000008003ee4      0x150 ./Drivers/STM32F3xx_HAL_Driver/Src/stm32f3xx_hal_uart.o
                0x0000000008003ee4                UART_CheckIdleState
 .text.UART_WaitOnFlagUntilTimeout
                0x0000000008004034       0xce ./Drivers/STM32F3xx_HAL_Driver/Src/stm32f3xx_hal_uart.o
                0x0000000008004034                UART_WaitOnFlagUntilTimeout
 .text.UART_EndRxTransfer
                0x0000000008004102       0xc8 ./Drivers/STM32F3xx_HAL_Driver/Src/stm32f3xx_hal_uart.o
 *fill*         0x00000000080041ca        0x2 
 .text.osKernelInitialize
                0x00000000080041cc       0x68 ./Middlewares/Third_Party/FreeRTOS/Source/CMSIS_RTOS_V2/cmsis_os2.o
                0x00000000080041cc                osKernelInitialize
 .text.osKernelStart
                0x0000000008004234       0x68 ./Middlewares/Third_Party/FreeRTOS/Source/CMSIS_RTOS_V2/cmsis_os2.o
                0x0000000008004234                osKernelStart
 .text.osThreadNew
                0x000000000800429c      0x154 ./Middlewares/Third_Party/FreeRTOS/Source/CMSIS_RTOS_V2/cmsis_os2.o
                0x000000000800429c                osThreadNew
 .text.osDelay  0x00000000080043f0       0x5c ./Middlewares/Third_Party/FreeRTOS/Source/CMSIS_RTOS_V2/cmsis_os2.o
                0x00000000080043f0                osDelay
 .text.vApplicationGetIdleTaskMemory
                0x000000000800444c       0x34 ./Middlewares/Third_Party/FreeRTOS/Source/CMSIS_RTOS_V2/cmsis_os2.o
                0x000000000800444c                vApplicationGetIdleTaskMemory
 .text.vApplicationGetTimerTaskMemory
                0x0000000008004480       0x34 ./Middlewares/Third_Party/FreeRTOS/Source/CMSIS_RTOS_V2/cmsis_os2.o
                0x0000000008004480                vApplicationGetTimerTaskMemory
 .text.vListInitialise
                0x00000000080044b4       0x40 ./Middlewares/Third_Party/FreeRTOS/Source/list.o
                0x00000000080044b4                vListInitialise
 .text.vListInitialiseItem
                0x00000000080044f4       0x1a ./Middlewares/Third_Party/FreeRTOS/Source/list.o
                0x00000000080044f4                vListInitialiseItem
 .text.vListInsertEnd
                0x000000000800450e       0x48 ./Middlewares/Third_Party/FreeRTOS/Source/list.o
                0x000000000800450e                vListInsertEnd
 .text.vListInsert
                0x0000000008004556       0x72 ./Middlewares/Third_Party/FreeRTOS/Source/list.o
                0x0000000008004556                vListInsert
 .text.uxListRemove
                0x00000000080045c8       0x54 ./Middlewares/Third_Party/FreeRTOS/Source/list.o
                0x00000000080045c8                uxListRemove
 .text.xQueueGenericReset
                0x000000000800461c       0xd0 ./Middlewares/Third_Party/FreeRTOS/Source/queue.o
                0x000000000800461c                xQueueGenericReset
 .text.xQueueGenericCreateStatic
                0x00000000080046ec       0xee ./Middlewares/Third_Party/FreeRTOS/Source/queue.o
                0x00000000080046ec                xQueueGenericCreateStatic
 .text.prvInitialiseNewQueue
                0x00000000080047da       0x46 ./Middlewares/Third_Party/FreeRTOS/Source/queue.o
 .text.xQueueGenericSend
                0x0000000008004820      0x1fc ./Middlewares/Third_Party/FreeRTOS/Source/queue.o
                0x0000000008004820                xQueueGenericSend
 .text.xQueueGenericSendFromISR
                0x0000000008004a1c      0x130 ./Middlewares/Third_Party/FreeRTOS/Source/queue.o
                0x0000000008004a1c                xQueueGenericSendFromISR
 .text.xQueueReceive
                0x0000000008004b4c      0x1c0 ./Middlewares/Third_Party/FreeRTOS/Source/queue.o
                0x0000000008004b4c                xQueueReceive
 .text.prvCopyDataToQueue
                0x0000000008004d0c       0xd4 ./Middlewares/Third_Party/FreeRTOS/Source/queue.o
 .text.prvCopyDataFromQueue
                0x0000000008004de0       0x4c ./Middlewares/Third_Party/FreeRTOS/Source/queue.o
 .text.prvUnlockQueue
                0x0000000008004e2c       0xa4 ./Middlewares/Third_Party/FreeRTOS/Source/queue.o
 .text.prvIsQueueEmpty
                0x0000000008004ed0       0x2c ./Middlewares/Third_Party/FreeRTOS/Source/queue.o
 .text.prvIsQueueFull
                0x0000000008004efc       0x30 ./Middlewares/Third_Party/FreeRTOS/Source/queue.o
 .text.vQueueAddToRegistry
                0x0000000008004f2c       0x54 ./Middlewares/Third_Party/FreeRTOS/Source/queue.o
                0x0000000008004f2c                vQueueAddToRegistry
 .text.vQueueWaitForMessageRestricted
                0x0000000008004f80       0x68 ./Middlewares/Third_Party/FreeRTOS/Source/queue.o
                0x0000000008004f80                vQueueWaitForMessageRestricted
 .text.xTaskCreateStatic
                0x0000000008004fe8       0xb8 ./Middlewares/Third_Party/FreeRTOS/Source/tasks.o
                0x0000000008004fe8                xTaskCreateStatic
 .text.xTaskCreate
                0x00000000080050a0       0x8a ./Middlewares/Third_Party/FreeRTOS/Source/tasks.o
                0x00000000080050a0                xTaskCreate
 *fill*         0x000000000800512a        0x2 
 .text.prvInitialiseNewTask
                0x000000000800512c      0x13c ./Middlewares/Third_Party/FreeRTOS/Source/tasks.o
 .text.prvAddNewTaskToReadyList
                0x0000000008005268       0xe0 ./Middlewares/Third_Party/FreeRTOS/Source/tasks.o
 .text.vTaskDelay
                0x0000000008005348       0x68 ./Middlewares/Third_Party/FreeRTOS/Source/tasks.o
                0x0000000008005348                vTaskDelay
 .text.vTaskStartScheduler
                0x00000000080053b0       0xe0 ./Middlewares/Third_Party/FreeRTOS/Source/tasks.o
                0x00000000080053b0                vTaskStartScheduler
 .text.vTaskSuspendAll
                0x0000000008005490       0x1c ./Middlewares/Third_Party/FreeRTOS/Source/tasks.o
                0x0000000008005490                vTaskSuspendAll
 .text.xTaskResumeAll
                0x00000000080054ac      0x13c ./Middlewares/Third_Party/FreeRTOS/Source/tasks.o
                0x00000000080054ac                xTaskResumeAll
 .text.xTaskGetTickCount
                0x00000000080055e8       0x20 ./Middlewares/Third_Party/FreeRTOS/Source/tasks.o
                0x00000000080055e8                xTaskGetTickCount
 .text.xTaskIncrementTick
                0x0000000008005608      0x17c ./Middlewares/Third_Party/FreeRTOS/Source/tasks.o
                0x0000000008005608                xTaskIncrementTick
 .text.vTaskSwitchContext
                0x0000000008005784       0xc8 ./Middlewares/Third_Party/FreeRTOS/Source/tasks.o
                0x0000000008005784                vTaskSwitchContext
 .text.vTaskPlaceOnEventList
                0x000000000800584c       0x48 ./Middlewares/Third_Party/FreeRTOS/Source/tasks.o
                0x000000000800584c                vTaskPlaceOnEventList
 .text.vTaskPlaceOnEventListRestricted
                0x0000000008005894       0x58 ./Middlewares/Third_Party/FreeRTOS/Source/tasks.o
                0x0000000008005894                vTaskPlaceOnEventListRestricted
 .text.xTaskRemoveFromEventList
                0x00000000080058ec       0xc8 ./Middlewares/Third_Party/FreeRTOS/Source/tasks.o
                0x00000000080058ec                xTaskRemoveFromEventList
 .text.vTaskInternalSetTimeOutState
                0x00000000080059b4       0x2c ./Middlewares/Third_Party/FreeRTOS/Source/tasks.o
                0x00000000080059b4                vTaskInternalSetTimeOutState
 .text.xTaskCheckForTimeOut
                0x00000000080059e0       0xc4 ./Middlewares/Third_Party/FreeRTOS/Source/tasks.o
                0x00000000080059e0                xTaskCheckForTimeOut
 .text.vTaskMissedYield
                0x0000000008005aa4       0x18 ./Middlewares/Third_Party/FreeRTOS/Source/tasks.o
                0x0000000008005aa4                vTaskMissedYield
 .text.prvIdleTask
                0x0000000008005abc       0x30 ./Middlewares/Third_Party/FreeRTOS/Source/tasks.o
 .text.prvInitialiseTaskLists
                0x0000000008005aec       0x80 ./Middlewares/Third_Party/FreeRTOS/Source/tasks.o
 .text.prvCheckTasksWaitingTermination
                0x0000000008005b6c       0x5c ./Middlewares/Third_Party/FreeRTOS/Source/tasks.o
 .text.prvDeleteTCB
                0x0000000008005bc8       0x68 ./Middlewares/Third_Party/FreeRTOS/Source/tasks.o
 .text.prvResetNextTaskUnblockTime
                0x0000000008005c30       0x4c ./Middlewares/Third_Party/FreeRTOS/Source/tasks.o
 .text.xTaskGetSchedulerState
                0x0000000008005c7c       0x3c ./Middlewares/Third_Party/FreeRTOS/Source/tasks.o
                0x0000000008005c7c                xTaskGetSchedulerState
 .text.xTaskPriorityDisinherit
                0x0000000008005cb8       0xdc ./Middlewares/Third_Party/FreeRTOS/Source/tasks.o
                0x0000000008005cb8                xTaskPriorityDisinherit
 .text.prvAddCurrentTaskToDelayedList
                0x0000000008005d94       0xa8 ./Middlewares/Third_Party/FreeRTOS/Source/tasks.o
 .text.xTimerCreateTimerTask
                0x0000000008005e3c       0x90 ./Middlewares/Third_Party/FreeRTOS/Source/timers.o
                0x0000000008005e3c                xTimerCreateTimerTask
 .text.xTimerGenericCommand
                0x0000000008005ecc       0x9c ./Middlewares/Third_Party/FreeRTOS/Source/timers.o
                0x0000000008005ecc                xTimerGenericCommand
 .text.prvProcessExpiredTimer
                0x0000000008005f68       0x80 ./Middlewares/Third_Party/FreeRTOS/Source/timers.o
 .text.prvTimerTask
                0x0000000008005fe8       0x24 ./Middlewares/Third_Party/FreeRTOS/Source/timers.o
 .text.prvProcessTimerOrBlockTask
                0x000000000800600c       0x9c ./Middlewares/Third_Party/FreeRTOS/Source/timers.o
 .text.prvGetNextExpireTime
                0x00000000080060a8       0x48 ./Middlewares/Third_Party/FreeRTOS/Source/timers.o
 .text.prvSampleTimeNow
                0x00000000080060f0       0x40 ./Middlewares/Third_Party/FreeRTOS/Source/timers.o
 .text.prvInsertTimerInActiveList
                0x0000000008006130       0x84 ./Middlewares/Third_Party/FreeRTOS/Source/timers.o
 .text.prvProcessReceivedCommands
                0x00000000080061b4      0x168 ./Middlewares/Third_Party/FreeRTOS/Source/timers.o
 .text.prvSwitchTimerLists
                0x000000000800631c       0xc4 ./Middlewares/Third_Party/FreeRTOS/Source/timers.o
 .text.prvCheckForValidListAndQueue
                0x00000000080063e0       0x80 ./Middlewares/Third_Party/FreeRTOS/Source/timers.o
 .text.pxPortInitialiseStack
                0x0000000008006460       0x68 ./Middlewares/Third_Party/FreeRTOS/Source/portable/GCC/ARM_CM4F/port.o
                0x0000000008006460                pxPortInitialiseStack
 .text.prvTaskExitError
                0x00000000080064c8       0x58 ./Middlewares/Third_Party/FreeRTOS/Source/portable/GCC/ARM_CM4F/port.o
 .text.SVC_Handler
                0x0000000008006520       0x28 ./Middlewares/Third_Party/FreeRTOS/Source/portable/GCC/ARM_CM4F/port.o
                0x0000000008006520                SVC_Handler
 .text.prvPortStartFirstTask
                0x0000000008006548       0x28 ./Middlewares/Third_Party/FreeRTOS/Source/portable/GCC/ARM_CM4F/port.o
 .text.xPortStartScheduler
                0x0000000008006570      0x144 ./Middlewares/Third_Party/FreeRTOS/Source/portable/GCC/ARM_CM4F/port.o
                0x0000000008006570                xPortStartScheduler
 .text.vPortEnterCritical
                0x00000000080066b4       0x60 ./Middlewares/Third_Party/FreeRTOS/Source/portable/GCC/ARM_CM4F/port.o
                0x00000000080066b4                vPortEnterCritical
 .text.vPortExitCritical
                0x0000000008006714       0x54 ./Middlewares/Third_Party/FreeRTOS/Source/portable/GCC/ARM_CM4F/port.o
                0x0000000008006714                vPortExitCritical
 *fill*         0x0000000008006768        0x8 
 .text.PendSV_Handler
                0x0000000008006770       0x68 ./Middlewares/Third_Party/FreeRTOS/Source/portable/GCC/ARM_CM4F/port.o
                0x0000000008006770                PendSV_Handler
 .text.SysTick_Handler
                0x00000000080067d8       0x44 ./Middlewares/Third_Party/FreeRTOS/Source/portable/GCC/ARM_CM4F/port.o
                0x00000000080067d8                SysTick_Handler
 .text.vPortSetupTimerInterrupt
                0x000000000800681c       0x48 ./Middlewares/Third_Party/FreeRTOS/Source/portable/GCC/ARM_CM4F/port.o
                0x000000000800681c                vPortSetupTimerInterrupt
 .text.vPortEnableVFP
                0x0000000008006864       0x14 ./Middlewares/Third_Party/FreeRTOS/Source/portable/GCC/ARM_CM4F/port.o
 .text.vPortValidateInterruptPriority
                0x0000000008006878       0x80 ./Middlewares/Third_Party/FreeRTOS/Source/portable/GCC/ARM_CM4F/port.o
                0x0000000008006878                vPortValidateInterruptPriority
 .text.pvPortMalloc
                0x00000000080068f8      0x188 ./Middlewares/Third_Party/FreeRTOS/Source/portable/MemMang/heap_4.o
                0x00000000080068f8                pvPortMalloc
 .text.vPortFree
                0x0000000008006a80       0xb4 ./Middlewares/Third_Party/FreeRTOS/Source/portable/MemMang/heap_4.o
                0x0000000008006a80                vPortFree
 .text.prvHeapInit
                0x0000000008006b34       0xc4 ./Middlewares/Third_Party/FreeRTOS/Source/portable/MemMang/heap_4.o
 .text.prvInsertBlockIntoFreeList
                0x0000000008006bf8       0xb4 ./Middlewares/Third_Party/FreeRTOS/Source/portable/MemMang/heap_4.o
 .text.__libc_init_array
                0x0000000008006cac       0x48 /Applications/STM32CubeIDE.app/Contents/Eclipse/plugins/com.st.stm32cube.ide.mcu.externaltools.gnu-tools-for-stm32.10.3-2021.10.macos64_1.0.200.202301161003/tools/bin/../lib/gcc/arm-none-eabi/10.3.1/../../../../arm-none-eabi/lib/thumb/v7e-m+fp/hard/libc_nano.a(lib_a-init.o)
                0x0000000008006cac                __libc_init_array
 .text.__retarget_lock_acquire_recursive
                0x0000000008006cf4        0x2 /Applications/STM32CubeIDE.app/Contents/Eclipse/plugins/com.st.stm32cube.ide.mcu.externaltools.gnu-tools-for-stm32.10.3-2021.10.macos64_1.0.200.202301161003/tools/bin/../lib/gcc/arm-none-eabi/10.3.1/../../../../arm-none-eabi/lib/thumb/v7e-m+fp/hard/libc_nano.a(lib_a-lock.o)
                0x0000000008006cf4                __retarget_lock_acquire_recursive
 .text.__retarget_lock_release_recursive
                0x0000000008006cf6        0x2 /Applications/STM32CubeIDE.app/Contents/Eclipse/plugins/com.st.stm32cube.ide.mcu.externaltools.gnu-tools-for-stm32.10.3-2021.10.macos64_1.0.200.202301161003/tools/bin/../lib/gcc/arm-none-eabi/10.3.1/../../../../arm-none-eabi/lib/thumb/v7e-m+fp/hard/libc_nano.a(lib_a-lock.o)
                0x0000000008006cf6                __retarget_lock_release_recursive
 .text.memcpy   0x0000000008006cf8       0x1c /Applications/STM32CubeIDE.app/Contents/Eclipse/plugins/com.st.stm32cube.ide.mcu.externaltools.gnu-tools-for-stm32.10.3-2021.10.macos64_1.0.200.202301161003/tools/bin/../lib/gcc/arm-none-eabi/10.3.1/../../../../arm-none-eabi/lib/thumb/v7e-m+fp/hard/libc_nano.a(lib_a-memcpy-stub.o)
                0x0000000008006cf8                memcpy
 .text.memset   0x0000000008006d14       0x10 /Applications/STM32CubeIDE.app/Contents/Eclipse/plugins/com.st.stm32cube.ide.mcu.externaltools.gnu-tools-for-stm32.10.3-2021.10.macos64_1.0.200.202301161003/tools/bin/../lib/gcc/arm-none-eabi/10.3.1/../../../../arm-none-eabi/lib/thumb/v7e-m+fp/hard/libc_nano.a(lib_a-memset.o)
                0x0000000008006d14                memset
 .text.cleanup_glue
                0x0000000008006d24       0x1a /Applications/STM32CubeIDE.app/Contents/Eclipse/plugins/com.st.stm32cube.ide.mcu.externaltools.gnu-tools-for-stm32.10.3-2021.10.macos64_1.0.200.202301161003/tools/bin/../lib/gcc/arm-none-eabi/10.3.1/../../../../arm-none-eabi/lib/thumb/v7e-m+fp/hard/libc_nano.a(lib_a-reent.o)
                0x0000000008006d24                cleanup_glue
 *fill*         0x0000000008006d3e        0x2 
 .text._reclaim_reent
                0x0000000008006d40       0xb8 /Applications/STM32CubeIDE.app/Contents/Eclipse/plugins/com.st.stm32cube.ide.mcu.externaltools.gnu-tools-for-stm32.10.3-2021.10.macos64_1.0.200.202301161003/tools/bin/../lib/gcc/arm-none-eabi/10.3.1/../../../../arm-none-eabi/lib/thumb/v7e-m+fp/hard/libc_nano.a(lib_a-reent.o)
                0x0000000008006d40                _reclaim_reent
 .text.__malloc_lock
                0x0000000008006df8        0xc /Applications/STM32CubeIDE.app/Contents/Eclipse/plugins/com.st.stm32cube.ide.mcu.externaltools.gnu-tools-for-stm32.10.3-2021.10.macos64_1.0.200.202301161003/tools/bin/../lib/gcc/arm-none-eabi/10.3.1/../../../../arm-none-eabi/lib/thumb/v7e-m+fp/hard/libc_nano.a(lib_a-mlock.o)
                0x0000000008006df8                __malloc_lock
 .text.__malloc_unlock
                0x0000000008006e04        0xc /Applications/STM32CubeIDE.app/Contents/Eclipse/plugins/com.st.stm32cube.ide.mcu.externaltools.gnu-tools-for-stm32.10.3-2021.10.macos64_1.0.200.202301161003/tools/bin/../lib/gcc/arm-none-eabi/10.3.1/../../../../arm-none-eabi/lib/thumb/v7e-m+fp/hard/libc_nano.a(lib_a-mlock.o)
                0x0000000008006e04                __malloc_unlock
 .text._free_r  0x0000000008006e10       0x98 /Applications/STM32CubeIDE.app/Contents/Eclipse/plugins/com.st.stm32cube.ide.mcu.externaltools.gnu-tools-for-stm32.10.3-2021.10.macos64_1.0.200.202301161003/tools/bin/../lib/gcc/arm-none-eabi/10.3.1/../../../../arm-none-eabi/lib/thumb/v7e-m+fp/hard/libc_nano.a(lib_a-nano-freer.o)
                0x0000000008006e10                _free_r
 *(.glue_7)
 .glue_7        0x0000000008006ea8        0x0 linker stubs
 *(.glue_7t)
 .glue_7t       0x0000000008006ea8        0x0 linker stubs
 *(.eh_frame)
 .eh_frame      0x0000000008006ea8        0x0 /Applications/STM32CubeIDE.app/Contents/Eclipse/plugins/com.st.stm32cube.ide.mcu.externaltools.gnu-tools-for-stm32.10.3-2021.10.macos64_1.0.200.202301161003/tools/bin/../lib/gcc/arm-none-eabi/10.3.1/thumb/v7e-m+fp/hard/crtbegin.o
 *(.init)
 .init          0x0000000008006ea8        0x4 /Applications/STM32CubeIDE.app/Contents/Eclipse/plugins/com.st.stm32cube.ide.mcu.externaltools.gnu-tools-for-stm32.10.3-2021.10.macos64_1.0.200.202301161003/tools/bin/../lib/gcc/arm-none-eabi/10.3.1/thumb/v7e-m+fp/hard/crti.o
                0x0000000008006ea8                _init
 .init          0x0000000008006eac        0x8 /Applications/STM32CubeIDE.app/Contents/Eclipse/plugins/com.st.stm32cube.ide.mcu.externaltools.gnu-tools-for-stm32.10.3-2021.10.macos64_1.0.200.202301161003/tools/bin/../lib/gcc/arm-none-eabi/10.3.1/thumb/v7e-m+fp/hard/crtn.o
 *(.fini)
 .fini          0x0000000008006eb4        0x4 /Applications/STM32CubeIDE.app/Contents/Eclipse/plugins/com.st.stm32cube.ide.mcu.externaltools.gnu-tools-for-stm32.10.3-2021.10.macos64_1.0.200.202301161003/tools/bin/../lib/gcc/arm-none-eabi/10.3.1/thumb/v7e-m+fp/hard/crti.o
                0x0000000008006eb4                _fini
 .fini          0x0000000008006eb8        0x8 /Applications/STM32CubeIDE.app/Contents/Eclipse/plugins/com.st.stm32cube.ide.mcu.externaltools.gnu-tools-for-stm32.10.3-2021.10.macos64_1.0.200.202301161003/tools/bin/../lib/gcc/arm-none-eabi/10.3.1/thumb/v7e-m+fp/hard/crtn.o
                0x0000000008006ec0                . = ALIGN (0x4)
                0x0000000008006ec0                _etext = .

.vfp11_veneer   0x0000000008006ec0        0x0
 .vfp11_veneer  0x0000000008006ec0        0x0 linker stubs

.v4_bx          0x0000000008006ec0        0x0
 .v4_bx         0x0000000008006ec0        0x0 linker stubs

.iplt           0x0000000008006ec0        0x0
 .iplt          0x0000000008006ec0        0x0 /Applications/STM32CubeIDE.app/Contents/Eclipse/plugins/com.st.stm32cube.ide.mcu.externaltools.gnu-tools-for-stm32.10.3-2021.10.macos64_1.0.200.202301161003/tools/bin/../lib/gcc/arm-none-eabi/10.3.1/thumb/v7e-m+fp/hard/crtbegin.o

.rodata         0x0000000008006ec0      0x160
                0x0000000008006ec0                . = ALIGN (0x4)
 *(.rodata)
 .rodata        0x0000000008006ec0       0x33 ./Core/Src/main.o
 *fill*         0x0000000008006ef3        0x1 
 .rodata        0x0000000008006ef4        0x5 ./Middlewares/Third_Party/FreeRTOS/Source/tasks.o
 *fill*         0x0000000008006ef9        0x3 
 .rodata        0x0000000008006efc        0xd ./Middlewares/Third_Party/FreeRTOS/Source/timers.o
 *(.rodata*)
 *fill*         0x0000000008006f09        0x3 
 .rodata.SEGMENT_MAP
                0x0000000008006f0c        0xa ./Core/Src/Seg_Driver.o
                0x0000000008006f0c                SEGMENT_MAP
 *fill*         0x0000000008006f16        0x2 
 .rodata.SEGMENT_SELECT
                0x0000000008006f18        0x4 ./Core/Src/Seg_Driver.o
                0x0000000008006f18                SEGMENT_SELECT
 .rodata.defaultTask_attributes
                0x0000000008006f1c       0x24 ./Core/Src/main.o
                0x0000000008006f1c                defaultTask_attributes
 .rodata.tasterTask_attributes
                0x0000000008006f40       0x24 ./Core/Src/main.o
                0x0000000008006f40                tasterTask_attributes
 .rodata.displayTask_attributes
                0x0000000008006f64       0x24 ./Core/Src/main.o
                0x0000000008006f64                displayTask_attributes
 .rodata.AHBPrescTable
                0x0000000008006f88       0x10 ./Core/Src/system_stm32f3xx.o
                0x0000000008006f88                AHBPrescTable
 .rodata.APBPrescTable
                0x0000000008006f98        0x8 ./Core/Src/system_stm32f3xx.o
                0x0000000008006f98                APBPrescTable
 .rodata.aPLLMULFactorTable
                0x0000000008006fa0       0x10 ./Drivers/STM32F3xx_HAL_Driver/Src/stm32f3xx_hal_rcc.o
 .rodata.aPredivFactorTable
                0x0000000008006fb0       0x10 ./Drivers/STM32F3xx_HAL_Driver/Src/stm32f3xx_hal_rcc.o
 .rodata.__sf_fake_stderr
                0x0000000008006fc0       0x20 /Applications/STM32CubeIDE.app/Contents/Eclipse/plugins/com.st.stm32cube.ide.mcu.externaltools.gnu-tools-for-stm32.10.3-2021.10.macos64_1.0.200.202301161003/tools/bin/../lib/gcc/arm-none-eabi/10.3.1/../../../../arm-none-eabi/lib/thumb/v7e-m+fp/hard/libc_nano.a(lib_a-findfp.o)
                0x0000000008006fc0                __sf_fake_stderr
 .rodata.__sf_fake_stdin
                0x0000000008006fe0       0x20 /Applications/STM32CubeIDE.app/Contents/Eclipse/plugins/com.st.stm32cube.ide.mcu.externaltools.gnu-tools-for-stm32.10.3-2021.10.macos64_1.0.200.202301161003/tools/bin/../lib/gcc/arm-none-eabi/10.3.1/../../../../arm-none-eabi/lib/thumb/v7e-m+fp/hard/libc_nano.a(lib_a-findfp.o)
                0x0000000008006fe0                __sf_fake_stdin
 .rodata.__sf_fake_stdout
                0x0000000008007000       0x20 /Applications/STM32CubeIDE.app/Contents/Eclipse/plugins/com.st.stm32cube.ide.mcu.externaltools.gnu-tools-for-stm32.10.3-2021.10.macos64_1.0.200.202301161003/tools/bin/../lib/gcc/arm-none-eabi/10.3.1/../../../../arm-none-eabi/lib/thumb/v7e-m+fp/hard/libc_nano.a(lib_a-findfp.o)
                0x0000000008007000                __sf_fake_stdout
                0x0000000008007020                . = ALIGN (0x4)

.rel.dyn        0x0000000008007020        0x0
 .rel.iplt      0x0000000008007020        0x0 /Applications/STM32CubeIDE.app/Contents/Eclipse/plugins/com.st.stm32cube.ide.mcu.externaltools.gnu-tools-for-stm32.10.3-2021.10.macos64_1.0.200.202301161003/tools/bin/../lib/gcc/arm-none-eabi/10.3.1/thumb/v7e-m+fp/hard/crtbegin.o

.ARM.extab      0x0000000008007020        0x0
                0x0000000008007020                . = ALIGN (0x4)
 *(.ARM.extab* .gnu.linkonce.armextab.*)
                0x0000000008007020                . = ALIGN (0x4)

.ARM            0x0000000008007020        0x0
                0x0000000008007020                . = ALIGN (0x4)
                0x0000000008007020                __exidx_start = .
 *(.ARM.exidx*)
                0x0000000008007020                __exidx_end = .
                0x0000000008007020                . = ALIGN (0x4)

.preinit_array  0x0000000008007020        0x0
                0x0000000008007020                . = ALIGN (0x4)
                0x0000000008007020                PROVIDE (__preinit_array_start = .)
 *(.preinit_array*)
                0x0000000008007020                PROVIDE (__preinit_array_end = .)
                0x0000000008007020                . = ALIGN (0x4)

.init_array     0x0000000008007020        0x4
                0x0000000008007020                . = ALIGN (0x4)
                0x0000000008007020                PROVIDE (__init_array_start = .)
 *(SORT_BY_NAME(.init_array.*))
 *(.init_array*)
 .init_array    0x0000000008007020        0x4 /Applications/STM32CubeIDE.app/Contents/Eclipse/plugins/com.st.stm32cube.ide.mcu.externaltools.gnu-tools-for-stm32.10.3-2021.10.macos64_1.0.200.202301161003/tools/bin/../lib/gcc/arm-none-eabi/10.3.1/thumb/v7e-m+fp/hard/crtbegin.o
                0x0000000008007024                PROVIDE (__init_array_end = .)
                0x0000000008007024                . = ALIGN (0x4)

.fini_array     0x0000000008007024        0x4
                0x0000000008007024                . = ALIGN (0x4)
                [!provide]                        PROVIDE (__fini_array_start = .)
 *(SORT_BY_NAME(.fini_array.*))
 *(.fini_array*)
 .fini_array    0x0000000008007024        0x4 /Applications/STM32CubeIDE.app/Contents/Eclipse/plugins/com.st.stm32cube.ide.mcu.externaltools.gnu-tools-for-stm32.10.3-2021.10.macos64_1.0.200.202301161003/tools/bin/../lib/gcc/arm-none-eabi/10.3.1/thumb/v7e-m+fp/hard/crtbegin.o
                [!provide]                        PROVIDE (__fini_array_end = .)
                0x0000000008007028                . = ALIGN (0x4)
                0x0000000008007028                _sidata = LOADADDR (.data)

.data           0x0000000020000000       0x78 load address 0x0000000008007028
                0x0000000020000000                . = ALIGN (0x4)
                0x0000000020000000                _sdata = .
 *(.data)
 *(.data*)
 .data.timerStatus
                0x0000000020000000        0x4 ./Core/Src/main.o
                0x0000000020000000                timerStatus
 .data.SystemCoreClock
                0x0000000020000004        0x4 ./Core/Src/system_stm32f3xx.o
                0x0000000020000004                SystemCoreClock
 .data.uwTickPrio
                0x0000000020000008        0x4 ./Drivers/STM32F3xx_HAL_Driver/Src/stm32f3xx_hal.o
                0x0000000020000008                uwTickPrio
 .data.uwTickFreq
                0x000000002000000c        0x1 ./Drivers/STM32F3xx_HAL_Driver/Src/stm32f3xx_hal.o
                0x000000002000000c                uwTickFreq
 *fill*         0x000000002000000d        0x3 
 .data.uxCriticalNesting
                0x0000000020000010        0x4 ./Middlewares/Third_Party/FreeRTOS/Source/portable/GCC/ARM_CM4F/port.o
 .data._impure_ptr
                0x0000000020000014        0x4 /Applications/STM32CubeIDE.app/Contents/Eclipse/plugins/com.st.stm32cube.ide.mcu.externaltools.gnu-tools-for-stm32.10.3-2021.10.macos64_1.0.200.202301161003/tools/bin/../lib/gcc/arm-none-eabi/10.3.1/../../../../arm-none-eabi/lib/thumb/v7e-m+fp/hard/libc_nano.a(lib_a-impure.o)
                0x0000000020000014                _impure_ptr
 .data.impure_data
                0x0000000020000018       0x60 /Applications/STM32CubeIDE.app/Contents/Eclipse/plugins/com.st.stm32cube.ide.mcu.externaltools.gnu-tools-for-stm32.10.3-2021.10.macos64_1.0.200.202301161003/tools/bin/../lib/gcc/arm-none-eabi/10.3.1/../../../../arm-none-eabi/lib/thumb/v7e-m+fp/hard/libc_nano.a(lib_a-impure.o)
 *(.RamFunc)
 *(.RamFunc*)
                0x0000000020000078                . = ALIGN (0x4)
                0x0000000020000078                _edata = .
                0x00000000080070a0                _siccmram = LOADADDR (.ccmram)

.igot.plt       0x0000000020000078        0x0 load address 0x00000000080070a0
 .igot.plt      0x0000000020000078        0x0 /Applications/STM32CubeIDE.app/Contents/Eclipse/plugins/com.st.stm32cube.ide.mcu.externaltools.gnu-tools-for-stm32.10.3-2021.10.macos64_1.0.200.202301161003/tools/bin/../lib/gcc/arm-none-eabi/10.3.1/thumb/v7e-m+fp/hard/crtbegin.o

.ccmram         0x0000000010000000        0x0 load address 0x00000000080070a0
                0x0000000010000000                . = ALIGN (0x4)
                0x0000000010000000                _sccmram = .
 *(.ccmram)
 *(.ccmram*)
                0x0000000010000000                . = ALIGN (0x4)
                0x0000000010000000                _eccmram = .
                0x0000000010000000                . = ALIGN (0x4)

.bss            0x0000000020000078     0x1b98
                0x0000000020000078                _sbss = .
                0x0000000020000078                __bss_start__ = _sbss
 *(.bss)
 .bss           0x0000000020000078       0x1c /Applications/STM32CubeIDE.app/Contents/Eclipse/plugins/com.st.stm32cube.ide.mcu.externaltools.gnu-tools-for-stm32.10.3-2021.10.macos64_1.0.200.202301161003/tools/bin/../lib/gcc/arm-none-eabi/10.3.1/thumb/v7e-m+fp/hard/crtbegin.o
 *(.bss*)
 .bss.actvalue  0x0000000020000094        0x4 ./Core/Src/Seg_Driver.o
 .bss.actdp     0x0000000020000098        0x4 ./Core/Src/Seg_Driver.o
 .bss.actflash  0x000000002000009c        0x4 ./Core/Src/Seg_Driver.o
 .bss.out.3     0x00000000200000a0        0x4 ./Core/Src/Seg_Driver.o
 .bss.disable.2
                0x00000000200000a4        0x4 ./Core/Src/Seg_Driver.o
 .bss.flashcount.1
                0x00000000200000a8        0x4 ./Core/Src/Seg_Driver.o
 .bss.actdigit.0
                0x00000000200000ac        0x4 ./Core/Src/Seg_Driver.o
 .bss.TASTER_1_STATUS
                0x00000000200000b0        0x1 ./Core/Src/Taster_Treiber.o
 .bss.TASTER_2_STATUS
                0x00000000200000b1        0x1 ./Core/Src/Taster_Treiber.o
 .bss.TASTER_3_STATUS
                0x00000000200000b2        0x1 ./Core/Src/Taster_Treiber.o
 *fill*         0x00000000200000b3        0x1 
 .bss.htim3     0x00000000200000b4       0x4c ./Core/Src/main.o
                0x00000000200000b4                htim3
 .bss.huart2    0x0000000020000100       0x88 ./Core/Src/main.o
                0x0000000020000100                huart2
 .bss.defaultTaskHandle
                0x0000000020000188        0x4 ./Core/Src/main.o
                0x0000000020000188                defaultTaskHandle
 .bss.tasterTaskHandle
                0x000000002000018c        0x4 ./Core/Src/main.o
                0x000000002000018c                tasterTaskHandle
 .bss.displayTaskHandle
                0x0000000020000190        0x4 ./Core/Src/main.o
                0x0000000020000190                displayTaskHandle
 .bss.stopuhr   0x0000000020000194        0x4 ./Core/Src/main.o
                0x0000000020000194                stopuhr
 .bss.timer     0x0000000020000198        0x4 ./Core/Src/main.o
                0x0000000020000198                timer
 .bss.meanTime  0x000000002000019c        0x4 ./Core/Src/main.o
                0x000000002000019c                meanTime
 .bss.mode      0x00000000200001a0        0x4 ./Core/Src/main.o
                0x00000000200001a0                mode
 .bss.stopuhrIsRuning
                0x00000000200001a4        0x4 ./Core/Src/main.o
                0x00000000200001a4                stopuhrIsRuning
 .bss.timerIsRunning
                0x00000000200001a8        0x4 ./Core/Src/main.o
                0x00000000200001a8                timerIsRunning
 .bss.taster3Counter
                0x00000000200001ac        0x4 ./Core/Src/main.o
                0x00000000200001ac                taster3Counter
 .bss.htim1     0x00000000200001b0       0x4c ./Core/Src/stm32f3xx_hal_timebase_tim.o
                0x00000000200001b0                htim1
 .bss.uwTick    0x00000000200001fc        0x4 ./Drivers/STM32F3xx_HAL_Driver/Src/stm32f3xx_hal.o
                0x00000000200001fc                uwTick
 .bss.KernelState
                0x0000000020000200        0x4 ./Middlewares/Third_Party/FreeRTOS/Source/CMSIS_RTOS_V2/cmsis_os2.o
 .bss.Idle_TCB  0x0000000020000204       0xbc ./Middlewares/Third_Party/FreeRTOS/Source/CMSIS_RTOS_V2/cmsis_os2.o
 .bss.Idle_Stack
                0x00000000200002c0      0x200 ./Middlewares/Third_Party/FreeRTOS/Source/CMSIS_RTOS_V2/cmsis_os2.o
 .bss.Timer_TCB
                0x00000000200004c0       0xbc ./Middlewares/Third_Party/FreeRTOS/Source/CMSIS_RTOS_V2/cmsis_os2.o
 .bss.Timer_Stack
                0x000000002000057c      0x400 ./Middlewares/Third_Party/FreeRTOS/Source/CMSIS_RTOS_V2/cmsis_os2.o
 .bss.xQueueRegistry
                0x000000002000097c       0x40 ./Middlewares/Third_Party/FreeRTOS/Source/queue.o
                0x000000002000097c                xQueueRegistry
 .bss.pxCurrentTCB
                0x00000000200009bc        0x4 ./Middlewares/Third_Party/FreeRTOS/Source/tasks.o
                0x00000000200009bc                pxCurrentTCB
 .bss.pxReadyTasksLists
                0x00000000200009c0      0x460 ./Middlewares/Third_Party/FreeRTOS/Source/tasks.o
 .bss.xDelayedTaskList1
                0x0000000020000e20       0x14 ./Middlewares/Third_Party/FreeRTOS/Source/tasks.o
 .bss.xDelayedTaskList2
                0x0000000020000e34       0x14 ./Middlewares/Third_Party/FreeRTOS/Source/tasks.o
 .bss.pxDelayedTaskList
                0x0000000020000e48        0x4 ./Middlewares/Third_Party/FreeRTOS/Source/tasks.o
 .bss.pxOverflowDelayedTaskList
                0x0000000020000e4c        0x4 ./Middlewares/Third_Party/FreeRTOS/Source/tasks.o
 .bss.xPendingReadyList
                0x0000000020000e50       0x14 ./Middlewares/Third_Party/FreeRTOS/Source/tasks.o
 .bss.xTasksWaitingTermination
                0x0000000020000e64       0x14 ./Middlewares/Third_Party/FreeRTOS/Source/tasks.o
 .bss.uxDeletedTasksWaitingCleanUp
                0x0000000020000e78        0x4 ./Middlewares/Third_Party/FreeRTOS/Source/tasks.o
 .bss.xSuspendedTaskList
                0x0000000020000e7c       0x14 ./Middlewares/Third_Party/FreeRTOS/Source/tasks.o
 .bss.uxCurrentNumberOfTasks
                0x0000000020000e90        0x4 ./Middlewares/Third_Party/FreeRTOS/Source/tasks.o
 .bss.xTickCount
                0x0000000020000e94        0x4 ./Middlewares/Third_Party/FreeRTOS/Source/tasks.o
 .bss.uxTopReadyPriority
                0x0000000020000e98        0x4 ./Middlewares/Third_Party/FreeRTOS/Source/tasks.o
 .bss.xSchedulerRunning
                0x0000000020000e9c        0x4 ./Middlewares/Third_Party/FreeRTOS/Source/tasks.o
 .bss.uxPendedTicks
                0x0000000020000ea0        0x4 ./Middlewares/Third_Party/FreeRTOS/Source/tasks.o
 .bss.xYieldPending
                0x0000000020000ea4        0x4 ./Middlewares/Third_Party/FreeRTOS/Source/tasks.o
 .bss.xNumOfOverflows
                0x0000000020000ea8        0x4 ./Middlewares/Third_Party/FreeRTOS/Source/tasks.o
 .bss.uxTaskNumber
                0x0000000020000eac        0x4 ./Middlewares/Third_Party/FreeRTOS/Source/tasks.o
 .bss.xNextTaskUnblockTime
                0x0000000020000eb0        0x4 ./Middlewares/Third_Party/FreeRTOS/Source/tasks.o
 .bss.xIdleTaskHandle
                0x0000000020000eb4        0x4 ./Middlewares/Third_Party/FreeRTOS/Source/tasks.o
 .bss.uxSchedulerSuspended
                0x0000000020000eb8        0x4 ./Middlewares/Third_Party/FreeRTOS/Source/tasks.o
 .bss.xActiveTimerList1
                0x0000000020000ebc       0x14 ./Middlewares/Third_Party/FreeRTOS/Source/timers.o
 .bss.xActiveTimerList2
                0x0000000020000ed0       0x14 ./Middlewares/Third_Party/FreeRTOS/Source/timers.o
 .bss.pxCurrentTimerList
                0x0000000020000ee4        0x4 ./Middlewares/Third_Party/FreeRTOS/Source/timers.o
 .bss.pxOverflowTimerList
                0x0000000020000ee8        0x4 ./Middlewares/Third_Party/FreeRTOS/Source/timers.o
 .bss.xTimerQueue
                0x0000000020000eec        0x4 ./Middlewares/Third_Party/FreeRTOS/Source/timers.o
 .bss.xTimerTaskHandle
                0x0000000020000ef0        0x4 ./Middlewares/Third_Party/FreeRTOS/Source/timers.o
 .bss.xLastTime.2
                0x0000000020000ef4        0x4 ./Middlewares/Third_Party/FreeRTOS/Source/timers.o
 .bss.ucStaticTimerQueueStorage.1
                0x0000000020000ef8       0xa0 ./Middlewares/Third_Party/FreeRTOS/Source/timers.o
 .bss.xStaticTimerQueue.0
                0x0000000020000f98       0x50 ./Middlewares/Third_Party/FreeRTOS/Source/timers.o
 .bss.ucMaxSysCallPriority
                0x0000000020000fe8        0x1 ./Middlewares/Third_Party/FreeRTOS/Source/portable/GCC/ARM_CM4F/port.o
 *fill*         0x0000000020000fe9        0x3 
 .bss.ulMaxPRIGROUPValue
                0x0000000020000fec        0x4 ./Middlewares/Third_Party/FreeRTOS/Source/portable/GCC/ARM_CM4F/port.o
 .bss.ucHeap    0x0000000020000ff0      0xc00 ./Middlewares/Third_Party/FreeRTOS/Source/portable/MemMang/heap_4.o
 .bss.xStart    0x0000000020001bf0        0x8 ./Middlewares/Third_Party/FreeRTOS/Source/portable/MemMang/heap_4.o
 .bss.pxEnd     0x0000000020001bf8        0x4 ./Middlewares/Third_Party/FreeRTOS/Source/portable/MemMang/heap_4.o
 .bss.xFreeBytesRemaining
                0x0000000020001bfc        0x4 ./Middlewares/Third_Party/FreeRTOS/Source/portable/MemMang/heap_4.o
 .bss.xMinimumEverFreeBytesRemaining
                0x0000000020001c00        0x4 ./Middlewares/Third_Party/FreeRTOS/Source/portable/MemMang/heap_4.o
 .bss.xBlockAllocatedBit
                0x0000000020001c04        0x4 ./Middlewares/Third_Party/FreeRTOS/Source/portable/MemMang/heap_4.o
 .bss.__lock___malloc_recursive_mutex
                0x0000000020001c08        0x1 /Applications/STM32CubeIDE.app/Contents/Eclipse/plugins/com.st.stm32cube.ide.mcu.externaltools.gnu-tools-for-stm32.10.3-2021.10.macos64_1.0.200.202301161003/tools/bin/../lib/gcc/arm-none-eabi/10.3.1/../../../../arm-none-eabi/lib/thumb/v7e-m+fp/hard/libc_nano.a(lib_a-lock.o)
                0x0000000020001c08                __lock___malloc_recursive_mutex
 *fill*         0x0000000020001c09        0x3 
 .bss.__malloc_free_list
                0x0000000020001c0c        0x4 /Applications/STM32CubeIDE.app/Contents/Eclipse/plugins/com.st.stm32cube.ide.mcu.externaltools.gnu-tools-for-stm32.10.3-2021.10.macos64_1.0.200.202301161003/tools/bin/../lib/gcc/arm-none-eabi/10.3.1/../../../../arm-none-eabi/lib/thumb/v7e-m+fp/hard/libc_nano.a(lib_a-nano-mallocr.o)
                0x0000000020001c0c                __malloc_free_list
 *(COMMON)
                0x0000000020001c10                . = ALIGN (0x4)
                0x0000000020001c10                _ebss = .
                0x0000000020001c10                __bss_end__ = _ebss

._user_heap_stack
                0x0000000020001c10      0x600
                0x0000000020001c10                . = ALIGN (0x8)
                [!provide]                        PROVIDE (end = .)
                0x0000000020001c10                PROVIDE (_end = .)
                0x0000000020001e10                . = (. + _Min_Heap_Size)
 *fill*         0x0000000020001c10      0x200 
                0x0000000020002210                . = (. + _Min_Stack_Size)
 *fill*         0x0000000020001e10      0x400 
                0x0000000020002210                . = ALIGN (0x8)

/DISCARD/
 libc.a(*)
 libm.a(*)
 libgcc.a(*)

.ARM.attributes
                0x0000000000000000       0x30
 *(.ARM.attributes)
 .ARM.attributes
                0x0000000000000000       0x1e /Applications/STM32CubeIDE.app/Contents/Eclipse/plugins/com.st.stm32cube.ide.mcu.externaltools.gnu-tools-for-stm32.10.3-2021.10.macos64_1.0.200.202301161003/tools/bin/../lib/gcc/arm-none-eabi/10.3.1/thumb/v7e-m+fp/hard/crti.o
 .ARM.attributes
                0x000000000000001e       0x34 /Applications/STM32CubeIDE.app/Contents/Eclipse/plugins/com.st.stm32cube.ide.mcu.externaltools.gnu-tools-for-stm32.10.3-2021.10.macos64_1.0.200.202301161003/tools/bin/../lib/gcc/arm-none-eabi/10.3.1/thumb/v7e-m+fp/hard/crtbegin.o
 .ARM.attributes
                0x0000000000000052       0x34 ./Core/Src/LED_Treiber.o
 .ARM.attributes
                0x0000000000000086       0x34 ./Core/Src/Seg_Driver.o
 .ARM.attributes
                0x00000000000000ba       0x34 ./Core/Src/Taster_Treiber.o
 .ARM.attributes
                0x00000000000000ee       0x34 ./Core/Src/main.o
 .ARM.attributes
                0x0000000000000122       0x34 ./Core/Src/stm32f3xx_hal_msp.o
 .ARM.attributes
                0x0000000000000156       0x34 ./Core/Src/stm32f3xx_hal_timebase_tim.o
 .ARM.attributes
                0x000000000000018a       0x34 ./Core/Src/stm32f3xx_it.o
 .ARM.attributes
                0x00000000000001be       0x34 ./Core/Src/system_stm32f3xx.o
 .ARM.attributes
                0x00000000000001f2       0x21 ./Core/Startup/startup_stm32f303retx.o
 .ARM.attributes
                0x0000000000000213       0x34 ./Drivers/STM32F3xx_HAL_Driver/Src/stm32f3xx_hal.o
 .ARM.attributes
                0x0000000000000247       0x34 ./Drivers/STM32F3xx_HAL_Driver/Src/stm32f3xx_hal_cortex.o
 .ARM.attributes
                0x000000000000027b       0x34 ./Drivers/STM32F3xx_HAL_Driver/Src/stm32f3xx_hal_gpio.o
 .ARM.attributes
                0x00000000000002af       0x34 ./Drivers/STM32F3xx_HAL_Driver/Src/stm32f3xx_hal_rcc.o
 .ARM.attributes
                0x00000000000002e3       0x34 ./Drivers/STM32F3xx_HAL_Driver/Src/stm32f3xx_hal_rcc_ex.o
 .ARM.attributes
                0x0000000000000317       0x34 ./Drivers/STM32F3xx_HAL_Driver/Src/stm32f3xx_hal_tim.o
 .ARM.attributes
                0x000000000000034b       0x34 ./Drivers/STM32F3xx_HAL_Driver/Src/stm32f3xx_hal_tim_ex.o
 .ARM.attributes
                0x000000000000037f       0x34 ./Drivers/STM32F3xx_HAL_Driver/Src/stm32f3xx_hal_uart.o
 .ARM.attributes
                0x00000000000003b3       0x34 ./Middlewares/Third_Party/FreeRTOS/Source/CMSIS_RTOS_V2/cmsis_os2.o
 .ARM.attributes
                0x00000000000003e7       0x34 ./Middlewares/Third_Party/FreeRTOS/Source/list.o
 .ARM.attributes
                0x000000000000041b       0x34 ./Middlewares/Third_Party/FreeRTOS/Source/queue.o
 .ARM.attributes
                0x000000000000044f       0x34 ./Middlewares/Third_Party/FreeRTOS/Source/tasks.o
 .ARM.attributes
                0x0000000000000483       0x34 ./Middlewares/Third_Party/FreeRTOS/Source/timers.o
 .ARM.attributes
                0x00000000000004b7       0x34 ./Middlewares/Third_Party/FreeRTOS/Source/portable/GCC/ARM_CM4F/port.o
 .ARM.attributes
                0x00000000000004eb       0x34 ./Middlewares/Third_Party/FreeRTOS/Source/portable/MemMang/heap_4.o
 .ARM.attributes
                0x000000000000051f       0x34 /Applications/STM32CubeIDE.app/Contents/Eclipse/plugins/com.st.stm32cube.ide.mcu.externaltools.gnu-tools-for-stm32.10.3-2021.10.macos64_1.0.200.202301161003/tools/bin/../lib/gcc/arm-none-eabi/10.3.1/../../../../arm-none-eabi/lib/thumb/v7e-m+fp/hard/libc_nano.a(lib_a-findfp.o)
 .ARM.attributes
                0x0000000000000553       0x34 /Applications/STM32CubeIDE.app/Contents/Eclipse/plugins/com.st.stm32cube.ide.mcu.externaltools.gnu-tools-for-stm32.10.3-2021.10.macos64_1.0.200.202301161003/tools/bin/../lib/gcc/arm-none-eabi/10.3.1/../../../../arm-none-eabi/lib/thumb/v7e-m+fp/hard/libc_nano.a(lib_a-impure.o)
 .ARM.attributes
                0x0000000000000587       0x34 /Applications/STM32CubeIDE.app/Contents/Eclipse/plugins/com.st.stm32cube.ide.mcu.externaltools.gnu-tools-for-stm32.10.3-2021.10.macos64_1.0.200.202301161003/tools/bin/../lib/gcc/arm-none-eabi/10.3.1/../../../../arm-none-eabi/lib/thumb/v7e-m+fp/hard/libc_nano.a(lib_a-init.o)
 .ARM.attributes
                0x00000000000005bb       0x34 /Applications/STM32CubeIDE.app/Contents/Eclipse/plugins/com.st.stm32cube.ide.mcu.externaltools.gnu-tools-for-stm32.10.3-2021.10.macos64_1.0.200.202301161003/tools/bin/../lib/gcc/arm-none-eabi/10.3.1/../../../../arm-none-eabi/lib/thumb/v7e-m+fp/hard/libc_nano.a(lib_a-lock.o)
 .ARM.attributes
                0x00000000000005ef       0x34 /Applications/STM32CubeIDE.app/Contents/Eclipse/plugins/com.st.stm32cube.ide.mcu.externaltools.gnu-tools-for-stm32.10.3-2021.10.macos64_1.0.200.202301161003/tools/bin/../lib/gcc/arm-none-eabi/10.3.1/../../../../arm-none-eabi/lib/thumb/v7e-m+fp/hard/libc_nano.a(lib_a-memcpy-stub.o)
 .ARM.attributes
                0x0000000000000623       0x34 /Applications/STM32CubeIDE.app/Contents/Eclipse/plugins/com.st.stm32cube.ide.mcu.externaltools.gnu-tools-for-stm32.10.3-2021.10.macos64_1.0.200.202301161003/tools/bin/../lib/gcc/arm-none-eabi/10.3.1/../../../../arm-none-eabi/lib/thumb/v7e-m+fp/hard/libc_nano.a(lib_a-memset.o)
 .ARM.attributes
                0x0000000000000657       0x34 /Applications/STM32CubeIDE.app/Contents/Eclipse/plugins/com.st.stm32cube.ide.mcu.externaltools.gnu-tools-for-stm32.10.3-2021.10.macos64_1.0.200.202301161003/tools/bin/../lib/gcc/arm-none-eabi/10.3.1/../../../../arm-none-eabi/lib/thumb/v7e-m+fp/hard/libc_nano.a(lib_a-nano-mallocr.o)
 .ARM.attributes
                0x000000000000068b       0x34 /Applications/STM32CubeIDE.app/Contents/Eclipse/plugins/com.st.stm32cube.ide.mcu.externaltools.gnu-tools-for-stm32.10.3-2021.10.macos64_1.0.200.202301161003/tools/bin/../lib/gcc/arm-none-eabi/10.3.1/../../../../arm-none-eabi/lib/thumb/v7e-m+fp/hard/libc_nano.a(lib_a-reent.o)
 .ARM.attributes
                0x00000000000006bf       0x34 /Applications/STM32CubeIDE.app/Contents/Eclipse/plugins/com.st.stm32cube.ide.mcu.externaltools.gnu-tools-for-stm32.10.3-2021.10.macos64_1.0.200.202301161003/tools/bin/../lib/gcc/arm-none-eabi/10.3.1/../../../../arm-none-eabi/lib/thumb/v7e-m+fp/hard/libc_nano.a(lib_a-mlock.o)
 .ARM.attributes
                0x00000000000006f3       0x34 /Applications/STM32CubeIDE.app/Contents/Eclipse/plugins/com.st.stm32cube.ide.mcu.externaltools.gnu-tools-for-stm32.10.3-2021.10.macos64_1.0.200.202301161003/tools/bin/../lib/gcc/arm-none-eabi/10.3.1/../../../../arm-none-eabi/lib/thumb/v7e-m+fp/hard/libc_nano.a(lib_a-nano-freer.o)
 .ARM.attributes
                0x0000000000000727       0x1e /Applications/STM32CubeIDE.app/Contents/Eclipse/plugins/com.st.stm32cube.ide.mcu.externaltools.gnu-tools-for-stm32.10.3-2021.10.macos64_1.0.200.202301161003/tools/bin/../lib/gcc/arm-none-eabi/10.3.1/thumb/v7e-m+fp/hard/crtn.o
OUTPUT(m242-project.elf elf32-littlearm)
LOAD linker stubs
LOAD /Applications/STM32CubeIDE.app/Contents/Eclipse/plugins/com.st.stm32cube.ide.mcu.externaltools.gnu-tools-for-stm32.10.3-2021.10.macos64_1.0.200.202301161003/tools/bin/../lib/gcc/arm-none-eabi/10.3.1/../../../../arm-none-eabi/lib/thumb/v7e-m+fp/hard/libc.a
LOAD /Applications/STM32CubeIDE.app/Contents/Eclipse/plugins/com.st.stm32cube.ide.mcu.externaltools.gnu-tools-for-stm32.10.3-2021.10.macos64_1.0.200.202301161003/tools/bin/../lib/gcc/arm-none-eabi/10.3.1/../../../../arm-none-eabi/lib/thumb/v7e-m+fp/hard/libm.a
LOAD /Applications/STM32CubeIDE.app/Contents/Eclipse/plugins/com.st.stm32cube.ide.mcu.externaltools.gnu-tools-for-stm32.10.3-2021.10.macos64_1.0.200.202301161003/tools/bin/../lib/gcc/arm-none-eabi/10.3.1/thumb/v7e-m+fp/hard/libgcc.a

.debug_info     0x0000000000000000    0x1b0a2
 .debug_info    0x0000000000000000      0x22c ./Core/Src/LED_Treiber.o
 .debug_info    0x000000000000022c      0x375 ./Core/Src/Seg_Driver.o
 .debug_info    0x00000000000005a1      0x2a5 ./Core/Src/Taster_Treiber.o
 .debug_info    0x0000000000000846     0x18f4 ./Core/Src/main.o
 .debug_info    0x000000000000213a      0xfa0 ./Core/Src/stm32f3xx_hal_msp.o
 .debug_info    0x00000000000030da      0xb20 ./Core/Src/stm32f3xx_hal_timebase_tim.o
 .debug_info    0x0000000000003bfa      0x714 ./Core/Src/stm32f3xx_it.o
 .debug_info    0x000000000000430e      0x416 ./Core/Src/system_stm32f3xx.o
 .debug_info    0x0000000000004724       0x22 ./Core/Startup/startup_stm32f303retx.o
 .debug_info    0x0000000000004746      0x837 ./Drivers/STM32F3xx_HAL_Driver/Src/stm32f3xx_hal.o
 .debug_info    0x0000000000004f7d      0xdb5 ./Drivers/STM32F3xx_HAL_Driver/Src/stm32f3xx_hal_cortex.o
 .debug_info    0x0000000000005d32      0x74e ./Drivers/STM32F3xx_HAL_Driver/Src/stm32f3xx_hal_gpio.o
 .debug_info    0x0000000000006480     0x1596 ./Drivers/STM32F3xx_HAL_Driver/Src/stm32f3xx_hal_rcc.o
 .debug_info    0x0000000000007a16      0x68a ./Drivers/STM32F3xx_HAL_Driver/Src/stm32f3xx_hal_rcc_ex.o
 .debug_info    0x00000000000080a0     0x2cdb ./Drivers/STM32F3xx_HAL_Driver/Src/stm32f3xx_hal_tim.o
 .debug_info    0x000000000000ad7b     0x16a8 ./Drivers/STM32F3xx_HAL_Driver/Src/stm32f3xx_hal_tim_ex.o
 .debug_info    0x000000000000c423     0x3bf8 ./Drivers/STM32F3xx_HAL_Driver/Src/stm32f3xx_hal_uart.o
 .debug_info    0x000000000001001b     0x4300 ./Middlewares/Third_Party/FreeRTOS/Source/CMSIS_RTOS_V2/cmsis_os2.o
 .debug_info    0x000000000001431b      0x2cb ./Middlewares/Third_Party/FreeRTOS/Source/list.o
 .debug_info    0x00000000000145e6     0x1bf9 ./Middlewares/Third_Party/FreeRTOS/Source/queue.o
 .debug_info    0x00000000000161df     0x2a28 ./Middlewares/Third_Party/FreeRTOS/Source/tasks.o
 .debug_info    0x0000000000018c07     0x1bac ./Middlewares/Third_Party/FreeRTOS/Source/timers.o
 .debug_info    0x000000000001a7b3      0x507 ./Middlewares/Third_Party/FreeRTOS/Source/portable/GCC/ARM_CM4F/port.o
 .debug_info    0x000000000001acba      0x3e8 ./Middlewares/Third_Party/FreeRTOS/Source/portable/MemMang/heap_4.o

.debug_abbrev   0x0000000000000000     0x360a
 .debug_abbrev  0x0000000000000000      0x12e ./Core/Src/LED_Treiber.o
 .debug_abbrev  0x000000000000012e      0x186 ./Core/Src/Seg_Driver.o
 .debug_abbrev  0x00000000000002b4      0x14b ./Core/Src/Taster_Treiber.o
 .debug_abbrev  0x00000000000003ff      0x394 ./Core/Src/main.o
 .debug_abbrev  0x0000000000000793      0x1b7 ./Core/Src/stm32f3xx_hal_msp.o
 .debug_abbrev  0x000000000000094a      0x1e6 ./Core/Src/stm32f3xx_hal_timebase_tim.o
 .debug_abbrev  0x0000000000000b30      0x171 ./Core/Src/stm32f3xx_it.o
 .debug_abbrev  0x0000000000000ca1      0x116 ./Core/Src/system_stm32f3xx.o
 .debug_abbrev  0x0000000000000db7       0x12 ./Core/Startup/startup_stm32f303retx.o
 .debug_abbrev  0x0000000000000dc9      0x20e ./Drivers/STM32F3xx_HAL_Driver/Src/stm32f3xx_hal.o
 .debug_abbrev  0x0000000000000fd7      0x316 ./Drivers/STM32F3xx_HAL_Driver/Src/stm32f3xx_hal_cortex.o
 .debug_abbrev  0x00000000000012ed      0x1bb ./Drivers/STM32F3xx_HAL_Driver/Src/stm32f3xx_hal_gpio.o
 .debug_abbrev  0x00000000000014a8      0x2f9 ./Drivers/STM32F3xx_HAL_Driver/Src/stm32f3xx_hal_rcc.o
 .debug_abbrev  0x00000000000017a1      0x240 ./Drivers/STM32F3xx_HAL_Driver/Src/stm32f3xx_hal_rcc_ex.o
 .debug_abbrev  0x00000000000019e1      0x264 ./Drivers/STM32F3xx_HAL_Driver/Src/stm32f3xx_hal_tim.o
 .debug_abbrev  0x0000000000001c45      0x26c ./Drivers/STM32F3xx_HAL_Driver/Src/stm32f3xx_hal_tim_ex.o
 .debug_abbrev  0x0000000000001eb1      0x2bc ./Drivers/STM32F3xx_HAL_Driver/Src/stm32f3xx_hal_uart.o
 .debug_abbrev  0x000000000000216d      0x446 ./Middlewares/Third_Party/FreeRTOS/Source/CMSIS_RTOS_V2/cmsis_os2.o
 .debug_abbrev  0x00000000000025b3       0xf2 ./Middlewares/Third_Party/FreeRTOS/Source/list.o
 .debug_abbrev  0x00000000000026a5      0x3ba ./Middlewares/Third_Party/FreeRTOS/Source/queue.o
 .debug_abbrev  0x0000000000002a5f      0x3f3 ./Middlewares/Third_Party/FreeRTOS/Source/tasks.o
 .debug_abbrev  0x0000000000002e52      0x360 ./Middlewares/Third_Party/FreeRTOS/Source/timers.o
 .debug_abbrev  0x00000000000031b2      0x259 ./Middlewares/Third_Party/FreeRTOS/Source/portable/GCC/ARM_CM4F/port.o
 .debug_abbrev  0x000000000000340b      0x1ff ./Middlewares/Third_Party/FreeRTOS/Source/portable/MemMang/heap_4.o

.debug_aranges  0x0000000000000000     0x1430
 .debug_aranges
                0x0000000000000000       0x28 ./Core/Src/LED_Treiber.o
 .debug_aranges
                0x0000000000000028       0x38 ./Core/Src/Seg_Driver.o
 .debug_aranges
                0x0000000000000060       0x28 ./Core/Src/Taster_Treiber.o
 .debug_aranges
                0x0000000000000088       0x98 ./Core/Src/main.o
 .debug_aranges
                0x0000000000000120       0x40 ./Core/Src/stm32f3xx_hal_msp.o
 .debug_aranges
                0x0000000000000160       0x30 ./Core/Src/stm32f3xx_hal_timebase_tim.o
 .debug_aranges
                0x0000000000000190       0x58 ./Core/Src/stm32f3xx_it.o
 .debug_aranges
                0x00000000000001e8       0x28 ./Core/Src/system_stm32f3xx.o
 .debug_aranges
                0x0000000000000210       0x28 ./Core/Startup/startup_stm32f303retx.o
 .debug_aranges
                0x0000000000000238       0xe0 ./Drivers/STM32F3xx_HAL_Driver/Src/stm32f3xx_hal.o
 .debug_aranges
                0x0000000000000318      0x118 ./Drivers/STM32F3xx_HAL_Driver/Src/stm32f3xx_hal_cortex.o
 .debug_aranges
                0x0000000000000430       0x58 ./Drivers/STM32F3xx_HAL_Driver/Src/stm32f3xx_hal_gpio.o
 .debug_aranges
                0x0000000000000488       0x88 ./Drivers/STM32F3xx_HAL_Driver/Src/stm32f3xx_hal_rcc.o
 .debug_aranges
                0x0000000000000510       0x38 ./Drivers/STM32F3xx_HAL_Driver/Src/stm32f3xx_hal_rcc_ex.o
 .debug_aranges
                0x0000000000000548      0x3e0 ./Drivers/STM32F3xx_HAL_Driver/Src/stm32f3xx_hal_tim.o
 .debug_aranges
                0x0000000000000928      0x178 ./Drivers/STM32F3xx_HAL_Driver/Src/stm32f3xx_hal_tim_ex.o
 .debug_aranges
                0x0000000000000aa0      0x228 ./Drivers/STM32F3xx_HAL_Driver/Src/stm32f3xx_hal_uart.o
 .debug_aranges
                0x0000000000000cc8      0x228 ./Middlewares/Third_Party/FreeRTOS/Source/CMSIS_RTOS_V2/cmsis_os2.o
 .debug_aranges
                0x0000000000000ef0       0x40 ./Middlewares/Third_Party/FreeRTOS/Source/list.o
 .debug_aranges
                0x0000000000000f30      0x158 ./Middlewares/Third_Party/FreeRTOS/Source/queue.o
 .debug_aranges
                0x0000000000001088      0x1f8 ./Middlewares/Third_Party/FreeRTOS/Source/tasks.o
 .debug_aranges
                0x0000000000001280       0xe0 ./Middlewares/Third_Party/FreeRTOS/Source/timers.o
 .debug_aranges
                0x0000000000001360       0x80 ./Middlewares/Third_Party/FreeRTOS/Source/portable/GCC/ARM_CM4F/port.o
 .debug_aranges
                0x00000000000013e0       0x50 ./Middlewares/Third_Party/FreeRTOS/Source/portable/MemMang/heap_4.o

.debug_ranges   0x0000000000000000     0x12e8
 .debug_ranges  0x0000000000000000       0x18 ./Core/Src/LED_Treiber.o
 .debug_ranges  0x0000000000000018       0x28 ./Core/Src/Seg_Driver.o
 .debug_ranges  0x0000000000000040       0x18 ./Core/Src/Taster_Treiber.o
 .debug_ranges  0x0000000000000058       0x88 ./Core/Src/main.o
 .debug_ranges  0x00000000000000e0       0x30 ./Core/Src/stm32f3xx_hal_msp.o
 .debug_ranges  0x0000000000000110       0x20 ./Core/Src/stm32f3xx_hal_timebase_tim.o
 .debug_ranges  0x0000000000000130       0x48 ./Core/Src/stm32f3xx_it.o
 .debug_ranges  0x0000000000000178       0x18 ./Core/Src/system_stm32f3xx.o
 .debug_ranges  0x0000000000000190       0x20 ./Core/Startup/startup_stm32f303retx.o
 .debug_ranges  0x00000000000001b0       0xd0 ./Drivers/STM32F3xx_HAL_Driver/Src/stm32f3xx_hal.o
 .debug_ranges  0x0000000000000280      0x108 ./Drivers/STM32F3xx_HAL_Driver/Src/stm32f3xx_hal_cortex.o
 .debug_ranges  0x0000000000000388       0x48 ./Drivers/STM32F3xx_HAL_Driver/Src/stm32f3xx_hal_gpio.o
 .debug_ranges  0x00000000000003d0       0x78 ./Drivers/STM32F3xx_HAL_Driver/Src/stm32f3xx_hal_rcc.o
 .debug_ranges  0x0000000000000448       0x28 ./Drivers/STM32F3xx_HAL_Driver/Src/stm32f3xx_hal_rcc_ex.o
 .debug_ranges  0x0000000000000470      0x3d0 ./Drivers/STM32F3xx_HAL_Driver/Src/stm32f3xx_hal_tim.o
 .debug_ranges  0x0000000000000840      0x168 ./Drivers/STM32F3xx_HAL_Driver/Src/stm32f3xx_hal_tim_ex.o
 .debug_ranges  0x00000000000009a8      0x248 ./Drivers/STM32F3xx_HAL_Driver/Src/stm32f3xx_hal_uart.o
 .debug_ranges  0x0000000000000bf0      0x218 ./Middlewares/Third_Party/FreeRTOS/Source/CMSIS_RTOS_V2/cmsis_os2.o
 .debug_ranges  0x0000000000000e08       0x30 ./Middlewares/Third_Party/FreeRTOS/Source/list.o
 .debug_ranges  0x0000000000000e38      0x148 ./Middlewares/Third_Party/FreeRTOS/Source/queue.o
 .debug_ranges  0x0000000000000f80      0x1e8 ./Middlewares/Third_Party/FreeRTOS/Source/tasks.o
 .debug_ranges  0x0000000000001168       0xd0 ./Middlewares/Third_Party/FreeRTOS/Source/timers.o
 .debug_ranges  0x0000000000001238       0x70 ./Middlewares/Third_Party/FreeRTOS/Source/portable/GCC/ARM_CM4F/port.o
 .debug_ranges  0x00000000000012a8       0x40 ./Middlewares/Third_Party/FreeRTOS/Source/portable/MemMang/heap_4.o

.debug_macro    0x0000000000000000    0x2290d
 .debug_macro   0x0000000000000000      0x30e ./Core/Src/LED_Treiber.o
 .debug_macro   0x000000000000030e      0xa78 ./Core/Src/LED_Treiber.o
 .debug_macro   0x0000000000000d86      0x157 ./Core/Src/LED_Treiber.o
 .debug_macro   0x0000000000000edd       0x2e ./Core/Src/LED_Treiber.o
 .debug_macro   0x0000000000000f0b       0x28 ./Core/Src/LED_Treiber.o
 .debug_macro   0x0000000000000f33       0x22 ./Core/Src/LED_Treiber.o
 .debug_macro   0x0000000000000f55       0x8e ./Core/Src/LED_Treiber.o
 .debug_macro   0x0000000000000fe3       0x51 ./Core/Src/LED_Treiber.o
 .debug_macro   0x0000000000001034      0x103 ./Core/Src/LED_Treiber.o
 .debug_macro   0x0000000000001137       0x6a ./Core/Src/LED_Treiber.o
 .debug_macro   0x00000000000011a1      0x1df ./Core/Src/LED_Treiber.o
 .debug_macro   0x0000000000001380       0x1c ./Core/Src/LED_Treiber.o
 .debug_macro   0x000000000000139c       0x22 ./Core/Src/LED_Treiber.o
 .debug_macro   0x00000000000013be       0xd9 ./Core/Src/LED_Treiber.o
 .debug_macro   0x0000000000001497     0x102d ./Core/Src/LED_Treiber.o
 .debug_macro   0x00000000000024c4      0x11f ./Core/Src/LED_Treiber.o
 .debug_macro   0x00000000000025e3    0x1535a ./Core/Src/LED_Treiber.o
 .debug_macro   0x000000000001793d       0x6d ./Core/Src/LED_Treiber.o
 .debug_macro   0x00000000000179aa     0x3558 ./Core/Src/LED_Treiber.o
 .debug_macro   0x000000000001af02      0x174 ./Core/Src/LED_Treiber.o
 .debug_macro   0x000000000001b076       0x55 ./Core/Src/LED_Treiber.o
 .debug_macro   0x000000000001b0cb      0x953 ./Core/Src/LED_Treiber.o
 .debug_macro   0x000000000001ba1e      0x84a ./Core/Src/LED_Treiber.o
 .debug_macro   0x000000000001c268      0x1b5 ./Core/Src/LED_Treiber.o
 .debug_macro   0x000000000001c41d      0x23a ./Core/Src/LED_Treiber.o
 .debug_macro   0x000000000001c657      0x1ea ./Core/Src/LED_Treiber.o
 .debug_macro   0x000000000001c841      0x1bc ./Core/Src/LED_Treiber.o
 .debug_macro   0x000000000001c9fd       0x30 ./Core/Src/LED_Treiber.o
 .debug_macro   0x000000000001ca2d       0x3c ./Core/Src/LED_Treiber.o
 .debug_macro   0x000000000001ca69      0x235 ./Core/Src/LED_Treiber.o
 .debug_macro   0x000000000001cc9e       0xc5 ./Core/Src/LED_Treiber.o
 .debug_macro   0x000000000001cd63      0x21d ./Core/Src/LED_Treiber.o
 .debug_macro   0x000000000001cf80      0x22c ./Core/Src/LED_Treiber.o
 .debug_macro   0x000000000001d1ac       0x5b ./Core/Src/LED_Treiber.o
 .debug_macro   0x000000000001d207       0xa5 ./Core/Src/LED_Treiber.o
 .debug_macro   0x000000000001d2ac       0x81 ./Core/Src/LED_Treiber.o
 .debug_macro   0x000000000001d32d       0xd3 ./Core/Src/LED_Treiber.o
 .debug_macro   0x000000000001d400      0xa59 ./Core/Src/LED_Treiber.o
 .debug_macro   0x000000000001de59       0xba ./Core/Src/LED_Treiber.o
 .debug_macro   0x000000000001df13      0x5ba ./Core/Src/LED_Treiber.o
 .debug_macro   0x000000000001e4cd       0x44 ./Core/Src/LED_Treiber.o
 .debug_macro   0x000000000001e511      0x347 ./Core/Src/LED_Treiber.o
 .debug_macro   0x000000000001e858       0xc4 ./Core/Src/LED_Treiber.o
 .debug_macro   0x000000000001e91c       0x5b ./Core/Src/LED_Treiber.o
 .debug_macro   0x000000000001e977       0x74 ./Core/Src/LED_Treiber.o
 .debug_macro   0x000000000001e9eb      0x129 ./Core/Src/LED_Treiber.o
 .debug_macro   0x000000000001eb14      0x15a ./Core/Src/LED_Treiber.o
 .debug_macro   0x000000000001ec6e       0xc2 ./Core/Src/LED_Treiber.o
 .debug_macro   0x000000000001ed30       0x10 ./Core/Src/LED_Treiber.o
 .debug_macro   0x000000000001ed40       0x1f ./Core/Src/LED_Treiber.o
 .debug_macro   0x000000000001ed5f       0x52 ./Core/Src/LED_Treiber.o
 .debug_macro   0x000000000001edb1       0x1e ./Core/Src/LED_Treiber.o
 .debug_macro   0x000000000001edcf       0x3c ./Core/Src/LED_Treiber.o
 .debug_macro   0x000000000001ee0b       0x34 ./Core/Src/LED_Treiber.o
 .debug_macro   0x000000000001ee3f       0x16 ./Core/Src/LED_Treiber.o
 .debug_macro   0x000000000001ee55       0x43 ./Core/Src/LED_Treiber.o
 .debug_macro   0x000000000001ee98       0x34 ./Core/Src/LED_Treiber.o
 .debug_macro   0x000000000001eecc       0x10 ./Core/Src/LED_Treiber.o
 .debug_macro   0x000000000001eedc       0x58 ./Core/Src/LED_Treiber.o
 .debug_macro   0x000000000001ef34       0x71 ./Core/Src/LED_Treiber.o
 .debug_macro   0x000000000001efa5       0x1c ./Core/Src/LED_Treiber.o
 .debug_macro   0x000000000001efc1      0x12a ./Core/Src/LED_Treiber.o
 .debug_macro   0x000000000001f0eb       0x10 ./Core/Src/LED_Treiber.o
 .debug_macro   0x000000000001f0fb       0x35 ./Core/Src/LED_Treiber.o
 .debug_macro   0x000000000001f130      0x479 ./Core/Src/LED_Treiber.o
 .debug_macro   0x000000000001f5a9       0xdd ./Core/Src/LED_Treiber.o
 .debug_macro   0x000000000001f686       0x22 ./Core/Src/LED_Treiber.o
 .debug_macro   0x000000000001f6a8       0x1c ./Core/Src/LED_Treiber.o
 .debug_macro   0x000000000001f6c4      0x305 ./Core/Src/Seg_Driver.o
 .debug_macro   0x000000000001f9c9       0x58 ./Core/Src/Seg_Driver.o
 .debug_macro   0x000000000001fa21      0x30e ./Core/Src/Taster_Treiber.o
 .debug_macro   0x000000000001fd2f       0x16 ./Core/Src/Taster_Treiber.o
 .debug_macro   0x000000000001fd45      0x320 ./Core/Src/main.o
 .debug_macro   0x0000000000020065       0x1c ./Core/Src/main.o
 .debug_macro   0x0000000000020081       0x5e ./Core/Src/main.o
 .debug_macro   0x00000000000200df      0x1e6 ./Core/Src/stm32f3xx_hal_msp.o
 .debug_macro   0x00000000000202c5      0x1d7 ./Core/Src/stm32f3xx_hal_timebase_tim.o
 .debug_macro   0x000000000002049c      0x1f0 ./Core/Src/stm32f3xx_it.o
 .debug_macro   0x000000000002068c      0x1d7 ./Core/Src/system_stm32f3xx.o
 .debug_macro   0x0000000000020863      0x1fb ./Drivers/STM32F3xx_HAL_Driver/Src/stm32f3xx_hal.o
 .debug_macro   0x0000000000020a5e      0x1d7 ./Drivers/STM32F3xx_HAL_Driver/Src/stm32f3xx_hal_cortex.o
 .debug_macro   0x0000000000020c35      0x1de ./Drivers/STM32F3xx_HAL_Driver/Src/stm32f3xx_hal_gpio.o
 .debug_macro   0x0000000000020e13      0x1fb ./Drivers/STM32F3xx_HAL_Driver/Src/stm32f3xx_hal_rcc.o
 .debug_macro   0x000000000002100e      0x1d7 ./Drivers/STM32F3xx_HAL_Driver/Src/stm32f3xx_hal_rcc_ex.o
 .debug_macro   0x00000000000211e5      0x1d8 ./Drivers/STM32F3xx_HAL_Driver/Src/stm32f3xx_hal_tim.o
 .debug_macro   0x00000000000213bd      0x1d7 ./Drivers/STM32F3xx_HAL_Driver/Src/stm32f3xx_hal_tim_ex.o
 .debug_macro   0x0000000000021594      0x1f4 ./Drivers/STM32F3xx_HAL_Driver/Src/stm32f3xx_hal_uart.o
 .debug_macro   0x0000000000021788      0x259 ./Middlewares/Third_Party/FreeRTOS/Source/CMSIS_RTOS_V2/cmsis_os2.o
 .debug_macro   0x00000000000219e1       0x10 ./Middlewares/Third_Party/FreeRTOS/Source/CMSIS_RTOS_V2/cmsis_os2.o
 .debug_macro   0x00000000000219f1       0x20 ./Middlewares/Third_Party/FreeRTOS/Source/CMSIS_RTOS_V2/cmsis_os2.o
 .debug_macro   0x0000000000021a11       0x10 ./Middlewares/Third_Party/FreeRTOS/Source/CMSIS_RTOS_V2/cmsis_os2.o
 .debug_macro   0x0000000000021a21       0xd3 ./Middlewares/Third_Party/FreeRTOS/Source/CMSIS_RTOS_V2/cmsis_os2.o
 .debug_macro   0x0000000000021af4       0x16 ./Middlewares/Third_Party/FreeRTOS/Source/CMSIS_RTOS_V2/cmsis_os2.o
 .debug_macro   0x0000000000021b0a       0x91 ./Middlewares/Third_Party/FreeRTOS/Source/CMSIS_RTOS_V2/cmsis_os2.o
 .debug_macro   0x0000000000021b9b       0x8d ./Middlewares/Third_Party/FreeRTOS/Source/CMSIS_RTOS_V2/cmsis_os2.o
 .debug_macro   0x0000000000021c28       0x9a ./Middlewares/Third_Party/FreeRTOS/Source/CMSIS_RTOS_V2/cmsis_os2.o
 .debug_macro   0x0000000000021cc2      0x199 ./Middlewares/Third_Party/FreeRTOS/Source/list.o
 .debug_macro   0x0000000000021e5b      0x224 ./Middlewares/Third_Party/FreeRTOS/Source/queue.o
 .debug_macro   0x000000000002207f       0x16 ./Middlewares/Third_Party/FreeRTOS/Source/queue.o
 .debug_macro   0x0000000000022095      0x299 ./Middlewares/Third_Party/FreeRTOS/Source/tasks.o
 .debug_macro   0x000000000002232e       0x10 ./Middlewares/Third_Party/FreeRTOS/Source/tasks.o
 .debug_macro   0x000000000002233e      0x1dc ./Middlewares/Third_Party/FreeRTOS/Source/timers.o
 .debug_macro   0x000000000002251a      0x233 ./Middlewares/Third_Party/FreeRTOS/Source/portable/GCC/ARM_CM4F/port.o
 .debug_macro   0x000000000002274d      0x1c0 ./Middlewares/Third_Party/FreeRTOS/Source/portable/MemMang/heap_4.o

.debug_line     0x0000000000000000    0x199aa
 .debug_line    0x0000000000000000      0x9ed ./Core/Src/LED_Treiber.o
 .debug_line    0x00000000000009ed      0xb05 ./Core/Src/Seg_Driver.o
 .debug_line    0x00000000000014f2      0xa18 ./Core/Src/Taster_Treiber.o
 .debug_line    0x0000000000001f0a      0xde9 ./Core/Src/main.o
 .debug_line    0x0000000000002cf3      0x7a3 ./Core/Src/stm32f3xx_hal_msp.o
 .debug_line    0x0000000000003496      0x788 ./Core/Src/stm32f3xx_hal_timebase_tim.o
 .debug_line    0x0000000000003c1e      0x7cf ./Core/Src/stm32f3xx_it.o
 .debug_line    0x00000000000043ed      0x796 ./Core/Src/system_stm32f3xx.o
 .debug_line    0x0000000000004b83       0x88 ./Core/Startup/startup_stm32f303retx.o
 .debug_line    0x0000000000004c0b      0x9c6 ./Drivers/STM32F3xx_HAL_Driver/Src/stm32f3xx_hal.o
 .debug_line    0x00000000000055d1      0xc8b ./Drivers/STM32F3xx_HAL_Driver/Src/stm32f3xx_hal_cortex.o
 .debug_line    0x000000000000625c      0xb4d ./Drivers/STM32F3xx_HAL_Driver/Src/stm32f3xx_hal_gpio.o
 .debug_line    0x0000000000006da9     0x13bb ./Drivers/STM32F3xx_HAL_Driver/Src/stm32f3xx_hal_rcc.o
 .debug_line    0x0000000000008164      0xee1 ./Drivers/STM32F3xx_HAL_Driver/Src/stm32f3xx_hal_rcc_ex.o
 .debug_line    0x0000000000009045     0x3dfc ./Drivers/STM32F3xx_HAL_Driver/Src/stm32f3xx_hal_tim.o
 .debug_line    0x000000000000ce41     0x1af1 ./Drivers/STM32F3xx_HAL_Driver/Src/stm32f3xx_hal_tim_ex.o
 .debug_line    0x000000000000e932     0x310b ./Drivers/STM32F3xx_HAL_Driver/Src/stm32f3xx_hal_uart.o
 .debug_line    0x0000000000011a3d     0x2499 ./Middlewares/Third_Party/FreeRTOS/Source/CMSIS_RTOS_V2/cmsis_os2.o
 .debug_line    0x0000000000013ed6      0x749 ./Middlewares/Third_Party/FreeRTOS/Source/list.o
 .debug_line    0x000000000001461f     0x170c ./Middlewares/Third_Party/FreeRTOS/Source/queue.o
 .debug_line    0x0000000000015d2b     0x1d88 ./Middlewares/Third_Party/FreeRTOS/Source/tasks.o
 .debug_line    0x0000000000017ab3      0xcdc ./Middlewares/Third_Party/FreeRTOS/Source/timers.o
 .debug_line    0x000000000001878f      0x910 ./Middlewares/Third_Party/FreeRTOS/Source/portable/GCC/ARM_CM4F/port.o
 .debug_line    0x000000000001909f      0x90b ./Middlewares/Third_Party/FreeRTOS/Source/portable/MemMang/heap_4.o

.debug_str      0x0000000000000000    0xd39d4
 .debug_str     0x0000000000000000    0xc7a23 ./Core/Src/LED_Treiber.o
                                      0xc80ed (size before relaxing)
 .debug_str     0x00000000000c7a23      0x2ec ./Core/Src/Seg_Driver.o
                                      0xc832b (size before relaxing)
 .debug_str     0x00000000000c7d0f      0x129 ./Core/Src/Taster_Treiber.o
                                      0xc81a7 (size before relaxing)
 .debug_str     0x00000000000c7e38     0x1239 ./Core/Src/main.o
                                      0xc9751 (size before relaxing)
 .debug_str     0x00000000000c9071      0x449 ./Core/Src/stm32f3xx_hal_msp.o
                                      0xc3cb1 (size before relaxing)
 .debug_str     0x00000000000c94ba       0xe5 ./Core/Src/stm32f3xx_hal_timebase_tim.o
                                      0xc37a9 (size before relaxing)
 .debug_str     0x00000000000c959f       0xb5 ./Core/Src/stm32f3xx_it.o
                                      0xc34d9 (size before relaxing)
 .debug_str     0x00000000000c9654       0xe9 ./Core/Src/system_stm32f3xx.o
                                      0xc2d4c (size before relaxing)
 .debug_str     0x00000000000c973d       0x36 ./Core/Startup/startup_stm32f303retx.o