Archive member included to satisfy reference by file (symbol)

/Applications/STM32CubeIDE.app/Contents/Eclipse/plugins/com.st.stm32cube.ide.mcu.externaltools.gnu-tools-for-stm32.10.3-2021.10.macos64_1.0.200.202301161003/tools/bin/../lib/gcc/arm-none-eabi/10.3.1/../../../../arm-none-eabi/lib/thumb/v7e-m+fp/hard/libc_nano.a(lib_a-errno.o)
                              ./Core/Src/syscalls.o (__errno)
/Applications/STM32CubeIDE.app/Contents/Eclipse/plugins/com.st.stm32cube.ide.mcu.externaltools.gnu-tools-for-stm32.10.3-2021.10.macos64_1.0.200.202301161003/tools/bin/../lib/gcc/arm-none-eabi/10.3.1/../../../../arm-none-eabi/lib/thumb/v7e-m+fp/hard/libc_nano.a(lib_a-exit.o)
                              /Applications/STM32CubeIDE.app/Contents/Eclipse/plugins/com.st.stm32cube.ide.mcu.externaltools.gnu-tools-for-stm32.10.3-2021.10.macos64_1.0.200.202301161003/tools/bin/../lib/gcc/arm-none-eabi/10.3.1/../../../../arm-none-eabi/lib/thumb/v7e-m+fp/hard/crt0.o (exit)
/Applications/STM32CubeIDE.app/Contents/Eclipse/plugins/com.st.stm32cube.ide.mcu.externaltools.gnu-tools-for-stm32.10.3-2021.10.macos64_1.0.200.202301161003/tools/bin/../lib/gcc/arm-none-eabi/10.3.1/../../../../arm-none-eabi/lib/thumb/v7e-m+fp/hard/libc_nano.a(lib_a-findfp.o)
                              ./Middlewares/Third_Party/FreeRTOS/Source/tasks.o (__sf_fake_stderr)
/Applications/STM32CubeIDE.app/Contents/Eclipse/plugins/com.st.stm32cube.ide.mcu.externaltools.gnu-tools-for-stm32.10.3-2021.10.macos64_1.0.200.202301161003/tools/bin/../lib/gcc/arm-none-eabi/10.3.1/../../../../arm-none-eabi/lib/thumb/v7e-m+fp/hard/libc_nano.a(lib_a-fwalk.o)
                              /Applications/STM32CubeIDE.app/Contents/Eclipse/plugins/com.st.stm32cube.ide.mcu.externaltools.gnu-tools-for-stm32.10.3-2021.10.macos64_1.0.200.202301161003/tools/bin/../lib/gcc/arm-none-eabi/10.3.1/../../../../arm-none-eabi/lib/thumb/v7e-m+fp/hard/libc_nano.a(lib_a-findfp.o) (_fwalk)
/Applications/STM32CubeIDE.app/Contents/Eclipse/plugins/com.st.stm32cube.ide.mcu.externaltools.gnu-tools-for-stm32.10.3-2021.10.macos64_1.0.200.202301161003/tools/bin/../lib/gcc/arm-none-eabi/10.3.1/../../../../arm-none-eabi/lib/thumb/v7e-m+fp/hard/libc_nano.a(lib_a-impure.o)
                              /Applications/STM32CubeIDE.app/Contents/Eclipse/plugins/com.st.stm32cube.ide.mcu.externaltools.gnu-tools-for-stm32.10.3-2021.10.macos64_1.0.200.202301161003/tools/bin/../lib/gcc/arm-none-eabi/10.3.1/../../../../arm-none-eabi/lib/thumb/v7e-m+fp/hard/libc_nano.a(lib_a-exit.o) (_global_impure_ptr)
/Applications/STM32CubeIDE.app/Contents/Eclipse/plugins/com.st.stm32cube.ide.mcu.externaltools.gnu-tools-for-stm32.10.3-2021.10.macos64_1.0.200.202301161003/tools/bin/../lib/gcc/arm-none-eabi/10.3.1/../../../../arm-none-eabi/lib/thumb/v7e-m+fp/hard/libc_nano.a(lib_a-init.o)
                              /Applications/STM32CubeIDE.app/Contents/Eclipse/plugins/com.st.stm32cube.ide.mcu.externaltools.gnu-tools-for-stm32.10.3-2021.10.macos64_1.0.200.202301161003/tools/bin/../lib/gcc/arm-none-eabi/10.3.1/../../../../arm-none-eabi/lib/thumb/v7e-m+fp/hard/crt0.o (__libc_init_array)
/Applications/STM32CubeIDE.app/Contents/Eclipse/plugins/com.st.stm32cube.ide.mcu.externaltools.gnu-tools-for-stm32.10.3-2021.10.macos64_1.0.200.202301161003/tools/bin/../lib/gcc/arm-none-eabi/10.3.1/../../../../arm-none-eabi/lib/thumb/v7e-m+fp/hard/libc_nano.a(lib_a-lock.o)
                              /Applications/STM32CubeIDE.app/Contents/Eclipse/plugins/com.st.stm32cube.ide.mcu.externaltools.gnu-tools-for-stm32.10.3-2021.10.macos64_1.0.200.202301161003/tools/bin/../lib/gcc/arm-none-eabi/10.3.1/../../../../arm-none-eabi/lib/thumb/v7e-m+fp/hard/libc_nano.a(lib_a-findfp.o) (__retarget_lock_init_recursive)
/Applications/STM32CubeIDE.app/Contents/Eclipse/plugins/com.st.stm32cube.ide.mcu.externaltools.gnu-tools-for-stm32.10.3-2021.10.macos64_1.0.200.202301161003/tools/bin/../lib/gcc/arm-none-eabi/10.3.1/../../../../arm-none-eabi/lib/thumb/v7e-m+fp/hard/libc_nano.a(lib_a-memcpy-stub.o)
                              ./Middlewares/Third_Party/FreeRTOS/Source/CMSIS_RTOS_V2/cmsis_os2.o (memcpy)
/Applications/STM32CubeIDE.app/Contents/Eclipse/plugins/com.st.stm32cube.ide.mcu.externaltools.gnu-tools-for-stm32.10.3-2021.10.macos64_1.0.200.202301161003/tools/bin/../lib/gcc/arm-none-eabi/10.3.1/../../../../arm-none-eabi/lib/thumb/v7e-m+fp/hard/libc_nano.a(lib_a-memset.o)
                              /Applications/STM32CubeIDE.app/Contents/Eclipse/plugins/com.st.stm32cube.ide.mcu.externaltools.gnu-tools-for-stm32.10.3-2021.10.macos64_1.0.200.202301161003/tools/bin/../lib/gcc/arm-none-eabi/10.3.1/../../../../arm-none-eabi/lib/thumb/v7e-m+fp/hard/crt0.o (memset)
/Applications/STM32CubeIDE.app/Contents/Eclipse/plugins/com.st.stm32cube.ide.mcu.externaltools.gnu-tools-for-stm32.10.3-2021.10.macos64_1.0.200.202301161003/tools/bin/../lib/gcc/arm-none-eabi/10.3.1/../../../../arm-none-eabi/lib/thumb/v7e-m+fp/hard/libc_nano.a(lib_a-nano-mallocr.o)
[...]
Memory Configuration

Name             Origin             Length             Attributes
CCMRAM           0x0000000010000000 0x0000000000004000 xrw
RAM              0x0000000020000000 0x0000000000010000 xrw
FLASH            0x0000000008000000 0x0000000000080000 xr
*default*        0x0000000000000000 0xffffffffffffffff

Linker script and memory map

LOAD /Applications/STM32CubeIDE.app/Contents/Eclipse/plugins/com.st.stm32cube.ide.mcu.externaltools.gnu-tools-for-stm32.10.3-2021.10.macos64_1.0.200.202301161003/tools/bin/../lib/gcc/arm-none-eabi/10.3.1/thumb/v7e-m+fp/hard/crti.o
LOAD /Applications/STM32CubeIDE.app/Contents/Eclipse/plugins/com.st.stm32cube.ide.mcu.externaltools.gnu-tools-for-stm32.10.3-2021.10.macos64_1.0.200.202301161003/tools/bin/../lib/gcc/arm-none-eabi/10.3.1/thumb/v7e-m+fp/hard/crtbegin.o
LOAD /Applications/STM32CubeIDE.app/Contents/Eclipse/plugins/com.st.stm32cube.ide.mcu.externaltools.gnu-tools-for-stm32.10.3-2021.10.macos64_1.0.200.202301161003/tools/bin/../lib/gcc/arm-none-eabi/10.3.1/../../../../arm-none-eabi/lib/thumb/v7e-m+fp/hard/crt0.o
LOAD ./Core/Src/LED_Treiber.o
LOAD ./Core/Src/Seg_Driver.o
LOAD ./Core/Src/Taster_Treiber.o
LOAD ./Core/Src/freertos.o
LOAD ./Core/Src/main.o
LOAD ./Core/Src/stm32f3xx_hal_msp.o
LOAD ./Core/Src/stm32f3xx_hal_timebase_tim.o
LOAD ./Core/Src/stm32f3xx_it.o
LOAD ./Core/Src/syscalls.o
LOAD ./Core/Src/sysmem.o
LOAD ./Core/Src/system_stm32f3xx.o
LOAD ./Core/Startup/startup_stm32f303retx.o
LOAD ./Drivers/STM32F3xx_HAL_Driver/Src/stm32f3xx_hal.o
LOAD ./Drivers/STM32F3xx_HAL_Driver/Src/stm32f3xx_hal_cortex.o
LOAD ./Drivers/STM32F3xx_HAL_Driver/Src/stm32f3xx_hal_dma.o
LOAD ./Drivers/STM32F3xx_HAL_Driver/Src/stm32f3xx_hal_exti.o
LOAD ./Drivers/STM32F3xx_HAL_Driver/Src/stm32f3xx_hal_flash.o
LOAD ./Drivers/STM32F3xx_HAL_Driver/Src/stm32f3xx_hal_flash_ex.o
LOAD ./Drivers/STM32F3xx_HAL_Driver/Src/stm32f3xx_hal_gpio.o
LOAD ./Drivers/STM32F3xx_HAL_Driver/Src/stm32f3xx_hal_i2c.o
LOAD ./Drivers/STM32F3xx_HAL_Driver/Src/stm32f3xx_hal_i2c_ex.o
LOAD ./Drivers/STM32F3xx_HAL_Driver/Src/stm32f3xx_hal_pwr.o
LOAD ./Drivers/STM32F3xx_HAL_Driver/Src/stm32f3xx_hal_pwr_ex.o
LOAD ./Drivers/STM32F3xx_HAL_Driver/Src/stm32f3xx_hal_rcc.o
LOAD ./Drivers/STM32F3xx_HAL_Driver/Src/stm32f3xx_hal_rcc_ex.o
LOAD ./Drivers/STM32F3xx_HAL_Driver/Src/stm32f3xx_hal_tim.o
LOAD ./Drivers/STM32F3xx_HAL_Driver/Src/stm32f3xx_hal_tim_ex.o
LOAD ./Drivers/STM32F3xx_HAL_Driver/Src/stm32f3xx_hal_uart.o
LOAD ./Drivers/STM32F3xx_HAL_Driver/Src/stm32f3xx_hal_uart_ex.o
LOAD ./Middlewares/Third_Party/FreeRTOS/Source/CMSIS_RTOS_V2/cmsis_os2.o
LOAD ./Middlewares/Third_Party/FreeRTOS/Source/croutine.o
LOAD ./Middlewares/Third_Party/FreeRTOS/Source/event_groups.o
LOAD ./Middlewares/Third_Party/FreeRTOS/Source/list.o
LOAD ./Middlewares/Third_Party/FreeRTOS/Source/queue.o
LOAD ./Middlewares/Third_Party/FreeRTOS/Source/stream_buffer.o
LOAD ./Middlewares/Third_Party/FreeRTOS/Source/tasks.o
LOAD ./Middlewares/Third_Party/FreeRTOS/Source/timers.o
LOAD ./Middlewares/Third_Party/FreeRTOS/Source/portable/GCC/ARM_CM4F/port.o
LOAD ./Middlewares/Third_Party/FreeRTOS/Source/portable/MemMang/heap_4.o
START GROUP
LOAD /Applications/STM32CubeIDE.app/Contents/Eclipse/plugins/com.st.stm32cube.ide.mcu.externaltools.gnu-tools-for-stm32.10.3-2021.10.macos64_1.0.200.202301161003/tools/bin/../lib/gcc/arm-none-eabi/10.3.1/../../../../arm-none-eabi/lib/thumb/v7e-m+fp/hard/libc_nano.a
LOAD /Applications/STM32CubeIDE.app/Contents/Eclipse/plugins/com.st.stm32cube.ide.mcu.externaltools.gnu-tools-for-stm32.10.3-2021.10.macos64_1.0.200.202301161003/tools/bin/../lib/gcc/arm-none-eabi/10.3.1/../../../../arm-none-eabi/lib/thumb/v7e-m+fp/hard/libm.a
END GROUP
START GROUP
LOAD /Applications/STM32CubeIDE.app/Contents/Eclipse/plugins/com.st.stm32cube.ide.mcu.externaltools.gnu-tools-for-stm32.10.3-2021.10.macos64_1.0.200.202301161003/tools/bin/../lib/gcc/arm-none-eabi/10.3.1/thumb/v7e-m+fp/hard/libgcc.a
LOAD /Applications/STM32CubeIDE.app/Contents/Eclipse/plugins/com.st.stm32cube.ide.mcu.externaltools.gnu-tools-for-stm32.10.3-2021.10.macos64_1.0.200.202301161003/tools/bin/../lib/gcc/arm-none-eabi/10.3.1/../../../../arm-none-eabi/lib/thumb/v7e-m+fp/hard/libc_nano.a
END GROUP
START GROUP
LOAD /Applications/STM32CubeIDE.app/Contents/Eclipse/plugins/com.st.stm32cube.ide.mcu.externaltools.gnu-tools-for-stm32.10.3-2021.10.macos64_1.0.200.202301161003/tools/bin/../lib/gcc/arm-none-eabi/10.3.1/thumb/v7e-m+fp/hard/libgcc.a
LOAD /Applications/STM32CubeIDE.app/Contents/Eclipse/plugins/com.st.stm32cube.ide.mcu.externaltools.gnu-tools-for-stm32.10.3-2021.10.macos64_1.0.200.202301161003/tools/bin/../lib/gcc/arm-none-eabi/10.3.1/../../../../arm-none-eabi/lib/thumb/v7e-m+fp/hard/libc_nano.a
LOAD /Applications/STM32CubeIDE.app/Contents/Eclipse/plugins/com.st.stm32cube.ide.mcu.externaltools.gnu-tools-for-stm32.10.3-2021.10.macos64_1.0.200.202301161003/tools/bin/../lib/gcc/arm-none-eabi/10.3.1/../../../../arm-none-eabi/lib/thumb/v7e-m+fp/hard/libnosys.a
END GROUP
START GROUP
LOAD /Applications/STM32CubeIDE.app/Contents/Eclipse/plugins/com.st.stm32cube.ide.mcu.externaltools.gnu-tools-for-stm32.10.3-2021.10.macos64_1.0.200.202301161003/tools/bin/../lib/gcc/arm-none-eabi/10.3.1/thumb/v7e-m+fp/hard/libgcc.a
LOAD /Applications/STM32CubeIDE.app/Contents/Eclipse/plugins/com.st.stm32cube.ide.mcu.externaltools.gnu-tools-for-stm32.10.3-2021.10.macos64_1.0.200.202301161003/tools/bin/../lib/gcc/arm-none-eabi/10.3.1/../../../../arm-none-eabi/lib/thumb/v7e-m+fp/hard/libc_nano.a
LOAD /Applications/STM32CubeIDE.app/Contents/Eclipse/plugins/com.st.stm32cube.ide.mcu.externaltools.gnu-tools-for-stm32.10.3-2021.10.macos64_1.0.200.202301161003/tools/bin/../lib/gcc/arm-none-eabi/10.3.1/../../../../arm-none-eabi/lib/thumb/v7e-m+fp/hard/libnosys.a
END GROUP
LOAD /Applications/STM32CubeIDE.app/Contents/Eclipse/plugins/com.st.stm32cube.ide.mcu.externaltools.gnu-tools-for-stm32.10.3-2021.10.macos64_1.0.200.202301161003/tools/bin/../lib/gcc/arm-none-eabi/10.3.1/thumb/v7e-m+fp/hard/crtend.o
LOAD /Applications/STM32CubeIDE.app/Contents/Eclipse/plugins/com.st.stm32cube.ide.mcu.externaltools.gnu-tools-for-stm32.10.3-2021.10.macos64_1.0.200.202301161003/tools/bin/../lib/gcc/arm-none-eabi/10.3.1/thumb/v7e-m+fp/hard/crtn.o
                0x0000000020010000                _estack = (ORIGIN (RAM) + LENGTH (RAM))
                0x0000000000000200                _Min_Heap_Size = 0x200
                0x0000000000000400                _Min_Stack_Size = 0x400

.isr_vector     0x0000000008000000      0x194
                0x0000000008000000                . = ALIGN (0x4)
 *(.isr_vector)
 .isr_vector    0x0000000008000000      0x194 ./Core/Startup/startup_stm32f303retx.o
                0x0000000008000000                g_pfnVectors
                0x0000000008000194                . = ALIGN (0x4)

.text           0x00000000080001a0     0x6c20
                0x00000000080001a0                . = ALIGN (0x4)
 *(.text)
 .text          0x00000000080001a0       0x40 /Applications/STM32CubeIDE.app/Contents/Eclipse/plugins/com.st.stm32cube.ide.mcu.externaltools.gnu-tools-for-stm32.10.3-2021.10.macos64_1.0.200.202301161003/tools/bin/../lib/gcc/arm-none-eabi/10.3.1/thumb/v7e-m+fp/hard/crtbegin.o
 *(.text*)
 .text.WritePort
                0x00000000080001e0       0x80 ./Core/Src/Seg_Driver.o
                0x00000000080001e0                WritePort
 .text.WriteValue
                0x0000000008000260      0x1f0 ./Core/Src/Seg_Driver.o
                0x0000000008000260                WriteValue
 .text.SEG_Driver_Write
                0x0000000008000450       0x38 ./Core/Src/Seg_Driver.o
                0x0000000008000450                SEG_Driver_Write
 .text.SEG_Driver_Task_5ms
                0x0000000008000488       0x30 ./Core/Src/Seg_Driver.o
                0x0000000008000488                SEG_Driver_Task_5ms
 .text.Taster_Treiber_Init_Task
                0x00000000080004b8       0x6c ./Core/Src/Taster_Treiber.o
                0x00000000080004b8                Taster_Treiber_Init_Task
 .text.Taster_Get
                0x0000000008000524       0x50 ./Core/Src/Taster_Treiber.o
                0x0000000008000524                Taster_Get
 .text.main     0x0000000008000574       0x94 ./Core/Src/main.o
                0x0000000008000574                main
 .text.SystemClock_Config
                0x0000000008000608       0xc4 ./Core/Src/main.o
                0x0000000008000608                SystemClock_Config
 .text.MX_TIM3_Init
                0x00000000080006cc       0x9c ./Core/Src/main.o
 .text.MX_USART2_UART_Init
                0x0000000008000768       0x60 ./Core/Src/main.o
 .text.MX_GPIO_Init
                0x00000000080007c8      0x12c ./Core/Src/main.o
 .text.StartDefaultTask
                0x00000000080008f4       0x98 ./Core/Src/main.o
                0x00000000080008f4                StartDefaultTask
 .text.Taster_Treiber_Task
                0x000000000800098c       0x16 ./Core/Src/main.o
                0x000000000800098c                Taster_Treiber_Task
 .text.StartDisplayTask
                0x00000000080009a2       0x14 ./Core/Src/main.o
                0x00000000080009a2                StartDisplayTask
 .text.stopwatchCallback
                0x00000000080009b6       0x14 ./Core/Src/main.o
                0x00000000080009b6                stopwatchCallback
 *fill*         0x00000000080009ca        0x2 
 .text.HAL_TIM_PeriodElapsedCallback
                0x00000000080009cc       0x24 ./Core/Src/main.o
                0x00000000080009cc                HAL_TIM_PeriodElapsedCallback
 .text.Error_Handler
                0x00000000080009f0        0xa ./Core/Src/main.o
                0x00000000080009f0                Error_Handler
 *fill*         0x00000000080009fa        0x2 
 .text.HAL_MspInit
                0x00000000080009fc       0x50 ./Core/Src/stm32f3xx_hal_msp.o
                0x00000000080009fc                HAL_MspInit
 .text.HAL_TIM_Base_MspInit
                0x0000000008000a4c       0x4c ./Core/Src/stm32f3xx_hal_msp.o
                0x0000000008000a4c                HAL_TIM_Base_MspInit
 .text.HAL_UART_MspInit
                0x0000000008000a98       0x84 ./Core/Src/stm32f3xx_hal_msp.o
                0x0000000008000a98                HAL_UART_MspInit
 .text.HAL_InitTick
                0x0000000008000b1c       0xe0 ./Core/Src/stm32f3xx_hal_timebase_tim.o
                0x0000000008000b1c                HAL_InitTick
 .text.NMI_Handler
                0x0000000008000bfc        0x6 ./Core/Src/stm32f3xx_it.o
                0x0000000008000bfc                NMI_Handler
 .text.HardFault_Handler
                0x0000000008000c02        0x6 ./Core/Src/stm32f3xx_it.o
                0x0000000008000c02                HardFault_Handler
 .text.MemManage_Handler
                0x0000000008000c08        0x6 ./Core/Src/stm32f3xx_it.o
                0x0000000008000c08                MemManage_Handler
 .text.BusFault_Handler
                0x0000000008000c0e        0x6 ./Core/Src/stm32f3xx_it.o
                0x0000000008000c0e                BusFault_Handler
 .text.UsageFault_Handler
                0x0000000008000c14        0x6 ./Core/Src/stm32f3xx_it.o
                0x0000000008000c14                UsageFault_Handler
 .text.DebugMon_Handler
                0x0000000008000c1a        0xe ./Core/Src/stm32f3xx_it.o
                0x0000000008000c1a                DebugMon_Handler
 .text.TIM1_UP_TIM16_IRQHandler
                0x0000000008000c28       0x14 ./Core/Src/stm32f3xx_it.o
                0x0000000008000c28                TIM1_UP_TIM16_IRQHandler
 .text.TIM3_IRQHandler
                0x0000000008000c3c       0x14 ./Core/Src/stm32f3xx_it.o
                0x0000000008000c3c                TIM3_IRQHandler
 .text.SystemInit
                0x0000000008000c50       0x24 ./Core/Src/system_stm32f3xx.o
                0x0000000008000c50                SystemInit
 .text.Reset_Handler
                0x0000000008000c74       0x50 ./Core/Startup/startup_stm32f303retx.o
                0x0000000008000c74                Reset_Handler
 .text.Default_Handler
                0x0000000008000cc4        0x2 ./Core/Startup/startup_stm32f303retx.o
                0x0000000008000cc4                TIM1_BRK_TIM15_IRQHandler
                0x0000000008000cc4                TIM8_TRG_COM_IRQHandler
                0x0000000008000cc4                TIM8_CC_IRQHandler
                0x0000000008000cc4                SPI4_IRQHandler
                0x0000000008000cc4                TIM1_CC_IRQHandler
                0x0000000008000cc4                USB_HP_IRQHandler
                0x0000000008000cc4                PVD_IRQHandler
                0x0000000008000cc4                TAMP_STAMP_IRQHandler
                0x0000000008000cc4                EXTI3_IRQHandler
                0x0000000008000cc4                I2C3_ER_IRQHandler
                0x0000000008000cc4                USB_HP_CAN_TX_IRQHandler
                0x0000000008000cc4                EXTI0_IRQHandler
                0x0000000008000cc4                I2C2_EV_IRQHandler
                0x0000000008000cc4                FPU_IRQHandler
                0x0000000008000cc4                ADC1_2_IRQHandler
                0x0000000008000cc4                SPI1_IRQHandler
                0x0000000008000cc4                CAN_SCE_IRQHandler
                0x0000000008000cc4                TIM6_DAC_IRQHandler
                0x0000000008000cc4                TIM8_UP_IRQHandler
                0x0000000008000cc4                DMA2_Channel2_IRQHandler
                0x0000000008000cc4                DMA1_Channel4_IRQHandler
                0x0000000008000cc4                TIM20_TRG_COM_IRQHandler
                0x0000000008000cc4                USART3_IRQHandler
                0x0000000008000cc4                DMA1_Channel7_IRQHandler
                0x0000000008000cc4                UART5_IRQHandler
                0x0000000008000cc4                ADC3_IRQHandler
                0x0000000008000cc4                TIM4_IRQHandler
                0x0000000008000cc4                CAN_RX1_IRQHandler
                0x0000000008000cc4                DMA2_Channel1_IRQHandler
                0x0000000008000cc4                I2C1_EV_IRQHandler
                0x0000000008000cc4                DMA1_Channel6_IRQHandler
                0x0000000008000cc4                UART4_IRQHandler
                0x0000000008000cc4                DMA2_Channel4_IRQHandler
                0x0000000008000cc4                RCC_IRQHandler
                0x0000000008000cc4                TIM20_UP_IRQHandler
                0x0000000008000cc4                DMA1_Channel1_IRQHandler
                0x0000000008000cc4                Default_Handler
                0x0000000008000cc4                USBWakeUp_RMP_IRQHandler
                0x0000000008000cc4                EXTI15_10_IRQHandler
                0x0000000008000cc4                TIM7_IRQHandler
                0x0000000008000cc4                I2C3_EV_IRQHandler
                0x0000000008000cc4                EXTI9_5_IRQHandler
                0x0000000008000cc4                RTC_WKUP_IRQHandler
                0x0000000008000cc4                SPI2_IRQHandler
                0x0000000008000cc4                USB_LP_CAN_RX0_IRQHandler
                0x0000000008000cc4                DMA2_Channel5_IRQHandler
                0x0000000008000cc4                DMA1_Channel5_IRQHandler
                0x0000000008000cc4                USB_LP_IRQHandler
                0x0000000008000cc4                EXTI4_IRQHandler
                0x0000000008000cc4                TIM1_TRG_COM_TIM17_IRQHandler
                0x0000000008000cc4                DMA1_Channel3_IRQHandler
                0x0000000008000cc4                ADC4_IRQHandler
                0x0000000008000cc4                WWDG_IRQHandler
                0x0000000008000cc4                TIM2_IRQHandler
                0x0000000008000cc4                COMP7_IRQHandler
                0x0000000008000cc4                COMP1_2_3_IRQHandler
                0x0000000008000cc4                EXTI1_IRQHandler
                0x0000000008000cc4                USART2_IRQHandler
                0x0000000008000cc4                COMP4_5_6_IRQHandler
                0x0000000008000cc4                TIM20_BRK_IRQHandler
                0x0000000008000cc4                I2C2_ER_IRQHandler
                0x0000000008000cc4                DMA1_Channel2_IRQHandler
                0x0000000008000cc4                TIM8_BRK_IRQHandler
                0x0000000008000cc4                FLASH_IRQHandler
                0x0000000008000cc4                TIM20_CC_IRQHandler
                0x0000000008000cc4                USART1_IRQHandler
                0x0000000008000cc4                SPI3_IRQHandler
                0x0000000008000cc4                I2C1_ER_IRQHandler
                0x0000000008000cc4                FMC_IRQHandler
                0x0000000008000cc4                USBWakeUp_IRQHandler
                0x0000000008000cc4                DMA2_Channel3_IRQHandler
                0x0000000008000cc4                EXTI2_TSC_IRQHandler
                0x0000000008000cc4                RTC_Alarm_IRQHandler
 *fill*         0x0000000008000cc6        0x2 
 .text.HAL_Init
                0x0000000008000cc8       0x2c ./Drivers/STM32F3xx_HAL_Driver/Src/stm32f3xx_hal.o
                0x0000000008000cc8                HAL_Init
 .text.HAL_IncTick
                0x0000000008000cf4       0x28 ./Drivers/STM32F3xx_HAL_Driver/Src/stm32f3xx_hal.o
                0x0000000008000cf4                HAL_IncTick
 .text.HAL_GetTick
                0x0000000008000d1c       0x18 ./Drivers/STM32F3xx_HAL_Driver/Src/stm32f3xx_hal.o
                0x0000000008000d1c                HAL_GetTick
 .text.__NVIC_SetPriorityGrouping
                0x0000000008000d34       0x48 ./Drivers/STM32F3xx_HAL_Driver/Src/stm32f3xx_hal_cortex.o
 .text.__NVIC_GetPriorityGrouping
                0x0000000008000d7c       0x1c ./Drivers/STM32F3xx_HAL_Driver/Src/stm32f3xx_hal_cortex.o
 .text.__NVIC_EnableIRQ
                0x0000000008000d98       0x3c ./Drivers/STM32F3xx_HAL_Driver/Src/stm32f3xx_hal_cortex.o
 .text.__NVIC_SetPriority
                0x0000000008000dd4       0x54 ./Drivers/STM32F3xx_HAL_Driver/Src/stm32f3xx_hal_cortex.o
 .text.NVIC_EncodePriority
                0x0000000008000e28       0x66 ./Drivers/STM32F3xx_HAL_Driver/Src/stm32f3xx_hal_cortex.o
 .text.HAL_NVIC_SetPriorityGrouping
                0x0000000008000e8e       0x16 ./Drivers/STM32F3xx_HAL_Driver/Src/stm32f3xx_hal_cortex.o
                0x0000000008000e8e                HAL_NVIC_SetPriorityGrouping
 .text.HAL_NVIC_SetPriority
                0x0000000008000ea4       0x38 ./Drivers/STM32F3xx_HAL_Driver/Src/stm32f3xx_hal_cortex.o
                0x0000000008000ea4                HAL_NVIC_SetPriority
 .text.HAL_NVIC_EnableIRQ
                0x0000000008000edc       0x1c ./Drivers/STM32F3xx_HAL_Driver/Src/stm32f3xx_hal_cortex.o
                0x0000000008000edc                HAL_NVIC_EnableIRQ
 .text.HAL_GPIO_Init
                0x0000000008000ef8      0x314 ./Drivers/STM32F3xx_HAL_Driver/Src/stm32f3xx_hal_gpio.o
                0x0000000008000ef8                HAL_GPIO_Init
 .text.HAL_GPIO_ReadPin
                0x000000000800120c       0x30 ./Drivers/STM32F3xx_HAL_Driver/Src/stm32f3xx_hal_gpio.o
                0x000000000800120c                HAL_GPIO_ReadPin
 .text.HAL_GPIO_WritePin
                0x000000000800123c       0x30 ./Drivers/STM32F3xx_HAL_Driver/Src/stm32f3xx_hal_gpio.o
                0x000000000800123c                HAL_GPIO_WritePin
 .text.HAL_GPIO_TogglePin
                0x000000000800126c       0x34 ./Drivers/STM32F3xx_HAL_Driver/Src/stm32f3xx_hal_gpio.o
                0x000000000800126c                HAL_GPIO_TogglePin
 .text.HAL_RCC_OscConfig
                0x00000000080012a0     0x10a8 ./Drivers/STM32F3xx_HAL_Driver/Src/stm32f3xx_hal_rcc.o
                0x00000000080012a0                HAL_RCC_OscConfig
 .text.HAL_RCC_ClockConfig
                0x0000000008002348      0x2f8 ./Drivers/STM32F3xx_HAL_Driver/Src/stm32f3xx_hal_rcc.o
                0x0000000008002348                HAL_RCC_ClockConfig
 .text.HAL_RCC_GetSysClockFreq
                0x0000000008002640       0xd4 ./Drivers/STM32F3xx_HAL_Driver/Src/stm32f3xx_hal_rcc.o
                0x0000000008002640                HAL_RCC_GetSysClockFreq
 .text.HAL_RCC_GetHCLKFreq
                0x0000000008002714       0x18 ./Drivers/STM32F3xx_HAL_Driver/Src/stm32f3xx_hal_rcc.o
                0x0000000008002714                HAL_RCC_GetHCLKFreq
 .text.HAL_RCC_GetPCLK1Freq
                0x000000000800272c       0x44 ./Drivers/STM32F3xx_HAL_Driver/Src/stm32f3xx_hal_rcc.o
                0x000000000800272c                HAL_RCC_GetPCLK1Freq
 .text.HAL_RCC_GetPCLK2Freq
                0x0000000008002770       0x44 ./Drivers/STM32F3xx_HAL_Driver/Src/stm32f3xx_hal_rcc.o
                0x0000000008002770                HAL_RCC_GetPCLK2Freq
 .text.HAL_RCC_GetClockConfig
                0x00000000080027b4       0x64 ./Drivers/STM32F3xx_HAL_Driver/Src/stm32f3xx_hal_rcc.o
                0x00000000080027b4                HAL_RCC_GetClockConfig
 .text.HAL_RCCEx_PeriphCLKConfig
                0x0000000008002818      0x43c ./Drivers/STM32F3xx_HAL_Driver/Src/stm32f3xx_hal_rcc_ex.o
                0x0000000008002818                HAL_RCCEx_PeriphCLKConfig
 .text.HAL_TIM_Base_Init
                0x0000000008002c54       0xae ./Drivers/STM32F3xx_HAL_Driver/Src/stm32f3xx_hal_tim.o
                0x0000000008002c54                HAL_TIM_Base_Init
 *fill*         0x0000000008002d02        0x2 
 .text.HAL_TIM_Base_Start_IT
                0x0000000008002d04       0xe0 ./Drivers/STM32F3xx_HAL_Driver/Src/stm32f3xx_hal_tim.o
                0x0000000008002d04                HAL_TIM_Base_Start_IT
 .text.HAL_TIM_IRQHandler
                0x0000000008002de4      0x23e ./Drivers/STM32F3xx_HAL_Driver/Src/stm32f3xx_hal_tim.o
                0x0000000008002de4                HAL_TIM_IRQHandler
 .text.HAL_TIM_ConfigClockSource
                0x0000000008003022      0x192 ./Drivers/STM32F3xx_HAL_Driver/Src/stm32f3xx_hal_tim.o
                0x0000000008003022                HAL_TIM_ConfigClockSource
 .text.HAL_TIM_OC_DelayElapsedCallback
                0x00000000080031b4       0x14 ./Drivers/STM32F3xx_HAL_Driver/Src/stm32f3xx_hal_tim.o
                0x00000000080031b4                HAL_TIM_OC_DelayElapsedCallback
 .text.HAL_TIM_IC_CaptureCallback
                0x00000000080031c8       0x14 ./Drivers/STM32F3xx_HAL_Driver/Src/stm32f3xx_hal_tim.o
                0x00000000080031c8                HAL_TIM_IC_CaptureCallback
 .text.HAL_TIM_PWM_PulseFinishedCallback
                0x00000000080031dc       0x14 ./Drivers/STM32F3xx_HAL_Driver/Src/stm32f3xx_hal_tim.o
                0x00000000080031dc                HAL_TIM_PWM_PulseFinishedCallback
 .text.HAL_TIM_TriggerCallback
                0x00000000080031f0       0x14 ./Drivers/STM32F3xx_HAL_Driver/Src/stm32f3xx_hal_tim.o
                0x00000000080031f0                HAL_TIM_TriggerCallback
 .text.TIM_Base_SetConfig
                0x0000000008003204      0x13c ./Drivers/STM32F3xx_HAL_Driver/Src/stm32f3xx_hal_tim.o
                0x0000000008003204                TIM_Base_SetConfig
 .text.TIM_TI1_ConfigInputStage
                0x0000000008003340       0x5e ./Drivers/STM32F3xx_HAL_Driver/Src/stm32f3xx_hal_tim.o
 .text.TIM_TI2_ConfigInputStage
                0x000000000800339e       0x60 ./Drivers/STM32F3xx_HAL_Driver/Src/stm32f3xx_hal_tim.o
 .text.TIM_ITRx_SetConfig
                0x00000000080033fe       0x36 ./Drivers/STM32F3xx_HAL_Driver/Src/stm32f3xx_hal_tim.o
 .text.TIM_ETR_SetConfig
                0x0000000008003434       0x40 ./Drivers/STM32F3xx_HAL_Driver/Src/stm32f3xx_hal_tim.o
                0x0000000008003434                TIM_ETR_SetConfig
 .text.HAL_TIMEx_MasterConfigSynchronization
                0x0000000008003474      0x118 ./Drivers/STM32F3xx_HAL_Driver/Src/stm32f3xx_hal_tim_ex.o
                0x0000000008003474                HAL_TIMEx_MasterConfigSynchronization
 .text.HAL_TIMEx_CommutCallback
                0x000000000800358c       0x14 ./Drivers/STM32F3xx_HAL_Driver/Src/stm32f3xx_hal_tim_ex.o
                0x000000000800358c                HAL_TIMEx_CommutCallback
 .text.HAL_TIMEx_BreakCallback
                0x00000000080035a0       0x14 ./Drivers/STM32F3xx_HAL_Driver/Src/stm32f3xx_hal_tim_ex.o
                0x00000000080035a0                HAL_TIMEx_BreakCallback
 .text.HAL_TIMEx_Break2Callback
                0x00000000080035b4       0x14 ./Drivers/STM32F3xx_HAL_Driver/Src/stm32f3xx_hal_tim_ex.o
                0x00000000080035b4                HAL_TIMEx_Break2Callback
 .text.HAL_UART_Init
                0x00000000080035c8       0x9c ./Drivers/STM32F3xx_HAL_Driver/Src/stm32f3xx_hal_uart.o
                0x00000000080035c8                HAL_UART_Init
 .text.UART_SetConfig
                0x0000000008003664      0x3a8 ./Drivers/STM32F3xx_HAL_Driver/Src/stm32f3xx_hal_uart.o
                0x0000000008003664                UART_SetConfig
 .text.UART_AdvFeatureConfig
                0x0000000008003a0c      0x144 ./Drivers/STM32F3xx_HAL_Driver/Src/stm32f3xx_hal_uart.o
                0x0000000008003a0c                UART_AdvFeatureConfig
 .text.UART_CheckIdleState
                0x0000000008003b50      0x150 ./Drivers/STM32F3xx_HAL_Driver/Src/stm32f3xx_hal_uart.o
                0x0000000008003b50                UART_CheckIdleState
 .text.UART_WaitOnFlagUntilTimeout
                0x0000000008003ca0       0xce ./Drivers/STM32F3xx_HAL_Driver/Src/stm32f3xx_hal_uart.o
                0x0000000008003ca0                UART_WaitOnFlagUntilTimeout
 .text.UART_EndRxTransfer
                0x0000000008003d6e       0xc8 ./Drivers/STM32F3xx_HAL_Driver/Src/stm32f3xx_hal_uart.o
 *fill*         0x0000000008003e36        0x2 
 .text.osKernelInitialize
                0x0000000008003e38       0x68 ./Middlewares/Third_Party/FreeRTOS/Source/CMSIS_RTOS_V2/cmsis_os2.o
                0x0000000008003e38                osKernelInitialize
 .text.osKernelStart
                0x0000000008003ea0       0x68 ./Middlewares/Third_Party/FreeRTOS/Source/CMSIS_RTOS_V2/cmsis_os2.o
                0x0000000008003ea0                osKernelStart
 .text.osThreadNew
                0x0000000008003f08      0x154 ./Middlewares/Third_Party/FreeRTOS/Source/CMSIS_RTOS_V2/cmsis_os2.o
                0x0000000008003f08                osThreadNew
 .text.osDelay  0x000000000800405c       0x5c ./Middlewares/Third_Party/FreeRTOS/Source/CMSIS_RTOS_V2/cmsis_os2.o
                0x000000000800405c                osDelay
 .text.TimerCallback
                0x00000000080040b8       0x2a ./Middlewares/Third_Party/FreeRTOS/Source/CMSIS_RTOS_V2/cmsis_os2.o
 *fill*         0x00000000080040e2        0x2 
 .text.osTimerNew
                0x00000000080040e4      0x108 ./Middlewares/Third_Party/FreeRTOS/Source/CMSIS_RTOS_V2/cmsis_os2.o
                0x00000000080040e4                osTimerNew
 .text.vApplicationGetIdleTaskMemory
                0x00000000080041ec       0x34 ./Middlewares/Third_Party/FreeRTOS/Source/CMSIS_RTOS_V2/cmsis_os2.o
                0x00000000080041ec                vApplicationGetIdleTaskMemory
 .text.vApplicationGetTimerTaskMemory
                0x0000000008004220       0x34 ./Middlewares/Third_Party/FreeRTOS/Source/CMSIS_RTOS_V2/cmsis_os2.o
                0x0000000008004220                vApplicationGetTimerTaskMemory
 .text.vListInitialise
                0x0000000008004254       0x40 ./Middlewares/Third_Party/FreeRTOS/Source/list.o
                0x0000000008004254                vListInitialise
 .text.vListInitialiseItem
                0x0000000008004294       0x1a ./Middlewares/Third_Party/FreeRTOS/Source/list.o
                0x0000000008004294                vListInitialiseItem
 .text.vListInsertEnd
                0x00000000080042ae       0x48 ./Middlewares/Third_Party/FreeRTOS/Source/list.o
                0x00000000080042ae                vListInsertEnd
 .text.vListInsert
                0x00000000080042f6       0x72 ./Middlewares/Third_Party/FreeRTOS/Source/list.o
                0x00000000080042f6                vListInsert
 .text.uxListRemove
                0x0000000008004368       0x54 ./Middlewares/Third_Party/FreeRTOS/Source/list.o
                0x0000000008004368                uxListRemove
 .text.xQueueGenericReset
                0x00000000080043bc       0xd0 ./Middlewares/Third_Party/FreeRTOS/Source/queue.o
                0x00000000080043bc                xQueueGenericReset
 .text.xQueueGenericCreateStatic
                0x000000000800448c       0xee ./Middlewares/Third_Party/FreeRTOS/Source/queue.o
                0x000000000800448c                xQueueGenericCreateStatic
 .text.prvInitialiseNewQueue
                0x000000000800457a       0x46 ./Middlewares/Third_Party/FreeRTOS/Source/queue.o
 .text.xQueueGenericSend
                0x00000000080045c0      0x1fc ./Middlewares/Third_Party/FreeRTOS/Source/queue.o
                0x00000000080045c0                xQueueGenericSend
 .text.xQueueGenericSendFromISR
                0x00000000080047bc      0x130 ./Middlewares/Third_Party/FreeRTOS/Source/queue.o
                0x00000000080047bc                xQueueGenericSendFromISR
 .text.xQueueReceive
                0x00000000080048ec      0x1c0 ./Middlewares/Third_Party/FreeRTOS/Source/queue.o
                0x00000000080048ec                xQueueReceive
 .text.prvCopyDataToQueue
                0x0000000008004aac       0xd4 ./Middlewares/Third_Party/FreeRTOS/Source/queue.o
 .text.prvCopyDataFromQueue
                0x0000000008004b80       0x4c ./Middlewares/Third_Party/FreeRTOS/Source/queue.o
 .text.prvUnlockQueue
                0x0000000008004bcc       0xa4 ./Middlewares/Third_Party/FreeRTOS/Source/queue.o
 .text.prvIsQueueEmpty
                0x0000000008004c70       0x2c ./Middlewares/Third_Party/FreeRTOS/Source/queue.o
 .text.prvIsQueueFull
                0x0000000008004c9c       0x30 ./Middlewares/Third_Party/FreeRTOS/Source/queue.o
 .text.vQueueAddToRegistry
                0x0000000008004ccc       0x54 ./Middlewares/Third_Party/FreeRTOS/Source/queue.o
                0x0000000008004ccc                vQueueAddToRegistry
 .text.vQueueWaitForMessageRestricted
                0x0000000008004d20       0x68 ./Middlewares/Third_Party/FreeRTOS/Source/queue.o
                0x0000000008004d20                vQueueWaitForMessageRestricted
 .text.xTaskCreateStatic
                0x0000000008004d88       0xb8 ./Middlewares/Third_Party/FreeRTOS/Source/tasks.o
                0x0000000008004d88                xTaskCreateStatic
 .text.xTaskCreate
                0x0000000008004e40       0x8a ./Middlewares/Third_Party/FreeRTOS/Source/tasks.o
                0x0000000008004e40                xTaskCreate
 *fill*         0x0000000008004eca        0x2 
 .text.prvInitialiseNewTask
                0x0000000008004ecc      0x13c ./Middlewares/Third_Party/FreeRTOS/Source/tasks.o
 .text.prvAddNewTaskToReadyList
                0x0000000008005008       0xe0 ./Middlewares/Third_Party/FreeRTOS/Source/tasks.o
 .text.vTaskDelay
                0x00000000080050e8       0x68 ./Middlewares/Third_Party/FreeRTOS/Source/tasks.o
                0x00000000080050e8                vTaskDelay
 .text.vTaskStartScheduler
                0x0000000008005150       0xe0 ./Middlewares/Third_Party/FreeRTOS/Source/tasks.o
                0x0000000008005150                vTaskStartScheduler
 .text.vTaskSuspendAll
                0x0000000008005230       0x1c ./Middlewares/Third_Party/FreeRTOS/Source/tasks.o
                0x0000000008005230                vTaskSuspendAll
 .text.xTaskResumeAll
                0x000000000800524c      0x13c ./Middlewares/Third_Party/FreeRTOS/Source/tasks.o
                0x000000000800524c                xTaskResumeAll
 .text.xTaskGetTickCount
                0x0000000008005388       0x20 ./Middlewares/Third_Party/FreeRTOS/Source/tasks.o
                0x0000000008005388                xTaskGetTickCount
 .text.xTaskIncrementTick
                0x00000000080053a8      0x17c ./Middlewares/Third_Party/FreeRTOS/Source/tasks.o
                0x00000000080053a8                xTaskIncrementTick
 .text.vTaskSwitchContext
                0x0000000008005524       0xc8 ./Middlewares/Third_Party/FreeRTOS/Source/tasks.o
                0x0000000008005524                vTaskSwitchContext
 .text.vTaskPlaceOnEventList
                0x00000000080055ec       0x48 ./Middlewares/Third_Party/FreeRTOS/Source/tasks.o
                0x00000000080055ec                vTaskPlaceOnEventList
 .text.vTaskPlaceOnEventListRestricted
                0x0000000008005634       0x58 ./Middlewares/Third_Party/FreeRTOS/Source/tasks.o
                0x0000000008005634                vTaskPlaceOnEventListRestricted
 .text.xTaskRemoveFromEventList
                0x000000000800568c       0xc8 ./Middlewares/Third_Party/FreeRTOS/Source/tasks.o
                0x000000000800568c                xTaskRemoveFromEventList
 .text.vTaskInternalSetTimeOutState
                0x0000000008005754       0x2c ./Middlewares/Third_Party/FreeRTOS/Source/tasks.o
                0x0000000008005754                vTaskInternalSetTimeOutState
 .text.xTaskCheckForTimeOut
                0x0000000008005780       0xc4 ./Middlewares/Third_Party/FreeRTOS/Source/tasks.o
                0x0000000008005780                xTaskCheckForTimeOut
 .text.vTaskMissedYield
                0x0000000008005844       0x18 ./Middlewares/Third_Party/FreeRTOS/Source/tasks.o
                0x0000000008005844                vTaskMissedYield
 .text.prvIdleTask
                0x000000000800585c       0x30 ./Middlewares/Third_Party/FreeRTOS/Source/tasks.o
 .text.prvInitialiseTaskLists
                0x000000000800588c       0x80 ./Middlewares/Third_Party/FreeRTOS/Source/tasks.o
 .text.prvCheckTasksWaitingTermination
                0x000000000800590c       0x5c ./Middlewares/Third_Party/FreeRTOS/Source/tasks.o
 .text.prvDeleteTCB
                0x0000000008005968       0x68 ./Middlewares/Third_Party/FreeRTOS/Source/tasks.o
 .text.prvResetNextTaskUnblockTime
                0x00000000080059d0       0x4c ./Middlewares/Third_Party/FreeRTOS/Source/tasks.o
 .text.xTaskGetSchedulerState
                0x0000000008005a1c       0x3c ./Middlewares/Third_Party/FreeRTOS/Source/tasks.o
                0x0000000008005a1c                xTaskGetSchedulerState
 .text.xTaskPriorityDisinherit
                0x0000000008005a58       0xdc ./Middlewares/Third_Party/FreeRTOS/Source/tasks.o
                0x0000000008005a58                xTaskPriorityDisinherit
 .text.prvAddCurrentTaskToDelayedList
                0x0000000008005b34       0xa8 ./Middlewares/Third_Party/FreeRTOS/Source/tasks.o
 .text.xTimerCreateTimerTask
                0x0000000008005bdc       0x90 ./Middlewares/Third_Party/FreeRTOS/Source/timers.o
                0x0000000008005bdc                xTimerCreateTimerTask
 .text.xTimerCreate
                0x0000000008005c6c       0x42 ./Middlewares/Third_Party/FreeRTOS/Source/timers.o
                0x0000000008005c6c                xTimerCreate
 .text.xTimerCreateStatic
                0x0000000008005cae       0x7a ./Middlewares/Third_Party/FreeRTOS/Source/timers.o
                0x0000000008005cae                xTimerCreateStatic
 .text.prvInitialiseNewTimer
                0x0000000008005d28       0x64 ./Middlewares/Third_Party/FreeRTOS/Source/timers.o
 .text.xTimerGenericCommand
                0x0000000008005d8c       0x9c ./Middlewares/Third_Party/FreeRTOS/Source/timers.o
                0x0000000008005d8c                xTimerGenericCommand
 .text.prvProcessExpiredTimer
                0x0000000008005e28       0x80 ./Middlewares/Third_Party/FreeRTOS/Source/timers.o
 .text.prvTimerTask
                0x0000000008005ea8       0x24 ./Middlewares/Third_Party/FreeRTOS/Source/timers.o
 .text.prvProcessTimerOrBlockTask
                0x0000000008005ecc       0x9c ./Middlewares/Third_Party/FreeRTOS/Source/timers.o
 .text.prvGetNextExpireTime
                0x0000000008005f68       0x48 ./Middlewares/Third_Party/FreeRTOS/Source/timers.o
 .text.prvSampleTimeNow
                0x0000000008005fb0       0x40 ./Middlewares/Third_Party/FreeRTOS/Source/timers.o
 .text.prvInsertTimerInActiveList
                0x0000000008005ff0       0x84 ./Middlewares/Third_Party/FreeRTOS/Source/timers.o
 .text.prvProcessReceivedCommands
                0x0000000008006074      0x168 ./Middlewares/Third_Party/FreeRTOS/Source/timers.o
 .text.prvSwitchTimerLists
                0x00000000080061dc       0xc4 ./Middlewares/Third_Party/FreeRTOS/Source/timers.o
 .text.prvCheckForValidListAndQueue
                0x00000000080062a0       0x80 ./Middlewares/Third_Party/FreeRTOS/Source/timers.o
 .text.pvTimerGetTimerID
                0x0000000008006320       0x40 ./Middlewares/Third_Party/FreeRTOS/Source/timers.o
                0x0000000008006320                pvTimerGetTimerID
 .text.pxPortInitialiseStack
                0x0000000008006360       0x68 ./Middlewares/Third_Party/FreeRTOS/Source/portable/GCC/ARM_CM4F/port.o
                0x0000000008006360                pxPortInitialiseStack
 .text.prvTaskExitError
                0x00000000080063c8       0x58 ./Middlewares/Third_Party/FreeRTOS/Source/portable/GCC/ARM_CM4F/port.o
 .text.SVC_Handler
                0x0000000008006420       0x28 ./Middlewares/Third_Party/FreeRTOS/Source/portable/GCC/ARM_CM4F/port.o
                0x0000000008006420                SVC_Handler
 .text.prvPortStartFirstTask
                0x0000000008006448       0x28 ./Middlewares/Third_Party/FreeRTOS/Source/portable/GCC/ARM_CM4F/port.o
 .text.xPortStartScheduler
                0x0000000008006470      0x144 ./Middlewares/Third_Party/FreeRTOS/Source/portable/GCC/ARM_CM4F/port.o
                0x0000000008006470                xPortStartScheduler
 .text.vPortEnterCritical
                0x00000000080065b4       0x60 ./Middlewares/Third_Party/FreeRTOS/Source/portable/GCC/ARM_CM4F/port.o
                0x00000000080065b4                vPortEnterCritical
 .text.vPortExitCritical
                0x0000000008006614       0x54 ./Middlewares/Third_Party/FreeRTOS/Source/portable/GCC/ARM_CM4F/port.o
                0x0000000008006614                vPortExitCritical
 *fill*         0x0000000008006668        0x8 
 .text.PendSV_Handler
                0x0000000008006670       0x68 ./Middlewares/Third_Party/FreeRTOS/Source/portable/GCC/ARM_CM4F/port.o
                0x0000000008006670                PendSV_Handler
 .text.SysTick_Handler
                0x00000000080066d8       0x44 ./Middlewares/Third_Party/FreeRTOS/Source/portable/GCC/ARM_CM4F/port.o
                0x00000000080066d8                SysTick_Handler
 .text.vPortSetupTimerInterrupt
                0x000000000800671c       0x48 ./Middlewares/Third_Party/FreeRTOS/Source/portable/GCC/ARM_CM4F/port.o
                0x000000000800671c                vPortSetupTimerInterrupt
 .text.vPortEnableVFP
                0x0000000008006764       0x14 ./Middlewares/Third_Party/FreeRTOS/Source/portable/GCC/ARM_CM4F/port.o
 .text.vPortValidateInterruptPriority
                0x0000000008006778       0x80 ./Middlewares/Third_Party/FreeRTOS/Source/portable/GCC/ARM_CM4F/port.o
                0x0000000008006778                vPortValidateInterruptPriority
 .text.pvPortMalloc
                0x00000000080067f8      0x188 ./Middlewares/Third_Party/FreeRTOS/Source/portable/MemMang/heap_4.o
                0x00000000080067f8                pvPortMalloc
 .text.vPortFree
                0x0000000008006980       0xb4 ./Middlewares/Third_Party/FreeRTOS/Source/portable/MemMang/heap_4.o
                0x0000000008006980                vPortFree
 .text.prvHeapInit
                0x0000000008006a34       0xc4 ./Middlewares/Third_Party/FreeRTOS/Source/portable/MemMang/heap_4.o
 .text.prvInsertBlockIntoFreeList
                0x0000000008006af8       0xb4 ./Middlewares/Third_Party/FreeRTOS/Source/portable/MemMang/heap_4.o
 .text.__libc_init_array
                0x0000000008006bac       0x48 /Applications/STM32CubeIDE.app/Contents/Eclipse/plugins/com.st.stm32cube.ide.mcu.externaltools.gnu-tools-for-stm32.10.3-2021.10.macos64_1.0.200.202301161003/tools/bin/../lib/gcc/arm-none-eabi/10.3.1/../../../../arm-none-eabi/lib/thumb/v7e-m+fp/hard/libc_nano.a(lib_a-init.o)
                0x0000000008006bac                __libc_init_array
 .text.__retarget_lock_acquire_recursive
                0x0000000008006bf4        0x2 /Applications/STM32CubeIDE.app/Contents/Eclipse/plugins/com.st.stm32cube.ide.mcu.externaltools.gnu-tools-for-stm32.10.3-2021.10.macos64_1.0.200.202301161003/tools/bin/../lib/gcc/arm-none-eabi/10.3.1/../../../../arm-none-eabi/lib/thumb/v7e-m+fp/hard/libc_nano.a(lib_a-lock.o)
                0x0000000008006bf4                __retarget_lock_acquire_recursive
 .text.__retarget_lock_release_recursive
                0x0000000008006bf6        0x2 /Applications/STM32CubeIDE.app/Contents/Eclipse/plugins/com.st.stm32cube.ide.mcu.externaltools.gnu-tools-for-stm32.10.3-2021.10.macos64_1.0.200.202301161003/tools/bin/../lib/gcc/arm-none-eabi/10.3.1/../../../../arm-none-eabi/lib/thumb/v7e-m+fp/hard/libc_nano.a(lib_a-lock.o)
                0x0000000008006bf6                __retarget_lock_release_recursive
 .text.memcpy   0x0000000008006bf8       0x1c /Applications/STM32CubeIDE.app/Contents/Eclipse/plugins/com.st.stm32cube.ide.mcu.externaltools.gnu-tools-for-stm32.10.3-2021.10.macos64_1.0.200.202301161003/tools/bin/../lib/gcc/arm-none-eabi/10.3.1/../../../../arm-none-eabi/lib/thumb/v7e-m+fp/hard/libc_nano.a(lib_a-memcpy-stub.o)
                0x0000000008006bf8                memcpy
 .text.memset   0x0000000008006c14       0x10 /Applications/STM32CubeIDE.app/Contents/Eclipse/plugins/com.st.stm32cube.ide.mcu.externaltools.gnu-tools-for-stm32.10.3-2021.10.macos64_1.0.200.202301161003/tools/bin/../lib/gcc/arm-none-eabi/10.3.1/../../../../arm-none-eabi/lib/thumb/v7e-m+fp/hard/libc_nano.a(lib_a-memset.o)
                0x0000000008006c14                memset
 .text.cleanup_glue
                0x0000000008006c24       0x1a /Applications/STM32CubeIDE.app/Contents/Eclipse/plugins/com.st.stm32cube.ide.mcu.externaltools.gnu-tools-for-stm32.10.3-2021.10.macos64_1.0.200.202301161003/tools/bin/../lib/gcc/arm-none-eabi/10.3.1/../../../../arm-none-eabi/lib/thumb/v7e-m+fp/hard/libc_nano.a(lib_a-reent.o)
                0x0000000008006c24                cleanup_glue
 *fill*         0x0000000008006c3e        0x2 
 .text._reclaim_reent
                0x0000000008006c40       0xb8 /Applications/STM32CubeIDE.app/Contents/Eclipse/plugins/com.st.stm32cube.ide.mcu.externaltools.gnu-tools-for-stm32.10.3-2021.10.macos64_1.0.200.202301161003/tools/bin/../lib/gcc/arm-none-eabi/10.3.1/../../../../arm-none-eabi/lib/thumb/v7e-m+fp/hard/libc_nano.a(lib_a-reent.o)
                0x0000000008006c40                _reclaim_reent
 .text.__malloc_lock
                0x0000000008006cf8        0xc /Applications/STM32CubeIDE.app/Contents/Eclipse/plugins/com.st.stm32cube.ide.mcu.externaltools.gnu-tools-for-stm32.10.3-2021.10.macos64_1.0.200.202301161003/tools/bin/../lib/gcc/arm-none-eabi/10.3.1/../../../../arm-none-eabi/lib/thumb/v7e-m+fp/hard/libc_nano.a(lib_a-mlock.o)
                0x0000000008006cf8                __malloc_lock
 .text.__malloc_unlock
                0x0000000008006d04        0xc /Applications/STM32CubeIDE.app/Contents/Eclipse/plugins/com.st.stm32cube.ide.mcu.externaltools.gnu-tools-for-stm32.10.3-2021.10.macos64_1.0.200.202301161003/tools/bin/../lib/gcc/arm-none-eabi/10.3.1/../../../../arm-none-eabi/lib/thumb/v7e-m+fp/hard/libc_nano.a(lib_a-mlock.o)
                0x0000000008006d04                __malloc_unlock
 .text._free_r  0x0000000008006d10       0x98 /Applications/STM32CubeIDE.app/Contents/Eclipse/plugins/com.st.stm32cube.ide.mcu.externaltools.gnu-tools-for-stm32.10.3-2021.10.macos64_1.0.200.202301161003/tools/bin/../lib/gcc/arm-none-eabi/10.3.1/../../../../arm-none-eabi/lib/thumb/v7e-m+fp/hard/libc_nano.a(lib_a-nano-freer.o)
                0x0000000008006d10                _free_r
 *(.glue_7)
 .glue_7        0x0000000008006da8        0x0 linker stubs
 *(.glue_7t)
 .glue_7t       0x0000000008006da8        0x0 linker stubs
 *(.eh_frame)
 .eh_frame      0x0000000008006da8        0x0 /Applications/STM32CubeIDE.app/Contents/Eclipse/plugins/com.st.stm32cube.ide.mcu.externaltools.gnu-tools-for-stm32.10.3-2021.10.macos64_1.0.200.202301161003/tools/bin/../lib/gcc/arm-none-eabi/10.3.1/thumb/v7e-m+fp/hard/crtbegin.o
 *(.init)
 .init          0x0000000008006da8        0x4 /Applications/STM32CubeIDE.app/Contents/Eclipse/plugins/com.st.stm32cube.ide.mcu.externaltools.gnu-tools-for-stm32.10.3-2021.10.macos64_1.0.200.202301161003/tools/bin/../lib/gcc/arm-none-eabi/10.3.1/thumb/v7e-m+fp/hard/crti.o
                0x0000000008006da8                _init
 .init          0x0000000008006dac        0x8 /Applications/STM32CubeIDE.app/Contents/Eclipse/plugins/com.st.stm32cube.ide.mcu.externaltools.gnu-tools-for-stm32.10.3-2021.10.macos64_1.0.200.202301161003/tools/bin/../lib/gcc/arm-none-eabi/10.3.1/thumb/v7e-m+fp/hard/crtn.o
 *(.fini)
 .fini          0x0000000008006db4        0x4 /Applications/STM32CubeIDE.app/Contents/Eclipse/plugins/com.st.stm32cube.ide.mcu.externaltools.gnu-tools-for-stm32.10.3-2021.10.macos64_1.0.200.202301161003/tools/bin/../lib/gcc/arm-none-eabi/10.3.1/thumb/v7e-m+fp/hard/crti.o
                0x0000000008006db4                _fini
 .fini          0x0000000008006db8        0x8 /Applications/STM32CubeIDE.app/Contents/Eclipse/plugins/com.st.stm32cube.ide.mcu.externaltools.gnu-tools-for-stm32.10.3-2021.10.macos64_1.0.200.202301161003/tools/bin/../lib/gcc/arm-none-eabi/10.3.1/thumb/v7e-m+fp/hard/crtn.o
                0x0000000008006dc0                . = ALIGN (0x4)
                0x0000000008006dc0                _etext = .

.vfp11_veneer   0x0000000008006dc0        0x0
 .vfp11_veneer  0x0000000008006dc0        0x0 linker stubs

.v4_bx          0x0000000008006dc0        0x0
 .v4_bx         0x0000000008006dc0        0x0 linker stubs

.iplt           0x0000000008006dc0        0x0
 .iplt          0x0000000008006dc0        0x0 /Applications/STM32CubeIDE.app/Contents/Eclipse/plugins/com.st.stm32cube.ide.mcu.externaltools.gnu-tools-for-stm32.10.3-2021.10.macos64_1.0.200.202301161003/tools/bin/../lib/gcc/arm-none-eabi/10.3.1/thumb/v7e-m+fp/hard/crtbegin.o

.rodata         0x0000000008006dc0      0x170
                0x0000000008006dc0                . = ALIGN (0x4)
 *(.rodata)
 .rodata        0x0000000008006dc0       0x33 ./Core/Src/main.o
 *fill*         0x0000000008006df3        0x1 
 .rodata        0x0000000008006df4        0x5 ./Middlewares/Third_Party/FreeRTOS/Source/tasks.o
 *fill*         0x0000000008006df9        0x3 
 .rodata        0x0000000008006dfc        0xd ./Middlewares/Third_Party/FreeRTOS/Source/timers.o
 *(.rodata*)
 *fill*         0x0000000008006e09        0x3 
 .rodata.SEGMENT_MAP
                0x0000000008006e0c        0xa ./Core/Src/Seg_Driver.o
                0x0000000008006e0c                SEGMENT_MAP
 *fill*         0x0000000008006e16        0x2 
 .rodata.SEGMENT_SELECT
                0x0000000008006e18        0x4 ./Core/Src/Seg_Driver.o
                0x0000000008006e18                SEGMENT_SELECT
 .rodata.defaultTask_attributes
                0x0000000008006e1c       0x24 ./Core/Src/main.o
                0x0000000008006e1c                defaultTask_attributes
 .rodata.tasterTask_attributes
                0x0000000008006e40       0x24 ./Core/Src/main.o
                0x0000000008006e40                tasterTask_attributes
 .rodata.displayTask_attributes
                0x0000000008006e64       0x24 ./Core/Src/main.o
                0x0000000008006e64                displayTask_attributes
 .rodata.stopwatchTimer_attributes
                0x0000000008006e88       0x10 ./Core/Src/main.o
                0x0000000008006e88                stopwatchTimer_attributes
 .rodata.AHBPrescTable
                0x0000000008006e98       0x10 ./Core/Src/system_stm32f3xx.o
                0x0000000008006e98                AHBPrescTable
 .rodata.APBPrescTable
                0x0000000008006ea8        0x8 ./Core/Src/system_stm32f3xx.o
                0x0000000008006ea8                APBPrescTable
 .rodata.aPLLMULFactorTable
                0x0000000008006eb0       0x10 ./Drivers/STM32F3xx_HAL_Driver/Src/stm32f3xx_hal_rcc.o
 .rodata.aPredivFactorTable
                0x0000000008006ec0       0x10 ./Drivers/STM32F3xx_HAL_Driver/Src/stm32f3xx_hal_rcc.o
 .rodata.__sf_fake_stderr
                0x0000000008006ed0       0x20 /Applications/STM32CubeIDE.app/Contents/Eclipse/plugins/com.st.stm32cube.ide.mcu.externaltools.gnu-tools-for-stm32.10.3-2021.10.macos64_1.0.200.202301161003/tools/bin/../lib/gcc/arm-none-eabi/10.3.1/../../../../arm-none-eabi/lib/thumb/v7e-m+fp/hard/libc_nano.a(lib_a-findfp.o)
                0x0000000008006ed0                __sf_fake_stderr
 .rodata.__sf_fake_stdin
                0x0000000008006ef0       0x20 /Applications/STM32CubeIDE.app/Contents/Eclipse/plugins/com.st.stm32cube.ide.mcu.externaltools.gnu-tools-for-stm32.10.3-2021.10.macos64_1.0.200.202301161003/tools/bin/../lib/gcc/arm-none-eabi/10.3.1/../../../../arm-none-eabi/lib/thumb/v7e-m+fp/hard/libc_nano.a(lib_a-findfp.o)
                0x0000000008006ef0                __sf_fake_stdin
 .rodata.__sf_fake_stdout
                0x0000000008006f10       0x20 /Applications/STM32CubeIDE.app/Contents/Eclipse/plugins/com.st.stm32cube.ide.mcu.externaltools.gnu-tools-for-stm32.10.3-2021.10.macos64_1.0.200.202301161003/tools/bin/../lib/gcc/arm-none-eabi/10.3.1/../../../../arm-none-eabi/lib/thumb/v7e-m+fp/hard/libc_nano.a(lib_a-findfp.o)
                0x0000000008006f10                __sf_fake_stdout
                0x0000000008006f30                . = ALIGN (0x4)

.rel.dyn        0x0000000008006f30        0x0
 .rel.iplt      0x0000000008006f30        0x0 /Applications/STM32CubeIDE.app/Contents/Eclipse/plugins/com.st.stm32cube.ide.mcu.externaltools.gnu-tools-for-stm32.10.3-2021.10.macos64_1.0.200.202301161003/tools/bin/../lib/gcc/arm-none-eabi/10.3.1/thumb/v7e-m+fp/hard/crtbegin.o

.ARM.extab      0x0000000008006f30        0x0
                0x0000000008006f30                . = ALIGN (0x4)
 *(.ARM.extab* .gnu.linkonce.armextab.*)
                0x0000000008006f30                . = ALIGN (0x4)

.ARM            0x0000000008006f30        0x0
                0x0000000008006f30                . = ALIGN (0x4)
                0x0000000008006f30                __exidx_start = .
 *(.ARM.exidx*)
                0x0000000008006f30                __exidx_end = .
                0x0000000008006f30                . = ALIGN (0x4)

.preinit_array  0x0000000008006f30        0x0
                0x0000000008006f30                . = ALIGN (0x4)
                0x0000000008006f30                PROVIDE (__preinit_array_start = .)
 *(.preinit_array*)
                0x0000000008006f30                PROVIDE (__preinit_array_end = .)
                0x0000000008006f30                . = ALIGN (0x4)

.init_array     0x0000000008006f30        0x4
                0x0000000008006f30                . = ALIGN (0x4)
                0x0000000008006f30                PROVIDE (__init_array_start = .)
 *(SORT_BY_NAME(.init_array.*))
 *(.init_array*)
 .init_array    0x0000000008006f30        0x4 /Applications/STM32CubeIDE.app/Contents/Eclipse/plugins/com.st.stm32cube.ide.mcu.externaltools.gnu-tools-for-stm32.10.3-2021.10.macos64_1.0.200.202301161003/tools/bin/../lib/gcc/arm-none-eabi/10.3.1/thumb/v7e-m+fp/hard/crtbegin.o
                0x0000000008006f34                PROVIDE (__init_array_end = .)
                0x0000000008006f34                . = ALIGN (0x4)

.fini_array     0x0000000008006f34        0x4
                0x0000000008006f34                . = ALIGN (0x4)
                [!provide]                        PROVIDE (__fini_array_start = .)
 *(SORT_BY_NAME(.fini_array.*))
 *(.fini_array*)
 .fini_array    0x0000000008006f34        0x4 /Applications/STM32CubeIDE.app/Contents/Eclipse/plugins/com.st.stm32cube.ide.mcu.externaltools.gnu-tools-for-stm32.10.3-2021.10.macos64_1.0.200.202301161003/tools/bin/../lib/gcc/arm-none-eabi/10.3.1/thumb/v7e-m+fp/hard/crtbegin.o
                [!provide]                        PROVIDE (__fini_array_end = .)
                0x0000000008006f38                . = ALIGN (0x4)
                0x0000000008006f38                _sidata = LOADADDR (.data)

.data           0x0000000020000000       0x74 load address 0x0000000008006f38
                0x0000000020000000                . = ALIGN (0x4)
                0x0000000020000000                _sdata = .
 *(.data)
 *(.data*)
 .data.SystemCoreClock
                0x0000000020000000        0x4 ./Core/Src/system_stm32f3xx.o
                0x0000000020000000                SystemCoreClock
 .data.uwTickPrio
                0x0000000020000004        0x4 ./Drivers/STM32F3xx_HAL_Driver/Src/stm32f3xx_hal.o
                0x0000000020000004                uwTickPrio
 .data.uwTickFreq
                0x0000000020000008        0x1 ./Drivers/STM32F3xx_HAL_Driver/Src/stm32f3xx_hal.o
                0x0000000020000008                uwTickFreq
 *fill*         0x0000000020000009        0x3 
 .data.uxCriticalNesting
                0x000000002000000c        0x4 ./Middlewares/Third_Party/FreeRTOS/Source/portable/GCC/ARM_CM4F/port.o
 .data._impure_ptr
                0x0000000020000010        0x4 /Applications/STM32CubeIDE.app/Contents/Eclipse/plugins/com.st.stm32cube.ide.mcu.externaltools.gnu-tools-for-stm32.10.3-2021.10.macos64_1.0.200.202301161003/tools/bin/../lib/gcc/arm-none-eabi/10.3.1/../../../../arm-none-eabi/lib/thumb/v7e-m+fp/hard/libc_nano.a(lib_a-impure.o)
                0x0000000020000010                _impure_ptr
 .data.impure_data
                0x0000000020000014       0x60 /Applications/STM32CubeIDE.app/Contents/Eclipse/plugins/com.st.stm32cube.ide.mcu.externaltools.gnu-tools-for-stm32.10.3-2021.10.macos64_1.0.200.202301161003/tools/bin/../lib/gcc/arm-none-eabi/10.3.1/../../../../arm-none-eabi/lib/thumb/v7e-m+fp/hard/libc_nano.a(lib_a-impure.o)
 *(.RamFunc)
 *(.RamFunc*)
                0x0000000020000074                . = ALIGN (0x4)
                0x0000000020000074                _edata = .
                0x0000000008006fac                _siccmram = LOADADDR (.ccmram)

.igot.plt       0x0000000020000074        0x0 load address 0x0000000008006fac
 .igot.plt      0x0000000020000074        0x0 /Applications/STM32CubeIDE.app/Contents/Eclipse/plugins/com.st.stm32cube.ide.mcu.externaltools.gnu-tools-for-stm32.10.3-2021.10.macos64_1.0.200.202301161003/tools/bin/../lib/gcc/arm-none-eabi/10.3.1/thumb/v7e-m+fp/hard/crtbegin.o

.ccmram         0x0000000010000000        0x0 load address 0x0000000008006fac
                0x0000000010000000                . = ALIGN (0x4)
                0x0000000010000000                _sccmram = .
 *(.ccmram)
 *(.ccmram*)
                0x0000000010000000                . = ALIGN (0x4)
                0x0000000010000000                _eccmram = .
                0x0000000010000000                . = ALIGN (0x4)

.bss            0x0000000020000074     0x1b80
                0x0000000020000074                _sbss = .
                0x0000000020000074                __bss_start__ = _sbss
 *(.bss)
 .bss           0x0000000020000074       0x1c /Applications/STM32CubeIDE.app/Contents/Eclipse/plugins/com.st.stm32cube.ide.mcu.externaltools.gnu-tools-for-stm32.10.3-2021.10.macos64_1.0.200.202301161003/tools/bin/../lib/gcc/arm-none-eabi/10.3.1/thumb/v7e-m+fp/hard/crtbegin.o
 *(.bss*)
 .bss.actvalue  0x0000000020000090        0x4 ./Core/Src/Seg_Driver.o
 .bss.actdp     0x0000000020000094        0x4 ./Core/Src/Seg_Driver.o
 .bss.actflash  0x0000000020000098        0x4 ./Core/Src/Seg_Driver.o
 .bss.out.3     0x000000002000009c        0x4 ./Core/Src/Seg_Driver.o
 .bss.disable.2
                0x00000000200000a0        0x4 ./Core/Src/Seg_Driver.o
 .bss.flashcount.1
                0x00000000200000a4        0x4 ./Core/Src/Seg_Driver.o
 .bss.actdigit.0
                0x00000000200000a8        0x4 ./Core/Src/Seg_Driver.o
 .bss.TASTER_1_STATUS
                0x00000000200000ac        0x1 ./Core/Src/Taster_Treiber.o
 .bss.TASTER_2_STATUS
                0x00000000200000ad        0x1 ./Core/Src/Taster_Treiber.o
 .bss.TASTER_3_STATUS
                0x00000000200000ae        0x1 ./Core/Src/Taster_Treiber.o
 *fill*         0x00000000200000af        0x1 
 .bss.htim3     0x00000000200000b0       0x4c ./Core/Src/main.o
                0x00000000200000b0                htim3
 .bss.huart2    0x00000000200000fc       0x88 ./Core/Src/main.o
                0x00000000200000fc                huart2
 .bss.defaultTaskHandle
                0x0000000020000184        0x4 ./Core/Src/main.o
                0x0000000020000184                defaultTaskHandle
 .bss.tasterTaskHandle
                0x0000000020000188        0x4 ./Core/Src/main.o
                0x0000000020000188                tasterTaskHandle
 .bss.displayTaskHandle
                0x000000002000018c        0x4 ./Core/Src/main.o
                0x000000002000018c                displayTaskHandle
 .bss.stopwatchTimerHandle
                0x0000000020000190        0x4 ./Core/Src/main.o
                0x0000000020000190                stopwatchTimerHandle
 .bss.htim1     0x0000000020000194       0x4c ./Core/Src/stm32f3xx_hal_timebase_tim.o
                0x0000000020000194                htim1
 .bss.uwTick    0x00000000200001e0        0x4 ./Drivers/STM32F3xx_HAL_Driver/Src/stm32f3xx_hal.o
                0x00000000200001e0                uwTick
 .bss.KernelState
                0x00000000200001e4        0x4 ./Middlewares/Third_Party/FreeRTOS/Source/CMSIS_RTOS_V2/cmsis_os2.o
 .bss.Idle_TCB  0x00000000200001e8       0xbc ./Middlewares/Third_Party/FreeRTOS/Source/CMSIS_RTOS_V2/cmsis_os2.o
 .bss.Idle_Stack
                0x00000000200002a4      0x200 ./Middlewares/Third_Party/FreeRTOS/Source/CMSIS_RTOS_V2/cmsis_os2.o
 .bss.Timer_TCB
                0x00000000200004a4       0xbc ./Middlewares/Third_Party/FreeRTOS/Source/CMSIS_RTOS_V2/cmsis_os2.o
 .bss.Timer_Stack
                0x0000000020000560      0x400 ./Middlewares/Third_Party/FreeRTOS/Source/CMSIS_RTOS_V2/cmsis_os2.o
 .bss.xQueueRegistry
                0x0000000020000960       0x40 ./Middlewares/Third_Party/FreeRTOS/Source/queue.o
                0x0000000020000960                xQueueRegistry
 .bss.pxCurrentTCB
                0x00000000200009a0        0x4 ./Middlewares/Third_Party/FreeRTOS/Source/tasks.o
                0x00000000200009a0                pxCurrentTCB
 .bss.pxReadyTasksLists
                0x00000000200009a4      0x460 ./Middlewares/Third_Party/FreeRTOS/Source/tasks.o
 .bss.xDelayedTaskList1
                0x0000000020000e04       0x14 ./Middlewares/Third_Party/FreeRTOS/Source/tasks.o
 .bss.xDelayedTaskList2
                0x0000000020000e18       0x14 ./Middlewares/Third_Party/FreeRTOS/Source/tasks.o
 .bss.pxDelayedTaskList
                0x0000000020000e2c        0x4 ./Middlewares/Third_Party/FreeRTOS/Source/tasks.o
 .bss.pxOverflowDelayedTaskList
                0x0000000020000e30        0x4 ./Middlewares/Third_Party/FreeRTOS/Source/tasks.o
 .bss.xPendingReadyList
                0x0000000020000e34       0x14 ./Middlewares/Third_Party/FreeRTOS/Source/tasks.o
 .bss.xTasksWaitingTermination
                0x0000000020000e48       0x14 ./Middlewares/Third_Party/FreeRTOS/Source/tasks.o
 .bss.uxDeletedTasksWaitingCleanUp
                0x0000000020000e5c        0x4 ./Middlewares/Third_Party/FreeRTOS/Source/tasks.o
 .bss.xSuspendedTaskList
                0x0000000020000e60       0x14 ./Middlewares/Third_Party/FreeRTOS/Source/tasks.o
 .bss.uxCurrentNumberOfTasks
                0x0000000020000e74        0x4 ./Middlewares/Third_Party/FreeRTOS/Source/tasks.o
 .bss.xTickCount
                0x0000000020000e78        0x4 ./Middlewares/Third_Party/FreeRTOS/Source/tasks.o
 .bss.uxTopReadyPriority
                0x0000000020000e7c        0x4 ./Middlewares/Third_Party/FreeRTOS/Source/tasks.o
 .bss.xSchedulerRunning
                0x0000000020000e80        0x4 ./Middlewares/Third_Party/FreeRTOS/Source/tasks.o
 .bss.uxPendedTicks
                0x0000000020000e84        0x4 ./Middlewares/Third_Party/FreeRTOS/Source/tasks.o
 .bss.xYieldPending
                0x0000000020000e88        0x4 ./Middlewares/Third_Party/FreeRTOS/Source/tasks.o
 .bss.xNumOfOverflows
                0x0000000020000e8c        0x4 ./Middlewares/Third_Party/FreeRTOS/Source/tasks.o
 .bss.uxTaskNumber
                0x0000000020000e90        0x4 ./Middlewares/Third_Party/FreeRTOS/Source/tasks.o
 .bss.xNextTaskUnblockTime
                0x0000000020000e94        0x4 ./Middlewares/Third_Party/FreeRTOS/Source/tasks.o
 .bss.xIdleTaskHandle
                0x0000000020000e98        0x4 ./Middlewares/Third_Party/FreeRTOS/Source/tasks.o
 .bss.uxSchedulerSuspended
                0x0000000020000e9c        0x4 ./Middlewares/Third_Party/FreeRTOS/Source/tasks.o
 .bss.xActiveTimerList1
                0x0000000020000ea0       0x14 ./Middlewares/Third_Party/FreeRTOS/Source/timers.o
 .bss.xActiveTimerList2
                0x0000000020000eb4       0x14 ./Middlewares/Third_Party/FreeRTOS/Source/timers.o
 .bss.pxCurrentTimerList
                0x0000000020000ec8        0x4 ./Middlewares/Third_Party/FreeRTOS/Source/timers.o
 .bss.pxOverflowTimerList
                0x0000000020000ecc        0x4 ./Middlewares/Third_Party/FreeRTOS/Source/timers.o
 .bss.xTimerQueue
                0x0000000020000ed0        0x4 ./Middlewares/Third_Party/FreeRTOS/Source/timers.o
 .bss.xTimerTaskHandle
                0x0000000020000ed4        0x4 ./Middlewares/Third_Party/FreeRTOS/Source/timers.o
 .bss.xLastTime.2
                0x0000000020000ed8        0x4 ./Middlewares/Third_Party/FreeRTOS/Source/timers.o
 .bss.ucStaticTimerQueueStorage.1
                0x0000000020000edc       0xa0 ./Middlewares/Third_Party/FreeRTOS/Source/timers.o
 .bss.xStaticTimerQueue.0
                0x0000000020000f7c       0x50 ./Middlewares/Third_Party/FreeRTOS/Source/timers.o
 .bss.ucMaxSysCallPriority
                0x0000000020000fcc        0x1 ./Middlewares/Third_Party/FreeRTOS/Source/portable/GCC/ARM_CM4F/port.o
 *fill*         0x0000000020000fcd        0x3 
 .bss.ulMaxPRIGROUPValue
                0x0000000020000fd0        0x4 ./Middlewares/Third_Party/FreeRTOS/Source/portable/GCC/ARM_CM4F/port.o
 .bss.ucHeap    0x0000000020000fd4      0xc00 ./Middlewares/Third_Party/FreeRTOS/Source/portable/MemMang/heap_4.o
 .bss.xStart    0x0000000020001bd4        0x8 ./Middlewares/Third_Party/FreeRTOS/Source/portable/MemMang/heap_4.o
 .bss.pxEnd     0x0000000020001bdc        0x4 ./Middlewares/Third_Party/FreeRTOS/Source/portable/MemMang/heap_4.o
 .bss.xFreeBytesRemaining
                0x0000000020001be0        0x4 ./Middlewares/Third_Party/FreeRTOS/Source/portable/MemMang/heap_4.o
 .bss.xMinimumEverFreeBytesRemaining
                0x0000000020001be4        0x4 ./Middlewares/Third_Party/FreeRTOS/Source/portable/MemMang/heap_4.o
 .bss.xBlockAllocatedBit
                0x0000000020001be8        0x4 ./Middlewares/Third_Party/FreeRTOS/Source/portable/MemMang/heap_4.o
 .bss.__lock___malloc_recursive_mutex
                0x0000000020001bec        0x1 /Applications/STM32CubeIDE.app/Contents/Eclipse/plugins/com.st.stm32cube.ide.mcu.externaltools.gnu-tools-for-stm32.10.3-2021.10.macos64_1.0.200.202301161003/tools/bin/../lib/gcc/arm-none-eabi/10.3.1/../../../../arm-none-eabi/lib/thumb/v7e-m+fp/hard/libc_nano.a(lib_a-lock.o)
                0x0000000020001bec                __lock___malloc_recursive_mutex
 *fill*         0x0000000020001bed        0x3 
 .bss.__malloc_free_list
                0x0000000020001bf0        0x4 /Applications/STM32CubeIDE.app/Contents/Eclipse/plugins/com.st.stm32cube.ide.mcu.externaltools.gnu-tools-for-stm32.10.3-2021.10.macos64_1.0.200.202301161003/tools/bin/../lib/gcc/arm-none-eabi/10.3.1/../../../../arm-none-eabi/lib/thumb/v7e-m+fp/hard/libc_nano.a(lib_a-nano-mallocr.o)
                0x0000000020001bf0                __malloc_free_list
 *(COMMON)
                0x0000000020001bf4                . = ALIGN (0x4)
                0x0000000020001bf4                _ebss = .
                0x0000000020001bf4                __bss_end__ = _ebss

._user_heap_stack
                0x0000000020001bf4      0x604
                0x0000000020001bf8                . = ALIGN (0x8)
 *fill*         0x0000000020001bf4        0x4 
                [!provide]                        PROVIDE (end = .)
                0x0000000020001bf8                PROVIDE (_end = .)
                0x0000000020001df8                . = (. + _Min_Heap_Size)
 *fill*         0x0000000020001bf8      0x200 
                0x00000000200021f8                . = (. + _Min_Stack_Size)
 *fill*         0x0000000020001df8      0x400 
                0x00000000200021f8                . = ALIGN (0x8)

/DISCARD/
 libc.a(*)
 libm.a(*)
 libgcc.a(*)

.ARM.attributes
                0x0000000000000000       0x30
 *(.ARM.attributes)
 .ARM.attributes
                0x0000000000000000       0x1e /Applications/STM32CubeIDE.app/Contents/Eclipse/plugins/com.st.stm32cube.ide.mcu.externaltools.gnu-tools-for-stm32.10.3-2021.10.macos64_1.0.200.202301161003/tools/bin/../lib/gcc/arm-none-eabi/10.3.1/thumb/v7e-m+fp/hard/crti.o
 .ARM.attributes
                0x000000000000001e       0x34 /Applications/STM32CubeIDE.app/Contents/Eclipse/plugins/com.st.stm32cube.ide.mcu.externaltools.gnu-tools-for-stm32.10.3-2021.10.macos64_1.0.200.202301161003/tools/bin/../lib/gcc/arm-none-eabi/10.3.1/thumb/v7e-m+fp/hard/crtbegin.o
 .ARM.attributes
                0x0000000000000052       0x34 ./Core/Src/Seg_Driver.o
 .ARM.attributes
                0x0000000000000086       0x34 ./Core/Src/Taster_Treiber.o
 .ARM.attributes
                0x00000000000000ba       0x34 ./Core/Src/main.o
 .ARM.attributes
                0x00000000000000ee       0x34 ./Core/Src/stm32f3xx_hal_msp.o
 .ARM.attributes
                0x0000000000000122       0x34 ./Core/Src/stm32f3xx_hal_timebase_tim.o
 .ARM.attributes
                0x0000000000000156       0x34 ./Core/Src/stm32f3xx_it.o
 .ARM.attributes
                0x000000000000018a       0x34 ./Core/Src/system_stm32f3xx.o
 .ARM.attributes
                0x00000000000001be       0x21 ./Core/Startup/startup_stm32f303retx.o
 .ARM.attributes
                0x00000000000001df       0x34 ./Drivers/STM32F3xx_HAL_Driver/Src/stm32f3xx_hal.o
 .ARM.attributes
                0x0000000000000213       0x34 ./Drivers/STM32F3xx_HAL_Driver/Src/stm32f3xx_hal_cortex.o
 .ARM.attributes
                0x0000000000000247       0x34 ./Drivers/STM32F3xx_HAL_Driver/Src/stm32f3xx_hal_gpio.o
 .ARM.attributes
                0x000000000000027b       0x34 ./Drivers/STM32F3xx_HAL_Driver/Src/stm32f3xx_hal_rcc.o
 .ARM.attributes
                0x00000000000002af       0x34 ./Drivers/STM32F3xx_HAL_Driver/Src/stm32f3xx_hal_rcc_ex.o
 .ARM.attributes
                0x00000000000002e3       0x34 ./Drivers/STM32F3xx_HAL_Driver/Src/stm32f3xx_hal_tim.o
 .ARM.attributes
                0x0000000000000317       0x34 ./Drivers/STM32F3xx_HAL_Driver/Src/stm32f3xx_hal_tim_ex.o
 .ARM.attributes
                0x000000000000034b       0x34 ./Drivers/STM32F3xx_HAL_Driver/Src/stm32f3xx_hal_uart.o
 .ARM.attributes
                0x000000000000037f       0x34 ./Middlewares/Third_Party/FreeRTOS/Source/CMSIS_RTOS_V2/cmsis_os2.o
 .ARM.attributes
                0x00000000000003b3       0x34 ./Middlewares/Third_Party/FreeRTOS/Source/list.o
 .ARM.attributes
                0x00000000000003e7       0x34 ./Middlewares/Third_Party/FreeRTOS/Source/queue.o
 .ARM.attributes
                0x000000000000041b       0x34 ./Middlewares/Third_Party/FreeRTOS/Source/tasks.o
 .ARM.attributes
                0x000000000000044f       0x34 ./Middlewares/Third_Party/FreeRTOS/Source/timers.o
 .ARM.attributes
                0x0000000000000483       0x34 ./Middlewares/Third_Party/FreeRTOS/Source/portable/GCC/ARM_CM4F/port.o
 .ARM.attributes
                0x00000000000004b7       0x34 ./Middlewares/Third_Party/FreeRTOS/Source/portable/MemMang/heap_4.o
 .ARM.attributes
                0x00000000000004eb       0x34 /Applications/STM32CubeIDE.app/Contents/Eclipse/plugins/com.st.stm32cube.ide.mcu.externaltools.gnu-tools-for-stm32.10.3-2021.10.macos64_1.0.200.202301161003/tools/bin/../lib/gcc/arm-none-eabi/10.3.1/../../../../arm-none-eabi/lib/thumb/v7e-m+fp/hard/libc_nano.a(lib_a-findfp.o)
 .ARM.attributes
                0x000000000000051f       0x34 /Applications/STM32CubeIDE.app/Contents/Eclipse/plugins/com.st.stm32cube.ide.mcu.externaltools.gnu-tools-for-stm32.10.3-2021.10.macos64_1.0.200.202301161003/tools/bin/../lib/gcc/arm-none-eabi/10.3.1/../../../../arm-none-eabi/lib/thumb/v7e-m+fp/hard/libc_nano.a(lib_a-impure.o)
 .ARM.attributes
                0x0000000000000553       0x34 /Applications/STM32CubeIDE.app/Contents/Eclipse/plugins/com.st.stm32cube.ide.mcu.externaltools.gnu-tools-for-stm32.10.3-2021.10.macos64_1.0.200.202301161003/tools/bin/../lib/gcc/arm-none-eabi/10.3.1/../../../../arm-none-eabi/lib/thumb/v7e-m+fp/hard/libc_nano.a(lib_a-init.o)
 .ARM.attributes
                0x0000000000000587       0x34 /Applications/STM32CubeIDE.app/Contents/Eclipse/plugins/com.st.stm32cube.ide.mcu.externaltools.gnu-tools-for-stm32.10.3-2021.10.macos64_1.0.200.202301161003/tools/bin/../lib/gcc/arm-none-eabi/10.3.1/../../../../arm-none-eabi/lib/thumb/v7e-m+fp/hard/libc_nano.a(lib_a-lock.o)
 .ARM.attributes
                0x00000000000005bb       0x34 /Applications/STM32CubeIDE.app/Contents/Eclipse/plugins/com.st.stm32cube.ide.mcu.externaltools.gnu-tools-for-stm32.10.3-2021.10.macos64_1.0.200.202301161003/tools/bin/../lib/gcc/arm-none-eabi/10.3.1/../../../../arm-none-eabi/lib/thumb/v7e-m+fp/hard/libc_nano.a(lib_a-memcpy-stub.o)
 .ARM.attributes
                0x00000000000005ef       0x34 /Applications/STM32CubeIDE.app/Contents/Eclipse/plugins/com.st.stm32cube.ide.mcu.externaltools.gnu-tools-for-stm32.10.3-2021.10.macos64_1.0.200.202301161003/tools/bin/../lib/gcc/arm-none-eabi/10.3.1/../../../../arm-none-eabi/lib/thumb/v7e-m+fp/hard/libc_nano.a(lib_a-memset.o)
 .ARM.attributes
                0x0000000000000623       0x34 /Applications/STM32CubeIDE.app/Contents/Eclipse/plugins/com.st.stm32cube.ide.mcu.externaltools.gnu-tools-for-stm32.10.3-2021.10.macos64_1.0.200.202301161003/tools/bin/../lib/gcc/arm-none-eabi/10.3.1/../../../../arm-none-eabi/lib/thumb/v7e-m+fp/hard/libc_nano.a(lib_a-nano-mallocr.o)
 .ARM.attributes
                0x0000000000000657       0x34 /Applications/STM32CubeIDE.app/Contents/Eclipse/plugins/com.st.stm32cube.ide.mcu.externaltools.gnu-tools-for-stm32.10.3-2021.10.macos64_1.0.200.202301161003/tools/bin/../lib/gcc/arm-none-eabi/10.3.1/../../../../arm-none-eabi/lib/thumb/v7e-m+fp/hard/libc_nano.a(lib_a-reent.o)
 .ARM.attributes
                0x000000000000068b       0x34 /Applications/STM32CubeIDE.app/Contents/Eclipse/plugins/com.st.stm32cube.ide.mcu.externaltools.gnu-tools-for-stm32.10.3-2021.10.macos64_1.0.200.202301161003/tools/bin/../lib/gcc/arm-none-eabi/10.3.1/../../../../arm-none-eabi/lib/thumb/v7e-m+fp/hard/libc_nano.a(lib_a-mlock.o)
 .ARM.attributes
                0x00000000000006bf       0x34 /Applications/STM32CubeIDE.app/Contents/Eclipse/plugins/com.st.stm32cube.ide.mcu.externaltools.gnu-tools-for-stm32.10.3-2021.10.macos64_1.0.200.202301161003/tools/bin/../lib/gcc/arm-none-eabi/10.3.1/../../../../arm-none-eabi/lib/thumb/v7e-m+fp/hard/libc_nano.a(lib_a-nano-freer.o)
 .ARM.attributes
                0x00000000000006f3       0x1e /Applications/STM32CubeIDE.app/Contents/Eclipse/plugins/com.st.stm32cube.ide.mcu.externaltools.gnu-tools-for-stm32.10.3-2021.10.macos64_1.0.200.202301161003/tools/bin/../lib/gcc/arm-none-eabi/10.3.1/thumb/v7e-m+fp/hard/crtn.o
OUTPUT(m242-project.elf elf32-littlearm)
LOAD linker stubs
LOAD /Applications/STM32CubeIDE.app/Contents/Eclipse/plugins/com.st.stm32cube.ide.mcu.externaltools.gnu-tools-for-stm32.10.3-2021.10.macos64_1.0.200.202301161003/tools/bin/../lib/gcc/arm-none-eabi/10.3.1/../../../../arm-none-eabi/lib/thumb/v7e-m+fp/hard/libc.a
LOAD /Applications/STM32CubeIDE.app/Contents/Eclipse/plugins/com.st.stm32cube.ide.mcu.externaltools.gnu-tools-for-stm32.10.3-2021.10.macos64_1.0.200.202301161003/tools/bin/../lib/gcc/arm-none-eabi/10.3.1/../../../../arm-none-eabi/lib/thumb/v7e-m+fp/hard/libm.a
LOAD /Applications/STM32CubeIDE.app/Contents/Eclipse/plugins/com.st.stm32cube.ide.mcu.externaltools.gnu-tools-for-stm32.10.3-2021.10.macos64_1.0.200.202301161003/tools/bin/../lib/gcc/arm-none-eabi/10.3.1/thumb/v7e-m+fp/hard/libgcc.a

.debug_info     0x0000000000000000    0x1ace4
 .debug_info    0x0000000000000000      0x375 ./Core/Src/Seg_Driver.o
 .debug_info    0x0000000000000375      0x2a5 ./Core/Src/Taster_Treiber.o
 .debug_info    0x000000000000061a     0x1762 ./Core/Src/main.o
 .debug_info    0x0000000000001d7c      0xfa0 ./Core/Src/stm32f3xx_hal_msp.o
 .debug_info    0x0000000000002d1c      0xb20 ./Core/Src/stm32f3xx_hal_timebase_tim.o
 .debug_info    0x000000000000383c      0x714 ./Core/Src/stm32f3xx_it.o
 .debug_info    0x0000000000003f50      0x416 ./Core/Src/system_stm32f3xx.o
 .debug_info    0x0000000000004366       0x22 ./Core/Startup/startup_stm32f303retx.o
 .debug_info    0x0000000000004388      0x837 ./Drivers/STM32F3xx_HAL_Driver/Src/stm32f3xx_hal.o
 .debug_info    0x0000000000004bbf      0xdb5 ./Drivers/STM32F3xx_HAL_Driver/Src/stm32f3xx_hal_cortex.o
 .debug_info    0x0000000000005974      0x74e ./Drivers/STM32F3xx_HAL_Driver/Src/stm32f3xx_hal_gpio.o
 .debug_info    0x00000000000060c2     0x1596 ./Drivers/STM32F3xx_HAL_Driver/Src/stm32f3xx_hal_rcc.o
 .debug_info    0x0000000000007658      0x68a ./Drivers/STM32F3xx_HAL_Driver/Src/stm32f3xx_hal_rcc_ex.o
 .debug_info    0x0000000000007ce2     0x2cdb ./Drivers/STM32F3xx_HAL_Driver/Src/stm32f3xx_hal_tim.o
 .debug_info    0x000000000000a9bd     0x16a8 ./Drivers/STM32F3xx_HAL_Driver/Src/stm32f3xx_hal_tim_ex.o
 .debug_info    0x000000000000c065     0x3bf8 ./Drivers/STM32F3xx_HAL_Driver/Src/stm32f3xx_hal_uart.o
 .debug_info    0x000000000000fc5d     0x4300 ./Middlewares/Third_Party/FreeRTOS/Source/CMSIS_RTOS_V2/cmsis_os2.o
 .debug_info    0x0000000000013f5d      0x2cb ./Middlewares/Third_Party/FreeRTOS/Source/list.o
 .debug_info    0x0000000000014228     0x1bf9 ./Middlewares/Third_Party/FreeRTOS/Source/queue.o
 .debug_info    0x0000000000015e21     0x2a28 ./Middlewares/Third_Party/FreeRTOS/Source/tasks.o
 .debug_info    0x0000000000018849     0x1bac ./Middlewares/Third_Party/FreeRTOS/Source/timers.o
 .debug_info    0x000000000001a3f5      0x507 ./Middlewares/Third_Party/FreeRTOS/Source/portable/GCC/ARM_CM4F/port.o
 .debug_info    0x000000000001a8fc      0x3e8 ./Middlewares/Third_Party/FreeRTOS/Source/portable/MemMang/heap_4.o

.debug_abbrev   0x0000000000000000     0x3452
 .debug_abbrev  0x0000000000000000      0x186 ./Core/Src/Seg_Driver.o
 .debug_abbrev  0x0000000000000186      0x14b ./Core/Src/Taster_Treiber.o
 .debug_abbrev  0x00000000000002d1      0x30a ./Core/Src/main.o
 .debug_abbrev  0x00000000000005db      0x1b7 ./Core/Src/stm32f3xx_hal_msp.o
 .debug_abbrev  0x0000000000000792      0x1e6 ./Core/Src/stm32f3xx_hal_timebase_tim.o
 .debug_abbrev  0x0000000000000978      0x171 ./Core/Src/stm32f3xx_it.o
 .debug_abbrev  0x0000000000000ae9      0x116 ./Core/Src/system_stm32f3xx.o
 .debug_abbrev  0x0000000000000bff       0x12 ./Core/Startup/startup_stm32f303retx.o
 .debug_abbrev  0x0000000000000c11      0x20e ./Drivers/STM32F3xx_HAL_Driver/Src/stm32f3xx_hal.o
 .debug_abbrev  0x0000000000000e1f      0x316 ./Drivers/STM32F3xx_HAL_Driver/Src/stm32f3xx_hal_cortex.o
 .debug_abbrev  0x0000000000001135      0x1bb ./Drivers/STM32F3xx_HAL_Driver/Src/stm32f3xx_hal_gpio.o
 .debug_abbrev  0x00000000000012f0      0x2f9 ./Drivers/STM32F3xx_HAL_Driver/Src/stm32f3xx_hal_rcc.o
 .debug_abbrev  0x00000000000015e9      0x240 ./Drivers/STM32F3xx_HAL_Driver/Src/stm32f3xx_hal_rcc_ex.o
 .debug_abbrev  0x0000000000001829      0x264 ./Drivers/STM32F3xx_HAL_Driver/Src/stm32f3xx_hal_tim.o
 .debug_abbrev  0x0000000000001a8d      0x26c ./Drivers/STM32F3xx_HAL_Driver/Src/stm32f3xx_hal_tim_ex.o
 .debug_abbrev  0x0000000000001cf9      0x2bc ./Drivers/STM32F3xx_HAL_Driver/Src/stm32f3xx_hal_uart.o
 .debug_abbrev  0x0000000000001fb5      0x446 ./Middlewares/Third_Party/FreeRTOS/Source/CMSIS_RTOS_V2/cmsis_os2.o
 .debug_abbrev  0x00000000000023fb       0xf2 ./Middlewares/Third_Party/FreeRTOS/Source/list.o
 .debug_abbrev  0x00000000000024ed      0x3ba ./Middlewares/Third_Party/FreeRTOS/Source/queue.o
 .debug_abbrev  0x00000000000028a7      0x3f3 ./Middlewares/Third_Party/FreeRTOS/Source/tasks.o
 .debug_abbrev  0x0000000000002c9a      0x360 ./Middlewares/Third_Party/FreeRTOS/Source/timers.o
 .debug_abbrev  0x0000000000002ffa      0x259 ./Middlewares/Third_Party/FreeRTOS/Source/portable/GCC/ARM_CM4F/port.o
 .debug_abbrev  0x0000000000003253      0x1ff ./Middlewares/Third_Party/FreeRTOS/Source/portable/MemMang/heap_4.o

.debug_aranges  0x0000000000000000     0x13e0
 .debug_aranges
                0x0000000000000000       0x38 ./Core/Src/Seg_Driver.o
 .debug_aranges
                0x0000000000000038       0x28 ./Core/Src/Taster_Treiber.o
 .debug_aranges
                0x0000000000000060       0x70 ./Core/Src/main.o
 .debug_aranges
                0x00000000000000d0       0x40 ./Core/Src/stm32f3xx_hal_msp.o
 .debug_aranges
                0x0000000000000110       0x30 ./Core/Src/stm32f3xx_hal_timebase_tim.o
 .debug_aranges
                0x0000000000000140       0x58 ./Core/Src/stm32f3xx_it.o
 .debug_aranges
                0x0000000000000198       0x28 ./Core/Src/system_stm32f3xx.o
 .debug_aranges
                0x00000000000001c0       0x28 ./Core/Startup/startup_stm32f303retx.o
 .debug_aranges
                0x00000000000001e8       0xe0 ./Drivers/STM32F3xx_HAL_Driver/Src/stm32f3xx_hal.o
 .debug_aranges
                0x00000000000002c8      0x118 ./Drivers/STM32F3xx_HAL_Driver/Src/stm32f3xx_hal_cortex.o
 .debug_aranges
                0x00000000000003e0       0x58 ./Drivers/STM32F3xx_HAL_Driver/Src/stm32f3xx_hal_gpio.o
 .debug_aranges
                0x0000000000000438       0x88 ./Drivers/STM32F3xx_HAL_Driver/Src/stm32f3xx_hal_rcc.o
 .debug_aranges
                0x00000000000004c0       0x38 ./Drivers/STM32F3xx_HAL_Driver/Src/stm32f3xx_hal_rcc_ex.o
 .debug_aranges
                0x00000000000004f8      0x3e0 ./Drivers/STM32F3xx_HAL_Driver/Src/stm32f3xx_hal_tim.o
 .debug_aranges
                0x00000000000008d8      0x178 ./Drivers/STM32F3xx_HAL_Driver/Src/stm32f3xx_hal_tim_ex.o
 .debug_aranges
                0x0000000000000a50      0x228 ./Drivers/STM32F3xx_HAL_Driver/Src/stm32f3xx_hal_uart.o
 .debug_aranges
                0x0000000000000c78      0x228 ./Middlewares/Third_Party/FreeRTOS/Source/CMSIS_RTOS_V2/cmsis_os2.o
 .debug_aranges
                0x0000000000000ea0       0x40 ./Middlewares/Third_Party/FreeRTOS/Source/list.o
 .debug_aranges
                0x0000000000000ee0      0x158 ./Middlewares/Third_Party/FreeRTOS/Source/queue.o
 .debug_aranges
                0x0000000000001038      0x1f8 ./Middlewares/Third_Party/FreeRTOS/Source/tasks.o
 .debug_aranges
                0x0000000000001230       0xe0 ./Middlewares/Third_Party/FreeRTOS/Source/timers.o
 .debug_aranges
                0x0000000000001310       0x80 ./Middlewares/Third_Party/FreeRTOS/Source/portable/GCC/ARM_CM4F/port.o
 .debug_aranges
                0x0000000000001390       0x50 ./Middlewares/Third_Party/FreeRTOS/Source/portable/MemMang/heap_4.o

.debug_ranges   0x0000000000000000     0x12a8
 .debug_ranges  0x0000000000000000       0x28 ./Core/Src/Seg_Driver.o
 .debug_ranges  0x0000000000000028       0x18 ./Core/Src/Taster_Treiber.o
 .debug_ranges  0x0000000000000040       0x60 ./Core/Src/main.o
 .debug_ranges  0x00000000000000a0       0x30 ./Core/Src/stm32f3xx_hal_msp.o
 .debug_ranges  0x00000000000000d0       0x20 ./Core/Src/stm32f3xx_hal_timebase_tim.o
 .debug_ranges  0x00000000000000f0       0x48 ./Core/Src/stm32f3xx_it.o
 .debug_ranges  0x0000000000000138       0x18 ./Core/Src/system_stm32f3xx.o
 .debug_ranges  0x0000000000000150       0x20 ./Core/Startup/startup_stm32f303retx.o
 .debug_ranges  0x0000000000000170       0xd0 ./Drivers/STM32F3xx_HAL_Driver/Src/stm32f3xx_hal.o
 .debug_ranges  0x0000000000000240      0x108 ./Drivers/STM32F3xx_HAL_Driver/Src/stm32f3xx_hal_cortex.o
 .debug_ranges  0x0000000000000348       0x48 ./Drivers/STM32F3xx_HAL_Driver/Src/stm32f3xx_hal_gpio.o
 .debug_ranges  0x0000000000000390       0x78 ./Drivers/STM32F3xx_HAL_Driver/Src/stm32f3xx_hal_rcc.o
 .debug_ranges  0x0000000000000408       0x28 ./Drivers/STM32F3xx_HAL_Driver/Src/stm32f3xx_hal_rcc_ex.o
 .debug_ranges  0x0000000000000430      0x3d0 ./Drivers/STM32F3xx_HAL_Driver/Src/stm32f3xx_hal_tim.o
 .debug_ranges  0x0000000000000800      0x168 ./Drivers/STM32F3xx_HAL_Driver/Src/stm32f3xx_hal_tim_ex.o
 .debug_ranges  0x0000000000000968      0x248 ./Drivers/STM32F3xx_HAL_Driver/Src/stm32f3xx_hal_uart.o
 .debug_ranges  0x0000000000000bb0      0x218 ./Middlewares/Third_Party/FreeRTOS/Source/CMSIS_RTOS_V2/cmsis_os2.o
 .debug_ranges  0x0000000000000dc8       0x30 ./Middlewares/Third_Party/FreeRTOS/Source/list.o
 .debug_ranges  0x0000000000000df8      0x148 ./Middlewares/Third_Party/FreeRTOS/Source/queue.o
 .debug_ranges  0x0000000000000f40      0x1e8 ./Middlewares/Third_Party/FreeRTOS/Source/tasks.o
 .debug_ranges  0x0000000000001128       0xd0 ./Middlewares/Third_Party/FreeRTOS/Source/timers.o
 .debug_ranges  0x00000000000011f8       0x70 ./Middlewares/Third_Party/FreeRTOS/Source/portable/GCC/ARM_CM4F/port.o
 .debug_ranges  0x0000000000001268       0x40 ./Middlewares/Third_Party/FreeRTOS/Source/portable/MemMang/heap_4.o

.debug_macro    0x0000000000000000     0x3249
 .debug_macro   0x0000000000000000      0x305 ./Core/Src/Seg_Driver.o
 .debug_macro   0x0000000000000305       0x58 ./Core/Src/Seg_Driver.o
 .debug_macro   0x000000000000035d      0x30e ./Core/Src/Taster_Treiber.o
 .debug_macro   0x000000000000066b       0x16 ./Core/Src/Taster_Treiber.o
 .debug_macro   0x0000000000000681      0x320 ./Core/Src/main.o
 .debug_macro   0x00000000000009a1       0x1c ./Core/Src/main.o
 .debug_macro   0x00000000000009bd       0x5e ./Core/Src/main.o
 .debug_macro   0x0000000000000a1b      0x1e6 ./Core/Src/stm32f3xx_hal_msp.o
 .debug_macro   0x0000000000000c01      0x1d7 ./Core/Src/stm32f3xx_hal_timebase_tim.o
 .debug_macro   0x0000000000000dd8      0x1f0 ./Core/Src/stm32f3xx_it.o
 .debug_macro   0x0000000000000fc8      0x1d7 ./Core/Src/system_stm32f3xx.o
 .debug_macro   0x000000000000119f      0x1fb ./Drivers/STM32F3xx_HAL_Driver/Src/stm32f3xx_hal.o
 .debug_macro   0x000000000000139a      0x1d7 ./Drivers/STM32F3xx_HAL_Driver/Src/stm32f3xx_hal_cortex.o
 .debug_macro   0x0000000000001571      0x1de ./Drivers/STM32F3xx_HAL_Driver/Src/stm32f3xx_hal_gpio.o
 .debug_macro   0x000000000000174f      0x1fb ./Drivers/STM32F3xx_HAL_Driver/Src/stm32f3xx_hal_rcc.o
 .debug_macro   0x000000000000194a      0x1d7 ./Drivers/STM32F3xx_HAL_Driver/Src/stm32f3xx_hal_rcc_ex.o
 .debug_macro   0x0000000000001b21      0x1d8 ./Drivers/STM32F3xx_HAL_Driver/Src/stm32f3xx_hal_tim.o
 .debug_macro   0x0000000000001cf9      0x1d7 ./Drivers/STM32F3xx_HAL_Driver/Src/stm32f3xx_hal_tim_ex.o
 .debug_macro   0x0000000000001ed0      0x1f4 ./Drivers/STM32F3xx_HAL_Driver/Src/stm32f3xx_hal_uart.o
 .debug_macro   0x00000000000020c4      0x259 ./Middlewares/Third_Party/FreeRTOS/Source/CMSIS_RTOS_V2/cmsis_os2.o
 .debug_macro   0x000000000000231d       0x10 ./Middlewares/Third_Party/FreeRTOS/Source/CMSIS_RTOS_V2/cmsis_os2.o
 .debug_macro   0x000000000000232d       0x20 ./Middlewares/Third_Party/FreeRTOS/Source/CMSIS_RTOS_V2/cmsis_os2.o
 .debug_macro   0x000000000000234d       0x10 ./Middlewares/Third_Party/FreeRTOS/Source/CMSIS_RTOS_V2/cmsis_os2.o
 .debug_macro   0x000000000000235d       0xd3 ./Middlewares/Third_Party/FreeRTOS/Source/CMSIS_RTOS_V2/cmsis_os2.o
 .debug_macro   0x0000000000002430       0x16 ./Middlewares/Third_Party/FreeRTOS/Source/CMSIS_RTOS_V2/cmsis_os2.o
 .debug_macro   0x0000000000002446       0x91 ./Middlewares/Third_Party/FreeRTOS/Source/CMSIS_RTOS_V2/cmsis_os2.o
 .debug_macro   0x00000000000024d7       0x8d ./Middlewares/Third_Party/FreeRTOS/Source/CMSIS_RTOS_V2/cmsis_os2.o
 .debug_macro   0x0000000000002564       0x9a ./Middlewares/Third_Party/FreeRTOS/Source/CMSIS_RTOS_V2/cmsis_os2.o
 .debug_macro   0x00000000000025fe      0x199 ./Middlewares/Third_Party/FreeRTOS/Source/list.o
 .debug_macro   0x0000000000002797      0x224 ./Middlewares/Third_Party/FreeRTOS/Source/queue.o
 .debug_macro   0x00000000000029bb       0x16 ./Middlewares/Third_Party/FreeRTOS/Source/queue.o
 .debug_macro   0x00000000000029d1      0x299 ./Middlewares/Third_Party/FreeRTOS/Source/tasks.o
 .debug_macro   0x0000000000002c6a       0x10 ./Middlewares/Third_Party/FreeRTOS/Source/tasks.o
 .debug_macro   0x0000000000002c7a      0x1dc ./Middlewares/Third_Party/FreeRTOS/Source/timers.o
 .debug_macro   0x0000000000002e56      0x233 ./Middlewares/Third_Party/FreeRTOS/Source/portable/GCC/ARM_CM4F/port.o
 .debug_macro   0x0000000000003089      0x1c0 ./Middlewares/Third_Party/FreeRTOS/Source/portable/MemMang/heap_4.o

.debug_line     0x0000000000000000    0x18df5
 .debug_line    0x0000000000000000      0xb05 ./Core/Src/Seg_Driver.o
 .debug_line    0x0000000000000b05      0xa18 ./Core/Src/Taster_Treiber.o
 .debug_line    0x000000000000151d      0xc21 ./Core/Src/main.o
 .debug_line    0x000000000000213e      0x7a3 ./Core/Src/stm32f3xx_hal_msp.o
 .debug_line    0x00000000000028e1      0x788 ./Core/Src/stm32f3xx_hal_timebase_tim.o
 .debug_line    0x0000000000003069      0x7cf ./Core/Src/stm32f3xx_it.o
 .debug_line    0x0000000000003838      0x796 ./Core/Src/system_stm32f3xx.o
 .debug_line    0x0000000000003fce       0x88 ./Core/Startup/startup_stm32f303retx.o
 .debug_line    0x0000000000004056      0x9c6 ./Drivers/STM32F3xx_HAL_Driver/Src/stm32f3xx_hal.o
 .debug_line    0x0000000000004a1c      0xc8b ./Drivers/STM32F3xx_HAL_Driver/Src/stm32f3xx_hal_cortex.o
 .debug_line    0x00000000000056a7      0xb4d ./Drivers/STM32F3xx_HAL_Driver/Src/stm32f3xx_hal_gpio.o
 .debug_line    0x00000000000061f4     0x13bb ./Drivers/STM32F3xx_HAL_Driver/Src/stm32f3xx_hal_rcc.o
 .debug_line    0x00000000000075af      0xee1 ./Drivers/STM32F3xx_HAL_Driver/Src/stm32f3xx_hal_rcc_ex.o
 .debug_line    0x0000000000008490     0x3dfc ./Drivers/STM32F3xx_HAL_Driver/Src/stm32f3xx_hal_tim.o
 .debug_line    0x000000000000c28c     0x1af1 ./Drivers/STM32F3xx_HAL_Driver/Src/stm32f3xx_hal_tim_ex.o
 .debug_line    0x000000000000dd7d     0x310b ./Drivers/STM32F3xx_HAL_Driver/Src/stm32f3xx_hal_uart.o
 .debug_line    0x0000000000010e88     0x2499 ./Middlewares/Third_Party/FreeRTOS/Source/CMSIS_RTOS_V2/cmsis_os2.o
 .debug_line    0x0000000000013321      0x749 ./Middlewares/Third_Party/FreeRTOS/Source/list.o
 .debug_line    0x0000000000013a6a     0x170c ./Middlewares/Third_Party/FreeRTOS/Source/queue.o
 .debug_line    0x0000000000015176     0x1d88 ./Middlewares/Third_Party/FreeRTOS/Source/tasks.o
 .debug_line    0x0000000000016efe      0xcdc ./Middlewares/Third_Party/FreeRTOS/Source/timers.o
 .debug_line    0x0000000000017bda      0x910 ./Middlewares/Third_Party/FreeRTOS/Source/portable/GCC/ARM_CM4F/port.o
 .debug_line    0x00000000000184ea      0x90b ./Middlewares/Third_Party/FreeRTOS/Source/portable/MemMang/heap_4.o

.debug_str      0x0000000000000000    0xd3924
 .debug_str     0x0000000000000000    0xc7c5b ./Core/Src/Seg_Driver.o
                                      0xc832b (size before relaxing)
 .debug_str     0x00000000000c7c5b      0x16f ./Core/Src/Taster_Treiber.o
                                      0xc81a7 (size before relaxing)
 .debug_str     0x00000000000c7dca     0x122c ./Core/Src/main.o
                                      0xc9704 (size before relaxing)
 .debug_str     0x00000000000c8ff6      0x449 ./Core/Src/stm32f3xx_hal_msp.o
                                      0xc3cb1 (size before relaxing)
 .debug_str     0x00000000000c943f       0xe5 ./Core/Src/stm32f3xx_hal_timebase_tim.o
                                      0xc37a9 (size before relaxing)
 .debug_str     0x00000000000c9524       0xb5 ./Core/Src/stm32f3xx_it.o
                                      0xc34d9 (size before relaxing)
 .debug_str     0x00000000000c95d9       0xe9 ./Core/Src/system_stm32f3xx.o
                                      0xc2d4c (size before relaxing)
 .debug_str     0x00000000000c96c2       0x36 ./Core/Startup/startup_stm32f303retx.o
                                         0x7c (size before relaxing)
 .debug_str     0x00000000000c96f8      0x35d ./Drivers/STM32F3xx_HAL_Driver/Src/stm32f3xx_hal.o
                                      0xc35f5 (size before relaxing)
 .debug_str     0x00000000000c9a55      0x335 ./Drivers/STM32F3xx_HAL_Driver/Src/stm32f3xx_hal_cortex.o
                                      0xc3647 (size before relaxing)
 .debug_str     0x00000000000c9d8a      0x161 ./Drivers/STM32F3xx_HAL_Driver/Src/stm32f3xx_hal_gpio.o
                                      0xc2f31 (size before relaxing)
 .debug_str     0x00000000000c9eeb      0x2a0 ./Drivers/STM32F3xx_HAL_Driver/Src/stm32f3xx_hal_rcc.o
                                      0xc31f0 (size before relaxing)
 .debug_str     0x00000000000ca18b       0xbe ./Drivers/STM32F3xx_HAL_Driver/Src/stm32f3xx_hal_rcc_ex.o
                                      0xc303a (size before relaxing)
 .debug_str     0x00000000000ca249      0xe0d ./Drivers/STM32F3xx_HAL_Driver/Src/stm32f3xx_hal_tim.o
                                      0xc4173 (size before relaxing)
 .debug_str     0x00000000000cb056      0x4dc ./Drivers/STM32F3xx_HAL_Driver/Src/stm32f3xx_hal_tim_ex.o
                                      0xc39c9 (size before relaxing)
 .debug_str     0x00000000000cb532      0x88e ./Drivers/STM32F3xx_HAL_Driver/Src/stm32f3xx_hal_uart.o
                                      0xc3a6f (size before relaxing)
 .debug_str     0x00000000000cbdc0     0x5107 ./Middlewares/Third_Party/FreeRTOS/Source/CMSIS_RTOS_V2/cmsis_os2.o
                                       0xe71d (size before relaxing)
 .debug_str     0x00000000000d0ec7      0x21b ./Middlewares/Third_Party/FreeRTOS/Source/list.o
                                       0xa2b0 (size before relaxing)
 .debug_str     0x00000000000d10e2      0x86c ./Middlewares/Third_Party/FreeRTOS/Source/queue.o
                                       0xbcaa (size before relaxing)
 .debug_str     0x00000000000d194e     0x1104 ./Middlewares/Third_Party/FreeRTOS/Source/tasks.o
                                       0xcbd4 (size before relaxing)
 .debug_str     0x00000000000d2a52      0x515 ./Middlewares/Third_Party/FreeRTOS/Source/timers.o
                                       0xc4dd (size before relaxing)
 .debug_str     0x00000000000d2f67      0x783 ./Middlewares/Third_Party/FreeRTOS/Source/portable/GCC/ARM_CM4F/port.o
                                       0x9afa (size before relaxing)
 .debug_str     0x00000000000d36ea      0x23a ./Middlewares/Third_Party/FreeRTOS/Source/portable/MemMang/heap_4.o
                                       0xa9fd (size before relaxing)

.comment        0x0000000000000000       0x50
 .comment       0x0000000000000000       0x50 ./Core/Src/Seg_Driver.o
                                         0x51 (size before relaxing)
 .comment       0x0000000000000050       0x51 ./Core/Src/Taster_Treiber.o
 .comment       0x0000000000000050       0x51 ./Core/Src/main.o
 .comment       0x0000000000000050       0x51 ./Core/Src/stm32f3xx_hal_msp.o
 .comment       0x0000000000000050       0x51 ./Core/Src/stm32f3xx_hal_timebase_tim.o
 .comment       0x0000000000000050       0x51 ./Core/Src/stm32f3xx_it.o
 .comment       0x0000000000000050       0x51 ./Core/Src/system_stm32f3xx.o
 .comment       0x0000000000000050       0x51 ./Drivers/STM32F3xx_HAL_Driver/Src/stm32f3xx_hal.o
 .comment       0x0000000000000050       0x51 ./Drivers/STM32F3xx_HAL_Driver/Src/stm32f3xx_hal_cortex.o
 .comment       0x0000000000000050       0x51 ./Drivers/STM32F3xx_HAL_Driver/Src/stm32f3xx_hal_gpio.o
 .comment       0x0000000000000050       0x51 ./Drivers/STM32F3xx_HAL_Driver/Src/stm32f3xx_hal_rcc.o
 .comment       0x0000000000000050       0x51 ./Drivers/STM32F3xx_HAL_Driver/Src/stm32f3xx_hal_rcc_ex.o
 .comment       0x0000000000000050       0x51 ./Drivers/STM32F3xx_HAL_Driver/Src/stm32f3xx_hal_tim.o
 .comment       0x0000000000000050       0x51 ./Drivers/STM32F3xx_HAL_Driver/Src/stm32f3xx_hal_tim_ex.o
 .comment       0x0000000000000050       0x51 ./Drivers/STM32F3xx_HAL_Driver/Src/stm32f3xx_hal_uart.o
 .comment       0x0000000000000050       0x51 ./Middlewares/Third_Party/FreeRTOS/Source/CMSIS_RTOS_V2/cmsis_os2.o
 .comment       0x0000000000000050       0x51 ./Middlewares/Third_Party/FreeRTOS/Source/list.o
 .comment       0x0000000000000050       0x51 ./Middlewares/Third_Party/FreeRTOS/Source/queue.o
 .comment       0x0000000000000050       0x51 ./Middlewares/Third_Party/FreeRTOS/Source/tasks.o
 .comment       0x0000000000000050       0x51 ./Middlewares/Third_Party/FreeRTOS/Source/timers.o
 .comment       0x0000000000000050       0x51 ./Middlewares/Third_Party/FreeRTOS/Source/portable/GCC/ARM_CM4F/port.o
 .comment       0x0000000000000050       0x51 ./Middlewares/Third_Party/FreeRTOS/Source/portable/MemMang/heap_4.o

.debug_frame    0x0000000000000000     0x561c
 .debug_frame   0x0000000000000000       0x9c ./Core/Src/Seg_Driver.o
 .debug_frame   0x000000000000009c       0x58 ./Core/Src/Taster_Treiber.o
 .debug_frame   0x00000000000000f4      0x180 ./Core/Src/main.o
 .debug_frame   0x0000000000000274       0xc4 ./Core/Src/stm32f3xx_hal_msp.o
 .debug_frame   0x0000000000000338       0x74 ./Core/Src/stm32f3xx_hal_timebase_tim.o
 .debug_frame   0x00000000000003ac       0xe0 ./Core/Src/stm32f3xx_it.o
 .debug_frame   0x000000000000048c       0x58 ./Core/Src/system_stm32f3xx.o
 .debug_frame   0x00000000000004e4      0x334 ./Drivers/STM32F3xx_HAL_Driver/Src/stm32f3xx_hal.o
 .debug_frame   0x0000000000000818      0x498 ./Drivers/STM32F3xx_HAL_Driver/Src/stm32f3xx_hal_cortex.o
 .debug_frame   0x0000000000000cb0      0x14c ./Drivers/STM32F3xx_HAL_Driver/Src/stm32f3xx_hal_gpio.o